=== RUN   TestAccMappingRuleResource
=== PAUSE TestAccMappingRuleResource
=== CONT  TestAccMappingRuleResource
2025-06-26T20:42:53.901-0700 [TRACE] sdk.helper_resource: Validating TestCase: test_name=TestAccMappingRuleResource
2025-06-26T20:42:53.901-0700 [TRACE] sdk.helper_resource: Validating TestStep: test_name=TestAccMappingRuleResource test_step_number=1
2025-06-26T20:42:53.901-0700 [TRACE] sdk.helper_resource: Validating TestStep: test_name=TestAccMappingRuleResource test_step_number=2
2025-06-26T20:42:53.901-0700 [TRACE] sdk.helper_resource: Validating TestStep: test_name=TestAccMappingRuleResource test_step_number=3
2025-06-26T20:42:53.901-0700 [TRACE] sdk.helper_resource: Validating TestStep: test_name=TestAccMappingRuleResource test_step_number=4
2025-06-26T20:42:53.901-0700 [DEBUG] sdk.helper_resource: Starting TestCase: test_name=TestAccMappingRuleResource
2025-06-26T20:42:53.901-0700 [DEBUG] sdk.helper_resource: Calling TestCase PreCheck: test_name=TestAccMappingRuleResource
2025-06-26T20:42:53.901-0700 [DEBUG] sdk.helper_resource: Called TestCase PreCheck: test_name=TestAccMappingRuleResource
2025-06-26T20:42:53.901-0700 [TRACE] sdk.helper_resource: Adding potential Terraform CLI source of local filesystem PATH lookup: test_name=TestAccMappingRuleResource
2025-06-26T20:42:53.901-0700 [TRACE] sdk.helper_resource: Adding potential Terraform CLI source of checkpoint.hashicorp.com latest version for installation in: /var/folders/yn/gzqxcdd94r9b63yr0c7_bs_40000gn/T/plugintest-terraform798326469: test_name=TestAccMappingRuleResource
2025-06-26T20:42:53.901-0700 [DEBUG] sdk.helper_resource: Found Terraform CLI: test_name=TestAccMappingRuleResource test_terraform_path=/opt/homebrew/bin/terraform
2025-06-26T20:42:53.901-0700 [TRACE] sdk.helper_resource: Symlinking source directories to work directory: test_working_directory=/var/folders/yn/gzqxcdd94r9b63yr0c7_bs_40000gn/T/plugintest966882693/work643691686 test_name=TestAccMappingRuleResource
2025-06-26T20:42:53.926-0700 [TRACE] sdk.helper_resource: Setting terraform-exec provider log level via TF_LOG_PROVIDER environment variable, if Terraform CLI is version 0.15 or later: test_name=TestAccMappingRuleResource test_working_directory=/var/folders/yn/gzqxcdd94r9b63yr0c7_bs_40000gn/T/plugintest966882693/work643691686 test_terraform_log_core_level=TRACE
2025-06-26T20:42:53.926-0700 [TRACE] sdk.helper_resource: Setting Terraform configuration: test_terraform_configuration="" test_name=TestAccMappingRuleResource test_terraform_path=/opt/homebrew/bin/terraform test_working_directory=/var/folders/yn/gzqxcdd94r9b63yr0c7_bs_40000gn/T/plugintest966882693
2025-06-26T20:42:53.926-0700 [TRACE] sdk.helper_resource: Clearing Terraform plan: test_name=TestAccMappingRuleResource test_terraform_path=/opt/homebrew/bin/terraform test_working_directory=/var/folders/yn/gzqxcdd94r9b63yr0c7_bs_40000gn/T/plugintest966882693
2025-06-26T20:42:53.926-0700 [TRACE] sdk.helper_resource: No Terraform plan to clear: test_name=TestAccMappingRuleResource test_terraform_path=/opt/homebrew/bin/terraform test_working_directory=/var/folders/yn/gzqxcdd94r9b63yr0c7_bs_40000gn/T/plugintest966882693
2025-06-26T20:42:53.926-0700 [DEBUG] sdk.helper_resource: Creating tfprotov6 provider instance: tf_provider_addr=registry.terraform.io/hashicorp/keep test_name=TestAccMappingRuleResource test_terraform_path=/opt/homebrew/bin/terraform test_working_directory=/var/folders/yn/gzqxcdd94r9b63yr0c7_bs_40000gn/T/plugintest966882693
2025-06-26T20:42:53.926-0700 [DEBUG] sdk.helper_resource: Created tfprotov6 provider instance: test_terraform_path=/opt/homebrew/bin/terraform test_working_directory=/var/folders/yn/gzqxcdd94r9b63yr0c7_bs_40000gn/T/plugintest966882693 tf_provider_addr=registry.terraform.io/hashicorp/keep test_name=TestAccMappingRuleResource
2025-06-26T20:42:53.926-0700 [DEBUG] sdk.helper_resource: Starting tfprotov6 provider instance server: test_name=TestAccMappingRuleResource test_terraform_path=/opt/homebrew/bin/terraform test_working_directory=/var/folders/yn/gzqxcdd94r9b63yr0c7_bs_40000gn/T/plugintest966882693 tf_provider_addr=registry.terraform.io/hashicorp/keep
2025-06-26T20:42:53.926-0700 [DEBUG] sdk.helper_resource: Started tfprotov6 provider instance server: test_name=TestAccMappingRuleResource test_terraform_path=/opt/homebrew/bin/terraform test_working_directory=/var/folders/yn/gzqxcdd94r9b63yr0c7_bs_40000gn/T/plugintest966882693 tf_provider_addr=registry.terraform.io/hashicorp/keep
2025-06-26T20:42:53.926-0700 [TRACE] sdk.helper_resource: Setting Terraform CLI reattach configuration: test_name=TestAccMappingRuleResource test_terraform_path=/opt/homebrew/bin/terraform test_working_directory=/var/folders/yn/gzqxcdd94r9b63yr0c7_bs_40000gn/T/plugintest966882693 tf_reattach_config="map[registry.terraform.io/-/keep:{grpc 6 2128 true {unix /var/folders/yn/gzqxcdd94r9b63yr0c7_bs_40000gn/T/plugin1452083752}} registry.terraform.io/hashicorp/keep:{grpc 6 2128 true {unix /var/folders/yn/gzqxcdd94r9b63yr0c7_bs_40000gn/T/plugin1452083752}}]"
2025-06-26T20:42:53.926-0700 [TRACE] sdk.helper_resource: Calling wrapped Terraform CLI command: test_working_directory=/var/folders/yn/gzqxcdd94r9b63yr0c7_bs_40000gn/T/plugintest966882693 test_name=TestAccMappingRuleResource test_terraform_path=/opt/homebrew/bin/terraform
2025-06-26T20:42:53.926-0700 [TRACE] sdk.helper_resource: Calling Terraform CLI init command: test_name=TestAccMappingRuleResource test_terraform_path=/opt/homebrew/bin/terraform test_working_directory=/var/folders/yn/gzqxcdd94r9b63yr0c7_bs_40000gn/T/plugintest966882693
2025-06-26T20:42:53.947-0700 [TRACE] sdk.helper_resource: Called Terraform CLI init command: test_name=TestAccMappingRuleResource test_terraform_path=/opt/homebrew/bin/terraform test_working_directory=/var/folders/yn/gzqxcdd94r9b63yr0c7_bs_40000gn/T/plugintest966882693
2025-06-26T20:42:53.947-0700 [TRACE] sdk.helper_resource: Called wrapped Terraform CLI command: test_name=TestAccMappingRuleResource test_terraform_path=/opt/homebrew/bin/terraform test_working_directory=/var/folders/yn/gzqxcdd94r9b63yr0c7_bs_40000gn/T/plugintest966882693
2025-06-26T20:42:53.947-0700 [DEBUG] sdk.helper_resource: Stopping providers: test_name=TestAccMappingRuleResource test_terraform_path=/opt/homebrew/bin/terraform test_working_directory=/var/folders/yn/gzqxcdd94r9b63yr0c7_bs_40000gn/T/plugintest966882693
2025-06-26T20:42:53.947-0700 [TRACE] sdk.helper_resource: Waiting for providers to stop: test_working_directory=/var/folders/yn/gzqxcdd94r9b63yr0c7_bs_40000gn/T/plugintest966882693 test_name=TestAccMappingRuleResource test_terraform_path=/opt/homebrew/bin/terraform
2025-06-26T20:42:53.948-0700 [TRACE] sdk.helper_resource: Providers have successfully stopped: test_name=TestAccMappingRuleResource test_terraform_path=/opt/homebrew/bin/terraform test_working_directory=/var/folders/yn/gzqxcdd94r9b63yr0c7_bs_40000gn/T/plugintest966882693
2025-06-26T20:42:53.948-0700 [DEBUG] sdk.helper_resource: Starting TestSteps: test_name=TestAccMappingRuleResource test_terraform_path=/opt/homebrew/bin/terraform test_working_directory=/var/folders/yn/gzqxcdd94r9b63yr0c7_bs_40000gn/T/plugintest966882693
2025-06-26T20:42:53.948-0700 [DEBUG] sdk.helper_resource: Starting TestStep: test_working_directory=/var/folders/yn/gzqxcdd94r9b63yr0c7_bs_40000gn/T/plugintest966882693 test_step_number=1 test_name=TestAccMappingRuleResource test_terraform_path=/opt/homebrew/bin/terraform
2025-06-26T20:42:53.948-0700 [TRACE] sdk.helper_resource: TestStep is Config mode: test_step_number=1 test_name=TestAccMappingRuleResource test_terraform_path=/opt/homebrew/bin/terraform test_working_directory=/var/folders/yn/gzqxcdd94r9b63yr0c7_bs_40000gn/T/plugintest966882693
2025-06-26T20:42:53.948-0700 [TRACE] sdk.helper_resource: Setting Terraform configuration: test_step_number=1
  test_terraform_configuration=
  | 
  | provider "keep" {
  |   api_key = "8e084661-cb0b-42a7-8c0d-f39e8f6a0008"
  |   api_url = "http://localhost:8080"
  | }
  | 
  | resource "keep_mapping_rule" "test" {
  |   name        = "test-mapping-rule"
  |   description = "Test mapping rule created by Terraform"
  |   priority    = 10
  |   disabled    = false
  |   
  |   matchers = {
  |     env  = "production"
  |     team = "sre"
  |   }
  | 
  |   csv_data = <<-EOT
  | env,team,owner,severity
  | production,sre,alice,critical
  | staging,dev,bob,warning
  |   EOT
  | }
   test_name=TestAccMappingRuleResource test_terraform_path=/opt/homebrew/bin/terraform test_working_directory=/var/folders/yn/gzqxcdd94r9b63yr0c7_bs_40000gn/T/plugintest966882693
2025-06-26T20:42:53.948-0700 [TRACE] sdk.helper_resource: Clearing Terraform plan: test_terraform_path=/opt/homebrew/bin/terraform test_working_directory=/var/folders/yn/gzqxcdd94r9b63yr0c7_bs_40000gn/T/plugintest966882693 test_step_number=1 test_name=TestAccMappingRuleResource
2025-06-26T20:42:53.948-0700 [TRACE] sdk.helper_resource: No Terraform plan to clear: test_terraform_path=/opt/homebrew/bin/terraform test_working_directory=/var/folders/yn/gzqxcdd94r9b63yr0c7_bs_40000gn/T/plugintest966882693 test_step_number=1 test_name=TestAccMappingRuleResource
2025-06-26T20:42:53.948-0700 [DEBUG] sdk.helper_resource: Creating tfprotov6 provider instance: test_step_number=1 test_name=TestAccMappingRuleResource test_terraform_path=/opt/homebrew/bin/terraform test_working_directory=/var/folders/yn/gzqxcdd94r9b63yr0c7_bs_40000gn/T/plugintest966882693 tf_provider_addr=registry.terraform.io/hashicorp/keep
2025-06-26T20:42:53.948-0700 [DEBUG] sdk.helper_resource: Created tfprotov6 provider instance: test_step_number=1 tf_provider_addr=registry.terraform.io/hashicorp/keep test_name=TestAccMappingRuleResource test_terraform_path=/opt/homebrew/bin/terraform test_working_directory=/var/folders/yn/gzqxcdd94r9b63yr0c7_bs_40000gn/T/plugintest966882693
2025-06-26T20:42:53.948-0700 [DEBUG] sdk.helper_resource: Starting tfprotov6 provider instance server: test_working_directory=/var/folders/yn/gzqxcdd94r9b63yr0c7_bs_40000gn/T/plugintest966882693 test_step_number=1 tf_provider_addr=registry.terraform.io/hashicorp/keep test_name=TestAccMappingRuleResource test_terraform_path=/opt/homebrew/bin/terraform
2025-06-26T20:42:53.948-0700 [DEBUG] sdk.helper_resource: Started tfprotov6 provider instance server: test_name=TestAccMappingRuleResource test_terraform_path=/opt/homebrew/bin/terraform test_working_directory=/var/folders/yn/gzqxcdd94r9b63yr0c7_bs_40000gn/T/plugintest966882693 test_step_number=1 tf_provider_addr=registry.terraform.io/hashicorp/keep
2025-06-26T20:42:53.948-0700 [TRACE] sdk.helper_resource: Setting Terraform CLI reattach configuration: test_name=TestAccMappingRuleResource test_terraform_path=/opt/homebrew/bin/terraform test_working_directory=/var/folders/yn/gzqxcdd94r9b63yr0c7_bs_40000gn/T/plugintest966882693 test_step_number=1 tf_reattach_config="map[registry.terraform.io/-/keep:{grpc 6 2128 true {unix /var/folders/yn/gzqxcdd94r9b63yr0c7_bs_40000gn/T/plugin1905778513}} registry.terraform.io/hashicorp/keep:{grpc 6 2128 true {unix /var/folders/yn/gzqxcdd94r9b63yr0c7_bs_40000gn/T/plugin1905778513}}]"
2025-06-26T20:42:53.948-0700 [TRACE] sdk.helper_resource: Calling wrapped Terraform CLI command: test_name=TestAccMappingRuleResource test_terraform_path=/opt/homebrew/bin/terraform test_working_directory=/var/folders/yn/gzqxcdd94r9b63yr0c7_bs_40000gn/T/plugintest966882693 test_step_number=1
2025-06-26T20:42:53.948-0700 [TRACE] sdk.helper_resource: Calling Terraform CLI refresh command: test_name=TestAccMappingRuleResource test_terraform_path=/opt/homebrew/bin/terraform test_working_directory=/var/folders/yn/gzqxcdd94r9b63yr0c7_bs_40000gn/T/plugintest966882693 test_step_number=1
2025-06-26T20:42:53.969-0700 [TRACE] sdk.proto: Received request: tf_proto_version=6.9 tf_rpc=GetProviderSchema tf_req_id=2544854b-3eee-4f29-6bca-7319ffcae2fa tf_provider_addr=registry.terraform.io/hashicorp/keep
2025-06-26T20:42:53.969-0700 [TRACE] sdk.proto: Sending request downstream: tf_provider_addr=registry.terraform.io/hashicorp/keep tf_proto_version=6.9 tf_rpc=GetProviderSchema tf_req_id=2544854b-3eee-4f29-6bca-7319ffcae2fa
2025-06-26T20:42:53.969-0700 [TRACE] sdk.framework: Checking ProviderSchema lock: tf_req_id=2544854b-3eee-4f29-6bca-7319ffcae2fa tf_provider_addr=registry.terraform.io/hashicorp/keep tf_rpc=GetProviderSchema
2025-06-26T20:42:53.969-0700 [TRACE] sdk.framework: Calling provider defined Provider Schema: tf_req_id=2544854b-3eee-4f29-6bca-7319ffcae2fa tf_provider_addr=registry.terraform.io/hashicorp/keep tf_rpc=GetProviderSchema
2025-06-26T20:42:53.969-0700 [TRACE] sdk.framework: Called provider defined Provider Schema: tf_rpc=GetProviderSchema tf_req_id=2544854b-3eee-4f29-6bca-7319ffcae2fa tf_provider_addr=registry.terraform.io/hashicorp/keep
2025-06-26T20:42:53.969-0700 [TRACE] sdk.framework: Checking ResourceTypes lock: tf_rpc=GetProviderSchema tf_req_id=2544854b-3eee-4f29-6bca-7319ffcae2fa tf_provider_addr=registry.terraform.io/hashicorp/keep
2025-06-26T20:42:53.969-0700 [TRACE] sdk.framework: Checking ProviderTypeName lock: tf_provider_addr=registry.terraform.io/hashicorp/keep tf_rpc=GetProviderSchema tf_req_id=2544854b-3eee-4f29-6bca-7319ffcae2fa
2025-06-26T20:42:53.969-0700 [TRACE] sdk.framework: Calling provider defined Provider Metadata: tf_provider_addr=registry.terraform.io/hashicorp/keep tf_rpc=GetProviderSchema tf_req_id=2544854b-3eee-4f29-6bca-7319ffcae2fa
2025-06-26T20:42:53.969-0700 [TRACE] sdk.framework: Called provider defined Provider Metadata: tf_provider_addr=registry.terraform.io/hashicorp/keep tf_rpc=GetProviderSchema tf_req_id=2544854b-3eee-4f29-6bca-7319ffcae2fa
2025-06-26T20:42:53.969-0700 [TRACE] sdk.framework: Calling provider defined Provider Resources: tf_provider_addr=registry.terraform.io/hashicorp/keep tf_rpc=GetProviderSchema tf_req_id=2544854b-3eee-4f29-6bca-7319ffcae2fa
2025-06-26T20:42:53.969-0700 [TRACE] sdk.framework: Called provider defined Provider Resources: tf_req_id=2544854b-3eee-4f29-6bca-7319ffcae2fa tf_provider_addr=registry.terraform.io/hashicorp/keep tf_rpc=GetProviderSchema
2025-06-26T20:42:53.969-0700 [TRACE] sdk.framework: Found resource type: tf_req_id=2544854b-3eee-4f29-6bca-7319ffcae2fa tf_resource_type=keep_provider tf_provider_addr=registry.terraform.io/hashicorp/keep tf_rpc=GetProviderSchema
2025-06-26T20:42:53.969-0700 [TRACE] sdk.framework: Found resource type: tf_req_id=2544854b-3eee-4f29-6bca-7319ffcae2fa tf_provider_addr=registry.terraform.io/hashicorp/keep tf_rpc=GetProviderSchema tf_resource_type=keep_extraction_rule
2025-06-26T20:42:53.969-0700 [TRACE] sdk.framework: Found resource type: tf_req_id=2544854b-3eee-4f29-6bca-7319ffcae2fa tf_provider_addr=registry.terraform.io/hashicorp/keep tf_rpc=GetProviderSchema tf_resource_type=keep_alert
2025-06-26T20:42:53.969-0700 [TRACE] sdk.framework: Found resource type: tf_resource_type=keep_mapping_rule tf_req_id=2544854b-3eee-4f29-6bca-7319ffcae2fa tf_provider_addr=registry.terraform.io/hashicorp/keep tf_rpc=GetProviderSchema
2025-06-26T20:42:53.969-0700 [TRACE] sdk.framework: Calling provider defined Resource Schema method: tf_req_id=2544854b-3eee-4f29-6bca-7319ffcae2fa tf_provider_addr=registry.terraform.io/hashicorp/keep tf_rpc=GetProviderSchema tf_resource_type=keep_provider
2025-06-26T20:42:53.969-0700 [TRACE] sdk.framework: Called provider defined Resource Schema method: tf_rpc=GetProviderSchema tf_req_id=2544854b-3eee-4f29-6bca-7319ffcae2fa tf_provider_addr=registry.terraform.io/hashicorp/keep tf_resource_type=keep_provider
2025-06-26T20:42:53.969-0700 [TRACE] sdk.framework: Calling provider defined Resource Schema method: tf_req_id=2544854b-3eee-4f29-6bca-7319ffcae2fa tf_provider_addr=registry.terraform.io/hashicorp/keep tf_rpc=GetProviderSchema tf_resource_type=keep_extraction_rule
2025-06-26T20:42:53.969-0700 [TRACE] sdk.framework: Called provider defined Resource Schema method: tf_req_id=2544854b-3eee-4f29-6bca-7319ffcae2fa tf_provider_addr=registry.terraform.io/hashicorp/keep tf_rpc=GetProviderSchema tf_resource_type=keep_extraction_rule
2025-06-26T20:42:53.970-0700 [TRACE] sdk.framework: Calling provider defined Resource Schema method: tf_req_id=2544854b-3eee-4f29-6bca-7319ffcae2fa tf_provider_addr=registry.terraform.io/hashicorp/keep tf_rpc=GetProviderSchema tf_resource_type=keep_alert
2025-06-26T20:42:53.970-0700 [TRACE] sdk.framework: Called provider defined Resource Schema method: tf_rpc=GetProviderSchema tf_req_id=2544854b-3eee-4f29-6bca-7319ffcae2fa tf_provider_addr=registry.terraform.io/hashicorp/keep tf_resource_type=keep_alert
2025-06-26T20:42:53.970-0700 [TRACE] sdk.framework: Calling provider defined Resource Schema method: tf_rpc=GetProviderSchema tf_req_id=2544854b-3eee-4f29-6bca-7319ffcae2fa tf_provider_addr=registry.terraform.io/hashicorp/keep tf_resource_type=keep_mapping_rule
2025-06-26T20:42:53.970-0700 [TRACE] sdk.framework: Called provider defined Resource Schema method: tf_rpc=GetProviderSchema tf_req_id=2544854b-3eee-4f29-6bca-7319ffcae2fa tf_provider_addr=registry.terraform.io/hashicorp/keep tf_resource_type=keep_mapping_rule
2025-06-26T20:42:53.970-0700 [TRACE] sdk.framework: Checking DataSourceTypes lock: tf_provider_addr=registry.terraform.io/hashicorp/keep tf_rpc=GetProviderSchema tf_req_id=2544854b-3eee-4f29-6bca-7319ffcae2fa
2025-06-26T20:42:53.970-0700 [TRACE] sdk.framework: Checking ProviderTypeName lock: tf_req_id=2544854b-3eee-4f29-6bca-7319ffcae2fa tf_provider_addr=registry.terraform.io/hashicorp/keep tf_rpc=GetProviderSchema
2025-06-26T20:42:53.970-0700 [TRACE] sdk.framework: Calling provider defined Provider DataSources: tf_req_id=2544854b-3eee-4f29-6bca-7319ffcae2fa tf_provider_addr=registry.terraform.io/hashicorp/keep tf_rpc=GetProviderSchema
2025-06-26T20:42:53.970-0700 [TRACE] sdk.framework: Called provider defined Provider DataSources: tf_req_id=2544854b-3eee-4f29-6bca-7319ffcae2fa tf_provider_addr=registry.terraform.io/hashicorp/keep tf_rpc=GetProviderSchema
2025-06-26T20:42:53.970-0700 [TRACE] sdk.framework: Checking FunctionTypes lock: tf_req_id=2544854b-3eee-4f29-6bca-7319ffcae2fa tf_provider_addr=registry.terraform.io/hashicorp/keep tf_rpc=GetProviderSchema
2025-06-26T20:42:53.970-0700 [TRACE] sdk.framework: Checking EphemeralResourceFuncs lock: tf_req_id=2544854b-3eee-4f29-6bca-7319ffcae2fa tf_provider_addr=registry.terraform.io/hashicorp/keep tf_rpc=GetProviderSchema
2025-06-26T20:42:53.970-0700 [TRACE] sdk.framework: Checking ProviderTypeName lock: tf_req_id=2544854b-3eee-4f29-6bca-7319ffcae2fa tf_provider_addr=registry.terraform.io/hashicorp/keep tf_rpc=GetProviderSchema
2025-06-26T20:42:53.970-0700 [TRACE] sdk.proto: Received downstream response: tf_rpc=GetProviderSchema tf_req_id=2544854b-3eee-4f29-6bca-7319ffcae2fa tf_provider_addr=registry.terraform.io/hashicorp/keep tf_proto_version=6.9 diagnostic_error_count=0 diagnostic_warning_count=0 tf_req_duration_ms=0
2025-06-26T20:42:53.970-0700 [TRACE] sdk.proto: Announced server capabilities: tf_rpc=GetProviderSchema tf_req_id=2544854b-3eee-4f29-6bca-7319ffcae2fa tf_server_capability_move_resource_state=true tf_server_capability_plan_destroy=true tf_server_capability_get_provider_schema_optional=true tf_provider_addr=registry.terraform.io/hashicorp/keep tf_proto_version=6.9
2025-06-26T20:42:53.970-0700 [TRACE] sdk.proto: Served request: tf_proto_version=6.9 tf_rpc=GetProviderSchema tf_req_id=2544854b-3eee-4f29-6bca-7319ffcae2fa tf_provider_addr=registry.terraform.io/hashicorp/keep
2025-06-26T20:42:53.971-0700 [TRACE] sdk.proto: Received request: tf_req_id=46b400f2-5785-ef7d-afec-2122e765ae45 tf_provider_addr=registry.terraform.io/hashicorp/keep tf_proto_version=6.9 tf_rpc=ValidateProviderConfig
2025-06-26T20:42:53.971-0700 [TRACE] sdk.proto: Skipping protocol data file writing because no data directory is set. Use the TF_LOG_SDK_PROTO_DATA_DIR environment variable to enable this functionality.: tf_proto_version=6.9 tf_rpc=ValidateProviderConfig tf_req_id=46b400f2-5785-ef7d-afec-2122e765ae45 tf_provider_addr=registry.terraform.io/hashicorp/keep
2025-06-26T20:42:53.971-0700 [TRACE] sdk.proto: Sending request downstream: tf_proto_version=6.9 tf_rpc=ValidateProviderConfig tf_req_id=46b400f2-5785-ef7d-afec-2122e765ae45 tf_provider_addr=registry.terraform.io/hashicorp/keep
2025-06-26T20:42:53.971-0700 [TRACE] sdk.framework: Checking ProviderSchema lock: tf_req_id=46b400f2-5785-ef7d-afec-2122e765ae45 tf_provider_addr=registry.terraform.io/hashicorp/keep tf_rpc=ValidateProviderConfig
2025-06-26T20:42:53.971-0700 [TRACE] sdk.proto: Received downstream response: tf_req_id=46b400f2-5785-ef7d-afec-2122e765ae45 tf_provider_addr=registry.terraform.io/hashicorp/keep tf_proto_version=6.9 diagnostic_error_count=0 diagnostic_warning_count=0 tf_req_duration_ms=0 tf_rpc=ValidateProviderConfig
2025-06-26T20:42:53.971-0700 [TRACE] sdk.proto: Served request: tf_req_id=46b400f2-5785-ef7d-afec-2122e765ae45 tf_provider_addr=registry.terraform.io/hashicorp/keep tf_proto_version=6.9 tf_rpc=ValidateProviderConfig
2025-06-26T20:42:53.972-0700 [TRACE] sdk.proto: Received request: tf_provider_addr=registry.terraform.io/hashicorp/keep tf_proto_version=6.9 tf_rpc=ValidateResourceConfig tf_req_id=f4ff9666-aefc-bdf6-1105-0b9d7ae5778e tf_resource_type=keep_mapping_rule
2025-06-26T20:42:53.972-0700 [TRACE] sdk.proto: Announced client capabilities: tf_client_capability_write_only_attributes_allowed=true tf_provider_addr=registry.terraform.io/hashicorp/keep tf_proto_version=6.9 tf_rpc=ValidateResourceConfig tf_req_id=f4ff9666-aefc-bdf6-1105-0b9d7ae5778e tf_resource_type=keep_mapping_rule
2025-06-26T20:42:53.972-0700 [TRACE] sdk.proto: Sending request downstream: tf_resource_type=keep_mapping_rule tf_provider_addr=registry.terraform.io/hashicorp/keep tf_proto_version=6.9 tf_rpc=ValidateResourceConfig tf_req_id=f4ff9666-aefc-bdf6-1105-0b9d7ae5778e
2025-06-26T20:42:53.972-0700 [TRACE] sdk.framework: Checking ResourceTypes lock: tf_provider_addr=registry.terraform.io/hashicorp/keep tf_rpc=ValidateResourceConfig tf_req_id=f4ff9666-aefc-bdf6-1105-0b9d7ae5778e tf_resource_type=keep_mapping_rule
2025-06-26T20:42:53.972-0700 [TRACE] sdk.framework: Checking ResourceTypes lock: tf_provider_addr=registry.terraform.io/hashicorp/keep tf_rpc=ValidateResourceConfig tf_req_id=f4ff9666-aefc-bdf6-1105-0b9d7ae5778e tf_resource_type=keep_mapping_rule
2025-06-26T20:42:53.972-0700 [TRACE] sdk.framework: Calling provider defined Resource Schema method: tf_resource_type=keep_mapping_rule tf_provider_addr=registry.terraform.io/hashicorp/keep tf_rpc=ValidateResourceConfig tf_req_id=f4ff9666-aefc-bdf6-1105-0b9d7ae5778e
2025-06-26T20:42:53.972-0700 [TRACE] sdk.framework: Called provider defined Resource Schema method: tf_provider_addr=registry.terraform.io/hashicorp/keep tf_rpc=ValidateResourceConfig tf_req_id=f4ff9666-aefc-bdf6-1105-0b9d7ae5778e tf_resource_type=keep_mapping_rule
2025-06-26T20:42:53.972-0700 [TRACE] sdk.framework: Resource implements ResourceWithConfigure: tf_resource_type=keep_mapping_rule tf_provider_addr=registry.terraform.io/hashicorp/keep tf_rpc=ValidateResourceConfig tf_req_id=f4ff9666-aefc-bdf6-1105-0b9d7ae5778e
2025-06-26T20:42:53.972-0700 [TRACE] sdk.framework: Calling provider defined Resource Configure: tf_provider_addr=registry.terraform.io/hashicorp/keep tf_rpc=ValidateResourceConfig tf_req_id=f4ff9666-aefc-bdf6-1105-0b9d7ae5778e tf_resource_type=keep_mapping_rule
2025-06-26T20:42:53.972-0700 [TRACE] sdk.framework: Called provider defined Resource Configure: tf_resource_type=keep_mapping_rule tf_provider_addr=registry.terraform.io/hashicorp/keep tf_rpc=ValidateResourceConfig tf_req_id=f4ff9666-aefc-bdf6-1105-0b9d7ae5778e
2025-06-26T20:42:53.972-0700 [TRACE] sdk.framework: Type implements TypeWithValidate: tf_resource_type=keep_mapping_rule tf_provider_addr=registry.terraform.io/hashicorp/keep tf_rpc=ValidateResourceConfig tf_req_id=f4ff9666-aefc-bdf6-1105-0b9d7ae5778e tf_attribute_path=matchers
2025-06-26T20:42:53.972-0700 [TRACE] sdk.framework: Calling provider defined Type Validate: tf_resource_type=keep_mapping_rule tf_provider_addr=registry.terraform.io/hashicorp/keep tf_rpc=ValidateResourceConfig tf_req_id=f4ff9666-aefc-bdf6-1105-0b9d7ae5778e tf_attribute_path=matchers
2025-06-26T20:42:53.972-0700 [TRACE] sdk.framework: Called provider defined Type Validate: tf_resource_type=keep_mapping_rule tf_provider_addr=registry.terraform.io/hashicorp/keep tf_rpc=ValidateResourceConfig tf_req_id=f4ff9666-aefc-bdf6-1105-0b9d7ae5778e tf_attribute_path=matchers
2025-06-26T20:42:53.972-0700 [TRACE] sdk.framework: Type implements TypeWithValidate: tf_provider_addr=registry.terraform.io/hashicorp/keep tf_rpc=ValidateResourceConfig tf_req_id=f4ff9666-aefc-bdf6-1105-0b9d7ae5778e tf_attribute_path=priority tf_resource_type=keep_mapping_rule
2025-06-26T20:42:53.972-0700 [TRACE] sdk.framework: Calling provider defined Type Validate: tf_provider_addr=registry.terraform.io/hashicorp/keep tf_rpc=ValidateResourceConfig tf_req_id=f4ff9666-aefc-bdf6-1105-0b9d7ae5778e tf_attribute_path=priority tf_resource_type=keep_mapping_rule
2025-06-26T20:42:53.972-0700 [TRACE] sdk.framework: Called provider defined Type Validate: tf_resource_type=keep_mapping_rule tf_provider_addr=registry.terraform.io/hashicorp/keep tf_rpc=ValidateResourceConfig tf_req_id=f4ff9666-aefc-bdf6-1105-0b9d7ae5778e tf_attribute_path=priority
2025-06-26T20:42:53.972-0700 [TRACE] sdk.proto: Received downstream response: tf_proto_version=6.9 tf_rpc=ValidateResourceConfig tf_req_id=f4ff9666-aefc-bdf6-1105-0b9d7ae5778e tf_resource_type=keep_mapping_rule diagnostic_error_count=0 diagnostic_warning_count=0 tf_req_duration_ms=0 tf_provider_addr=registry.terraform.io/hashicorp/keep
2025-06-26T20:42:53.972-0700 [TRACE] sdk.proto: Served request: tf_resource_type=keep_mapping_rule tf_provider_addr=registry.terraform.io/hashicorp/keep tf_proto_version=6.9 tf_rpc=ValidateResourceConfig tf_req_id=f4ff9666-aefc-bdf6-1105-0b9d7ae5778e
2025-06-26T20:42:53.972-0700 [TRACE] sdk.proto: Received request: tf_req_id=762e1dff-fa2c-409b-7225-4d7a22856ce3 tf_provider_addr=registry.terraform.io/hashicorp/keep tf_proto_version=6.9 tf_rpc=ValidateProviderConfig
2025-06-26T20:42:53.972-0700 [TRACE] sdk.proto: Sending request downstream: tf_req_id=762e1dff-fa2c-409b-7225-4d7a22856ce3 tf_provider_addr=registry.terraform.io/hashicorp/keep tf_proto_version=6.9 tf_rpc=ValidateProviderConfig
2025-06-26T20:42:53.972-0700 [TRACE] sdk.framework: Checking ProviderSchema lock: tf_rpc=ValidateProviderConfig tf_req_id=762e1dff-fa2c-409b-7225-4d7a22856ce3 tf_provider_addr=registry.terraform.io/hashicorp/keep
2025-06-26T20:42:53.972-0700 [TRACE] sdk.proto: Received downstream response: tf_provider_addr=registry.terraform.io/hashicorp/keep tf_proto_version=6.9 tf_rpc=ValidateProviderConfig tf_req_duration_ms=0 diagnostic_error_count=0 diagnostic_warning_count=0 tf_req_id=762e1dff-fa2c-409b-7225-4d7a22856ce3
2025-06-26T20:42:53.972-0700 [TRACE] sdk.proto: Served request: tf_req_id=762e1dff-fa2c-409b-7225-4d7a22856ce3 tf_provider_addr=registry.terraform.io/hashicorp/keep tf_proto_version=6.9 tf_rpc=ValidateProviderConfig
2025-06-26T20:42:53.973-0700 [TRACE] sdk.proto: Received request: tf_req_id=ec031f96-5f4e-a7e4-8ccb-94c83a0a5f49 tf_provider_addr=registry.terraform.io/hashicorp/keep tf_proto_version=6.9 tf_rpc=ConfigureProvider
2025-06-26T20:42:53.973-0700 [TRACE] sdk.proto: Announced client capabilities: tf_rpc=ConfigureProvider tf_req_id=ec031f96-5f4e-a7e4-8ccb-94c83a0a5f49 tf_provider_addr=registry.terraform.io/hashicorp/keep tf_client_capability_deferral_allowed=false tf_proto_version=6.9
2025-06-26T20:42:53.973-0700 [TRACE] sdk.proto: Sending request downstream: tf_provider_addr=registry.terraform.io/hashicorp/keep tf_proto_version=6.9 tf_rpc=ConfigureProvider tf_req_id=ec031f96-5f4e-a7e4-8ccb-94c83a0a5f49
2025-06-26T20:42:53.973-0700 [TRACE] sdk.framework: Checking ProviderSchema lock: tf_rpc=ConfigureProvider tf_req_id=ec031f96-5f4e-a7e4-8ccb-94c83a0a5f49 tf_provider_addr=registry.terraform.io/hashicorp/keep
2025-06-26T20:42:53.973-0700 [TRACE] sdk.framework: Calling provider defined Provider Configure: tf_req_id=ec031f96-5f4e-a7e4-8ccb-94c83a0a5f49 tf_provider_addr=registry.terraform.io/hashicorp/keep tf_rpc=ConfigureProvider
2025-06-26T20:42:53.973-0700 [DEBUG] keep: Configuring KeepHQ client: tf_rpc=ConfigureProvider tf_req_id=ec031f96-5f4e-a7e4-8ccb-94c83a0a5f49 tf_provider_addr=registry.terraform.io/hashicorp/keep provider=keep
2025-06-26T20:42:53.973-0700 [DEBUG] keep: Provider configuration: tf_req_id=ec031f96-5f4e-a7e4-8ccb-94c83a0a5f49 tf_provider_addr=registry.terraform.io/hashicorp/keep provider=keep api_url=http://localhost:8080 api_key_set=true tf_rpc=ConfigureProvider
2025-06-26T20:42:53.973-0700 [TRACE] sdk.framework: Called provider defined Provider Configure: tf_req_id=ec031f96-5f4e-a7e4-8ccb-94c83a0a5f49 tf_provider_addr=registry.terraform.io/hashicorp/keep tf_rpc=ConfigureProvider
2025-06-26T20:42:53.973-0700 [TRACE] sdk.proto: Received downstream response: diagnostic_error_count=0 diagnostic_warning_count=0 tf_req_duration_ms=0 tf_provider_addr=registry.terraform.io/hashicorp/keep tf_proto_version=6.9 tf_rpc=ConfigureProvider tf_req_id=ec031f96-5f4e-a7e4-8ccb-94c83a0a5f49
2025-06-26T20:42:53.973-0700 [TRACE] sdk.proto: Served request: tf_req_id=ec031f96-5f4e-a7e4-8ccb-94c83a0a5f49 tf_provider_addr=registry.terraform.io/hashicorp/keep tf_proto_version=6.9 tf_rpc=ConfigureProvider
2025-06-26T20:42:53.973-0700 [TRACE] sdk.proto: Received request: tf_rpc=ValidateResourceConfig tf_resource_type=keep_mapping_rule tf_proto_version=6.9 tf_req_id=c8830793-353b-3d43-8090-ff33a28c3d30 tf_provider_addr=registry.terraform.io/hashicorp/keep
2025-06-26T20:42:53.973-0700 [TRACE] sdk.proto: Announced client capabilities: tf_client_capability_write_only_attributes_allowed=true tf_req_id=c8830793-353b-3d43-8090-ff33a28c3d30 tf_provider_addr=registry.terraform.io/hashicorp/keep tf_rpc=ValidateResourceConfig tf_resource_type=keep_mapping_rule tf_proto_version=6.9
2025-06-26T20:42:53.973-0700 [TRACE] sdk.proto: Sending request downstream: tf_resource_type=keep_mapping_rule tf_proto_version=6.9 tf_req_id=c8830793-353b-3d43-8090-ff33a28c3d30 tf_provider_addr=registry.terraform.io/hashicorp/keep tf_rpc=ValidateResourceConfig
2025-06-26T20:42:53.973-0700 [TRACE] sdk.framework: Checking ResourceTypes lock: tf_rpc=ValidateResourceConfig tf_resource_type=keep_mapping_rule tf_provider_addr=registry.terraform.io/hashicorp/keep tf_req_id=c8830793-353b-3d43-8090-ff33a28c3d30
2025-06-26T20:42:53.973-0700 [TRACE] sdk.framework: Resource implements ResourceWithConfigure: tf_provider_addr=registry.terraform.io/hashicorp/keep tf_req_id=c8830793-353b-3d43-8090-ff33a28c3d30 tf_rpc=ValidateResourceConfig tf_resource_type=keep_mapping_rule
2025-06-26T20:42:53.973-0700 [TRACE] sdk.framework: Calling provider defined Resource Configure: tf_req_id=c8830793-353b-3d43-8090-ff33a28c3d30 tf_rpc=ValidateResourceConfig tf_resource_type=keep_mapping_rule tf_provider_addr=registry.terraform.io/hashicorp/keep
2025-06-26T20:42:53.973-0700 [TRACE] sdk.framework: Called provider defined Resource Configure: tf_rpc=ValidateResourceConfig tf_resource_type=keep_mapping_rule tf_provider_addr=registry.terraform.io/hashicorp/keep tf_req_id=c8830793-353b-3d43-8090-ff33a28c3d30
2025-06-26T20:42:53.973-0700 [TRACE] sdk.framework: Type implements TypeWithValidate: tf_resource_type=keep_mapping_rule tf_provider_addr=registry.terraform.io/hashicorp/keep tf_req_id=c8830793-353b-3d43-8090-ff33a28c3d30 tf_attribute_path=priority tf_rpc=ValidateResourceConfig
2025-06-26T20:42:53.973-0700 [TRACE] sdk.framework: Calling provider defined Type Validate: tf_rpc=ValidateResourceConfig tf_resource_type=keep_mapping_rule tf_provider_addr=registry.terraform.io/hashicorp/keep tf_req_id=c8830793-353b-3d43-8090-ff33a28c3d30 tf_attribute_path=priority
2025-06-26T20:42:53.973-0700 [TRACE] sdk.framework: Called provider defined Type Validate: tf_provider_addr=registry.terraform.io/hashicorp/keep tf_req_id=c8830793-353b-3d43-8090-ff33a28c3d30 tf_attribute_path=priority tf_rpc=ValidateResourceConfig tf_resource_type=keep_mapping_rule
2025-06-26T20:42:53.973-0700 [TRACE] sdk.framework: Type implements TypeWithValidate: tf_resource_type=keep_mapping_rule tf_provider_addr=registry.terraform.io/hashicorp/keep tf_req_id=c8830793-353b-3d43-8090-ff33a28c3d30 tf_attribute_path=matchers tf_rpc=ValidateResourceConfig
2025-06-26T20:42:53.973-0700 [TRACE] sdk.framework: Calling provider defined Type Validate: tf_rpc=ValidateResourceConfig tf_resource_type=keep_mapping_rule tf_provider_addr=registry.terraform.io/hashicorp/keep tf_req_id=c8830793-353b-3d43-8090-ff33a28c3d30 tf_attribute_path=matchers
2025-06-26T20:42:53.973-0700 [TRACE] sdk.framework: Called provider defined Type Validate: tf_resource_type=keep_mapping_rule tf_provider_addr=registry.terraform.io/hashicorp/keep tf_req_id=c8830793-353b-3d43-8090-ff33a28c3d30 tf_attribute_path=matchers tf_rpc=ValidateResourceConfig
2025-06-26T20:42:53.973-0700 [TRACE] sdk.proto: Received downstream response: tf_provider_addr=registry.terraform.io/hashicorp/keep tf_rpc=ValidateResourceConfig tf_resource_type=keep_mapping_rule tf_req_duration_ms=0 diagnostic_error_count=0 diagnostic_warning_count=0 tf_proto_version=6.9 tf_req_id=c8830793-353b-3d43-8090-ff33a28c3d30
2025-06-26T20:42:53.973-0700 [TRACE] sdk.proto: Served request: tf_provider_addr=registry.terraform.io/hashicorp/keep tf_rpc=ValidateResourceConfig tf_resource_type=keep_mapping_rule tf_proto_version=6.9 tf_req_id=c8830793-353b-3d43-8090-ff33a28c3d30
2025-06-26T20:42:53.973-0700 [TRACE] sdk.proto: Received request: tf_provider_addr=registry.terraform.io/hashicorp/keep tf_proto_version=6.9 tf_rpc=PlanResourceChange tf_resource_type=keep_mapping_rule tf_req_id=36263340-b7bf-db75-0586-87604ab501f5
2025-06-26T20:42:53.973-0700 [TRACE] sdk.proto: Announced client capabilities: tf_provider_addr=registry.terraform.io/hashicorp/keep tf_proto_version=6.9 tf_rpc=PlanResourceChange tf_resource_type=keep_mapping_rule tf_client_capability_deferral_allowed=false tf_req_id=36263340-b7bf-db75-0586-87604ab501f5
2025-06-26T20:42:53.973-0700 [TRACE] sdk.proto: Sending request downstream: tf_provider_addr=registry.terraform.io/hashicorp/keep tf_proto_version=6.9 tf_rpc=PlanResourceChange tf_resource_type=keep_mapping_rule tf_req_id=36263340-b7bf-db75-0586-87604ab501f5
2025-06-26T20:42:53.973-0700 [TRACE] sdk.framework: Checking ResourceTypes lock: tf_rpc=PlanResourceChange tf_resource_type=keep_mapping_rule tf_req_id=36263340-b7bf-db75-0586-87604ab501f5 tf_provider_addr=registry.terraform.io/hashicorp/keep
2025-06-26T20:42:53.973-0700 [TRACE] sdk.framework: Checking ResourceTypes lock: tf_req_id=36263340-b7bf-db75-0586-87604ab501f5 tf_provider_addr=registry.terraform.io/hashicorp/keep tf_rpc=PlanResourceChange tf_resource_type=keep_mapping_rule
2025-06-26T20:42:53.973-0700 [TRACE] sdk.framework: Checking ResourceBehaviors lock: tf_req_id=36263340-b7bf-db75-0586-87604ab501f5 tf_provider_addr=registry.terraform.io/hashicorp/keep tf_rpc=PlanResourceChange tf_resource_type=keep_mapping_rule
2025-06-26T20:42:53.973-0700 [TRACE] sdk.framework: Checking ProviderTypeName lock: tf_req_id=36263340-b7bf-db75-0586-87604ab501f5 tf_provider_addr=registry.terraform.io/hashicorp/keep tf_rpc=PlanResourceChange tf_resource_type=keep_mapping_rule
2025-06-26T20:42:53.973-0700 [TRACE] sdk.framework: Checking ResourceTypes lock: tf_req_id=36263340-b7bf-db75-0586-87604ab501f5 tf_provider_addr=registry.terraform.io/hashicorp/keep tf_rpc=PlanResourceChange tf_resource_type=keep_mapping_rule
2025-06-26T20:42:53.973-0700 [TRACE] sdk.framework: Found resource type: tf_req_id=36263340-b7bf-db75-0586-87604ab501f5 tf_provider_addr=registry.terraform.io/hashicorp/keep tf_rpc=PlanResourceChange tf_resource_type=keep_extraction_rule
2025-06-26T20:42:53.973-0700 [TRACE] sdk.framework: Found resource type: tf_req_id=36263340-b7bf-db75-0586-87604ab501f5 tf_provider_addr=registry.terraform.io/hashicorp/keep tf_rpc=PlanResourceChange tf_resource_type=keep_alert
2025-06-26T20:42:53.973-0700 [TRACE] sdk.framework: Found resource type: tf_req_id=36263340-b7bf-db75-0586-87604ab501f5 tf_provider_addr=registry.terraform.io/hashicorp/keep tf_rpc=PlanResourceChange tf_resource_type=keep_mapping_rule
2025-06-26T20:42:53.973-0700 [TRACE] sdk.framework: Found resource type: tf_resource_type=keep_provider tf_req_id=36263340-b7bf-db75-0586-87604ab501f5 tf_provider_addr=registry.terraform.io/hashicorp/keep tf_rpc=PlanResourceChange
2025-06-26T20:42:53.973-0700 [TRACE] sdk.framework: Resource implements ResourceWithConfigure: tf_resource_type=keep_mapping_rule tf_req_id=36263340-b7bf-db75-0586-87604ab501f5 tf_provider_addr=registry.terraform.io/hashicorp/keep tf_rpc=PlanResourceChange
2025-06-26T20:42:53.973-0700 [TRACE] sdk.framework: Calling provider defined Resource Configure: tf_resource_type=keep_mapping_rule tf_req_id=36263340-b7bf-db75-0586-87604ab501f5 tf_provider_addr=registry.terraform.io/hashicorp/keep tf_rpc=PlanResourceChange
2025-06-26T20:42:53.973-0700 [TRACE] sdk.framework: Called provider defined Resource Configure: tf_req_id=36263340-b7bf-db75-0586-87604ab501f5 tf_provider_addr=registry.terraform.io/hashicorp/keep tf_rpc=PlanResourceChange tf_resource_type=keep_mapping_rule
2025-06-26T20:42:53.973-0700 [TRACE] sdk.framework: Type implements TypeWithValidate: tf_resource_type=keep_mapping_rule tf_req_id=36263340-b7bf-db75-0586-87604ab501f5 tf_provider_addr=registry.terraform.io/hashicorp/keep tf_rpc=PlanResourceChange
2025-06-26T20:42:53.973-0700 [TRACE] sdk.framework: Calling provider defined Type Validate: tf_rpc=PlanResourceChange tf_resource_type=keep_mapping_rule tf_req_id=36263340-b7bf-db75-0586-87604ab501f5 tf_provider_addr=registry.terraform.io/hashicorp/keep
2025-06-26T20:42:53.973-0700 [TRACE] sdk.framework: Called provider defined Type Validate: tf_req_id=36263340-b7bf-db75-0586-87604ab501f5 tf_provider_addr=registry.terraform.io/hashicorp/keep tf_rpc=PlanResourceChange tf_resource_type=keep_mapping_rule
2025-06-26T20:42:53.973-0700 [TRACE] sdk.framework: attribute is a non-schema attribute, not setting default: tf_rpc=PlanResourceChange tf_resource_type=keep_mapping_rule tf_req_id=36263340-b7bf-db75-0586-87604ab501f5 tf_provider_addr=registry.terraform.io/hashicorp/keep
2025-06-26T20:42:53.973-0700 [TRACE] sdk.framework: attribute is a non-schema attribute, not setting default: tf_req_id=36263340-b7bf-db75-0586-87604ab501f5 tf_provider_addr=registry.terraform.io/hashicorp/keep tf_rpc=PlanResourceChange tf_resource_type=keep_mapping_rule
2025-06-26T20:42:53.973-0700 [TRACE] sdk.framework: Type implements TypeWithValidate: tf_resource_type=keep_mapping_rule tf_req_id=36263340-b7bf-db75-0586-87604ab501f5 tf_provider_addr=registry.terraform.io/hashicorp/keep tf_rpc=PlanResourceChange
2025-06-26T20:42:53.973-0700 [TRACE] sdk.framework: Calling provider defined Type Validate: tf_rpc=PlanResourceChange tf_resource_type=keep_mapping_rule tf_req_id=36263340-b7bf-db75-0586-87604ab501f5 tf_provider_addr=registry.terraform.io/hashicorp/keep
2025-06-26T20:42:53.973-0700 [TRACE] sdk.framework: Called provider defined Type Validate: tf_req_id=36263340-b7bf-db75-0586-87604ab501f5 tf_provider_addr=registry.terraform.io/hashicorp/keep tf_rpc=PlanResourceChange tf_resource_type=keep_mapping_rule
2025-06-26T20:42:53.973-0700 [TRACE] sdk.framework: attribute is a non-schema attribute, not nullifying: tf_rpc=PlanResourceChange tf_resource_type=keep_mapping_rule tf_attribute_path="AttributeName(\"matchers\").ElementKeyString(\"env\")" tf_req_id=36263340-b7bf-db75-0586-87604ab501f5 tf_provider_addr=registry.terraform.io/hashicorp/keep
2025-06-26T20:42:53.973-0700 [TRACE] sdk.framework: attribute is a non-schema attribute, not nullifying: tf_provider_addr=registry.terraform.io/hashicorp/keep tf_rpc=PlanResourceChange tf_resource_type=keep_mapping_rule tf_attribute_path="AttributeName(\"matchers\").ElementKeyString(\"team\")" tf_req_id=36263340-b7bf-db75-0586-87604ab501f5
2025-06-26T20:42:53.973-0700 [DEBUG] sdk.framework: Marking Computed attributes with null configuration values as unknown (known after apply) in the plan to prevent potential Terraform errors: tf_resource_type=keep_mapping_rule tf_req_id=36263340-b7bf-db75-0586-87604ab501f5 tf_provider_addr=registry.terraform.io/hashicorp/keep tf_rpc=PlanResourceChange
2025-06-26T20:42:53.973-0700 [TRACE] sdk.framework: Attribute/block not null in configuration, not marking unknown: tf_rpc=PlanResourceChange tf_resource_type=keep_mapping_rule tf_req_id=36263340-b7bf-db75-0586-87604ab501f5 tf_attribute_path="AttributeName(\"description\")" tf_provider_addr=registry.terraform.io/hashicorp/keep
2025-06-26T20:42:53.973-0700 [TRACE] sdk.framework: Attribute/block not null in configuration, not marking unknown: tf_resource_type=keep_mapping_rule tf_req_id=36263340-b7bf-db75-0586-87604ab501f5 tf_attribute_path="AttributeName(\"disabled\")" tf_provider_addr=registry.terraform.io/hashicorp/keep tf_rpc=PlanResourceChange
2025-06-26T20:42:53.973-0700 [DEBUG] sdk.framework: marking computed attribute that is null in the config as unknown: tf_provider_addr=registry.terraform.io/hashicorp/keep tf_rpc=PlanResourceChange tf_resource_type=keep_mapping_rule tf_req_id=36263340-b7bf-db75-0586-87604ab501f5 tf_attribute_path="AttributeName(\"id\")"
2025-06-26T20:42:53.973-0700 [TRACE] sdk.framework: attribute is a non-schema attribute, not marking unknown: tf_resource_type=keep_mapping_rule tf_req_id=36263340-b7bf-db75-0586-87604ab501f5 tf_attribute_path="AttributeName(\"matchers\").ElementKeyString(\"env\")" tf_provider_addr=registry.terraform.io/hashicorp/keep tf_rpc=PlanResourceChange
2025-06-26T20:42:53.973-0700 [TRACE] sdk.framework: attribute is a non-schema attribute, not marking unknown: tf_rpc=PlanResourceChange tf_resource_type=keep_mapping_rule tf_req_id=36263340-b7bf-db75-0586-87604ab501f5 tf_attribute_path="AttributeName(\"matchers\").ElementKeyString(\"team\")" tf_provider_addr=registry.terraform.io/hashicorp/keep
2025-06-26T20:42:53.973-0700 [TRACE] sdk.framework: Attribute/block not null in configuration, not marking unknown: tf_req_id=36263340-b7bf-db75-0586-87604ab501f5 tf_attribute_path="AttributeName(\"matchers\")" tf_provider_addr=registry.terraform.io/hashicorp/keep tf_rpc=PlanResourceChange tf_resource_type=keep_mapping_rule
2025-06-26T20:42:53.973-0700 [TRACE] sdk.framework: Attribute/block not null in configuration, not marking unknown: tf_rpc=PlanResourceChange tf_resource_type=keep_mapping_rule tf_req_id=36263340-b7bf-db75-0586-87604ab501f5 tf_attribute_path="AttributeName(\"name\")" tf_provider_addr=registry.terraform.io/hashicorp/keep
2025-06-26T20:42:53.973-0700 [TRACE] sdk.framework: Attribute/block not null in configuration, not marking unknown: tf_attribute_path="AttributeName(\"priority\")" tf_provider_addr=registry.terraform.io/hashicorp/keep tf_rpc=PlanResourceChange tf_resource_type=keep_mapping_rule tf_req_id=36263340-b7bf-db75-0586-87604ab501f5
2025-06-26T20:42:53.973-0700 [TRACE] sdk.framework: Attribute/block not null in configuration, not marking unknown: tf_req_id=36263340-b7bf-db75-0586-87604ab501f5 tf_attribute_path="AttributeName(\"csv_data\")" tf_provider_addr=registry.terraform.io/hashicorp/keep tf_rpc=PlanResourceChange tf_resource_type=keep_mapping_rule
2025-06-26T20:42:53.973-0700 [TRACE] sdk.framework: At least one Computed null Config value was changed to unknown: tf_provider_addr=registry.terraform.io/hashicorp/keep tf_rpc=PlanResourceChange tf_resource_type=keep_mapping_rule tf_req_id=36263340-b7bf-db75-0586-87604ab501f5
2025-06-26T20:42:53.974-0700 [TRACE] sdk.framework: Calling provider defined planmodifier.String: tf_provider_addr=registry.terraform.io/hashicorp/keep tf_rpc=PlanResourceChange tf_resource_type=keep_mapping_rule tf_req_id=36263340-b7bf-db75-0586-87604ab501f5 tf_attribute_path=id description="Once set, the value of this attribute in state will not change."
2025-06-26T20:42:53.974-0700 [TRACE] sdk.framework: Called provider defined planmodifier.String: tf_provider_addr=registry.terraform.io/hashicorp/keep tf_rpc=PlanResourceChange tf_resource_type=keep_mapping_rule tf_req_id=36263340-b7bf-db75-0586-87604ab501f5 tf_attribute_path=id description="Once set, the value of this attribute in state will not change."
2025-06-26T20:42:53.974-0700 [TRACE] sdk.framework: Type implements TypeWithValidate: tf_resource_type=keep_mapping_rule tf_req_id=36263340-b7bf-db75-0586-87604ab501f5 tf_provider_addr=registry.terraform.io/hashicorp/keep tf_rpc=PlanResourceChange
2025-06-26T20:42:53.974-0700 [TRACE] sdk.framework: Calling provider defined Type Validate: tf_req_id=36263340-b7bf-db75-0586-87604ab501f5 tf_provider_addr=registry.terraform.io/hashicorp/keep tf_rpc=PlanResourceChange tf_resource_type=keep_mapping_rule
2025-06-26T20:42:53.974-0700 [TRACE] sdk.framework: Called provider defined Type Validate: tf_req_id=36263340-b7bf-db75-0586-87604ab501f5 tf_provider_addr=registry.terraform.io/hashicorp/keep tf_rpc=PlanResourceChange tf_resource_type=keep_mapping_rule
2025-06-26T20:42:53.974-0700 [TRACE] sdk.framework: Type implements TypeWithValidate: tf_req_id=36263340-b7bf-db75-0586-87604ab501f5 tf_provider_addr=registry.terraform.io/hashicorp/keep tf_rpc=PlanResourceChange tf_resource_type=keep_mapping_rule
2025-06-26T20:42:53.974-0700 [TRACE] sdk.framework: Calling provider defined Type Validate: tf_req_id=36263340-b7bf-db75-0586-87604ab501f5 tf_provider_addr=registry.terraform.io/hashicorp/keep tf_rpc=PlanResourceChange tf_resource_type=keep_mapping_rule
2025-06-26T20:42:53.974-0700 [TRACE] sdk.framework: Called provider defined Type Validate: tf_resource_type=keep_mapping_rule tf_req_id=36263340-b7bf-db75-0586-87604ab501f5 tf_provider_addr=registry.terraform.io/hashicorp/keep tf_rpc=PlanResourceChange
2025-06-26T20:42:53.974-0700 [TRACE] sdk.framework: Type implements TypeWithValidate: tf_resource_type=keep_mapping_rule tf_attribute_path=priority tf_req_id=36263340-b7bf-db75-0586-87604ab501f5 tf_provider_addr=registry.terraform.io/hashicorp/keep tf_rpc=PlanResourceChange
2025-06-26T20:42:53.974-0700 [TRACE] sdk.framework: Calling provider defined Type Validate: tf_req_id=36263340-b7bf-db75-0586-87604ab501f5 tf_provider_addr=registry.terraform.io/hashicorp/keep tf_rpc=PlanResourceChange tf_resource_type=keep_mapping_rule tf_attribute_path=priority
2025-06-26T20:42:53.974-0700 [TRACE] sdk.framework: Called provider defined Type Validate: tf_resource_type=keep_mapping_rule tf_attribute_path=priority tf_req_id=36263340-b7bf-db75-0586-87604ab501f5 tf_provider_addr=registry.terraform.io/hashicorp/keep tf_rpc=PlanResourceChange
2025-06-26T20:42:53.974-0700 [TRACE] sdk.framework: Type implements TypeWithValidate: tf_provider_addr=registry.terraform.io/hashicorp/keep tf_rpc=PlanResourceChange tf_resource_type=keep_mapping_rule tf_req_id=36263340-b7bf-db75-0586-87604ab501f5
2025-06-26T20:42:53.974-0700 [TRACE] sdk.framework: Calling provider defined Type Validate: tf_req_id=36263340-b7bf-db75-0586-87604ab501f5 tf_provider_addr=registry.terraform.io/hashicorp/keep tf_rpc=PlanResourceChange tf_resource_type=keep_mapping_rule
2025-06-26T20:42:53.974-0700 [TRACE] sdk.framework: Called provider defined Type Validate: tf_req_id=36263340-b7bf-db75-0586-87604ab501f5 tf_provider_addr=registry.terraform.io/hashicorp/keep tf_rpc=PlanResourceChange tf_resource_type=keep_mapping_rule
2025-06-26T20:42:53.974-0700 [TRACE] sdk.framework: Type implements TypeWithValidate: tf_req_id=36263340-b7bf-db75-0586-87604ab501f5 tf_provider_addr=registry.terraform.io/hashicorp/keep tf_rpc=PlanResourceChange tf_resource_type=keep_mapping_rule
2025-06-26T20:42:53.974-0700 [TRACE] sdk.framework: Calling provider defined Type Validate: tf_req_id=36263340-b7bf-db75-0586-87604ab501f5 tf_provider_addr=registry.terraform.io/hashicorp/keep tf_rpc=PlanResourceChange tf_resource_type=keep_mapping_rule
2025-06-26T20:42:53.974-0700 [TRACE] sdk.framework: Called provider defined Type Validate: tf_resource_type=keep_mapping_rule tf_req_id=36263340-b7bf-db75-0586-87604ab501f5 tf_provider_addr=registry.terraform.io/hashicorp/keep tf_rpc=PlanResourceChange
2025-06-26T20:42:53.974-0700 [TRACE] sdk.framework: Type implements TypeWithValidate: tf_provider_addr=registry.terraform.io/hashicorp/keep tf_rpc=PlanResourceChange tf_resource_type=keep_mapping_rule tf_req_id=36263340-b7bf-db75-0586-87604ab501f5 tf_attribute_path=matchers
2025-06-26T20:42:53.974-0700 [TRACE] sdk.framework: Calling provider defined Type Validate: tf_provider_addr=registry.terraform.io/hashicorp/keep tf_rpc=PlanResourceChange tf_resource_type=keep_mapping_rule tf_req_id=36263340-b7bf-db75-0586-87604ab501f5 tf_attribute_path=matchers
2025-06-26T20:42:53.974-0700 [TRACE] sdk.framework: Called provider defined Type Validate: tf_req_id=36263340-b7bf-db75-0586-87604ab501f5 tf_attribute_path=matchers tf_provider_addr=registry.terraform.io/hashicorp/keep tf_rpc=PlanResourceChange tf_resource_type=keep_mapping_rule
2025-06-26T20:42:53.974-0700 [TRACE] sdk.proto: Received downstream response: tf_rpc=PlanResourceChange tf_resource_type=keep_mapping_rule tf_req_id=36263340-b7bf-db75-0586-87604ab501f5 diagnostic_error_count=0 diagnostic_warning_count=0 tf_req_duration_ms=0 tf_provider_addr=registry.terraform.io/hashicorp/keep tf_proto_version=6.9
2025-06-26T20:42:53.974-0700 [TRACE] sdk.proto: Served request: tf_proto_version=6.9 tf_rpc=PlanResourceChange tf_resource_type=keep_mapping_rule tf_req_id=36263340-b7bf-db75-0586-87604ab501f5 tf_provider_addr=registry.terraform.io/hashicorp/keep
2025-06-26T20:42:53.981-0700 [TRACE] sdk.helper_resource: Called Terraform CLI refresh command: test_name=TestAccMappingRuleResource test_terraform_path=/opt/homebrew/bin/terraform test_working_directory=/var/folders/yn/gzqxcdd94r9b63yr0c7_bs_40000gn/T/plugintest966882693 test_step_number=1
2025-06-26T20:42:53.981-0700 [TRACE] sdk.helper_resource: Called wrapped Terraform CLI command: test_name=TestAccMappingRuleResource test_terraform_path=/opt/homebrew/bin/terraform test_working_directory=/var/folders/yn/gzqxcdd94r9b63yr0c7_bs_40000gn/T/plugintest966882693 test_step_number=1
2025-06-26T20:42:53.981-0700 [DEBUG] sdk.helper_resource: Stopping providers: test_name=TestAccMappingRuleResource test_terraform_path=/opt/homebrew/bin/terraform test_working_directory=/var/folders/yn/gzqxcdd94r9b63yr0c7_bs_40000gn/T/plugintest966882693 test_step_number=1
2025-06-26T20:42:53.981-0700 [TRACE] sdk.helper_resource: Waiting for providers to stop: test_terraform_path=/opt/homebrew/bin/terraform test_working_directory=/var/folders/yn/gzqxcdd94r9b63yr0c7_bs_40000gn/T/plugintest966882693 test_step_number=1 test_name=TestAccMappingRuleResource
2025-06-26T20:42:53.981-0700 [TRACE] sdk.helper_resource: Providers have successfully stopped: test_name=TestAccMappingRuleResource test_terraform_path=/opt/homebrew/bin/terraform test_working_directory=/var/folders/yn/gzqxcdd94r9b63yr0c7_bs_40000gn/T/plugintest966882693 test_step_number=1
2025-06-26T20:42:53.981-0700 [DEBUG] sdk.helper_resource: Running Terraform CLI plan and apply: test_step_number=1 test_name=TestAccMappingRuleResource test_terraform_path=/opt/homebrew/bin/terraform test_working_directory=/var/folders/yn/gzqxcdd94r9b63yr0c7_bs_40000gn/T/plugintest966882693
2025-06-26T20:42:53.981-0700 [DEBUG] sdk.helper_resource: Creating tfprotov6 provider instance: test_terraform_path=/opt/homebrew/bin/terraform tf_provider_addr=registry.terraform.io/hashicorp/keep test_working_directory=/var/folders/yn/gzqxcdd94r9b63yr0c7_bs_40000gn/T/plugintest966882693 test_step_number=1 test_name=TestAccMappingRuleResource
2025-06-26T20:42:53.981-0700 [DEBUG] sdk.helper_resource: Created tfprotov6 provider instance: test_name=TestAccMappingRuleResource test_terraform_path=/opt/homebrew/bin/terraform test_working_directory=/var/folders/yn/gzqxcdd94r9b63yr0c7_bs_40000gn/T/plugintest966882693 test_step_number=1 tf_provider_addr=registry.terraform.io/hashicorp/keep
2025-06-26T20:42:53.981-0700 [DEBUG] sdk.helper_resource: Starting tfprotov6 provider instance server: test_working_directory=/var/folders/yn/gzqxcdd94r9b63yr0c7_bs_40000gn/T/plugintest966882693 test_step_number=1 tf_provider_addr=registry.terraform.io/hashicorp/keep test_name=TestAccMappingRuleResource test_terraform_path=/opt/homebrew/bin/terraform
2025-06-26T20:42:53.981-0700 [DEBUG] sdk.helper_resource: Started tfprotov6 provider instance server: test_terraform_path=/opt/homebrew/bin/terraform test_working_directory=/var/folders/yn/gzqxcdd94r9b63yr0c7_bs_40000gn/T/plugintest966882693 test_step_number=1 tf_provider_addr=registry.terraform.io/hashicorp/keep test_name=TestAccMappingRuleResource
2025-06-26T20:42:53.981-0700 [TRACE] sdk.helper_resource: Setting Terraform CLI reattach configuration: test_name=TestAccMappingRuleResource test_terraform_path=/opt/homebrew/bin/terraform test_working_directory=/var/folders/yn/gzqxcdd94r9b63yr0c7_bs_40000gn/T/plugintest966882693 test_step_number=1 tf_reattach_config="map[registry.terraform.io/-/keep:{grpc 6 2128 true {unix /var/folders/yn/gzqxcdd94r9b63yr0c7_bs_40000gn/T/plugin3259739671}} registry.terraform.io/hashicorp/keep:{grpc 6 2128 true {unix /var/folders/yn/gzqxcdd94r9b63yr0c7_bs_40000gn/T/plugin3259739671}}]"
2025-06-26T20:42:53.981-0700 [TRACE] sdk.helper_resource: Calling wrapped Terraform CLI command: test_terraform_path=/opt/homebrew/bin/terraform test_working_directory=/var/folders/yn/gzqxcdd94r9b63yr0c7_bs_40000gn/T/plugintest966882693 test_step_number=1 test_name=TestAccMappingRuleResource
2025-06-26T20:42:53.981-0700 [TRACE] sdk.helper_resource: Calling Terraform CLI plan command: test_step_number=1 test_name=TestAccMappingRuleResource test_terraform_path=/opt/homebrew/bin/terraform test_working_directory=/var/folders/yn/gzqxcdd94r9b63yr0c7_bs_40000gn/T/plugintest966882693
2025-06-26T20:42:54.001-0700 [TRACE] sdk.proto: Received request: tf_proto_version=6.9 tf_req_id=9a6684a3-6b43-372e-f86c-b7d92d149f75 tf_provider_addr=registry.terraform.io/hashicorp/keep tf_rpc=GetProviderSchema
2025-06-26T20:42:54.001-0700 [TRACE] sdk.proto: Sending request downstream: tf_req_id=9a6684a3-6b43-372e-f86c-b7d92d149f75 tf_provider_addr=registry.terraform.io/hashicorp/keep tf_rpc=GetProviderSchema tf_proto_version=6.9
2025-06-26T20:42:54.002-0700 [TRACE] sdk.framework: Checking ProviderSchema lock: tf_provider_addr=registry.terraform.io/hashicorp/keep tf_req_id=9a6684a3-6b43-372e-f86c-b7d92d149f75 tf_rpc=GetProviderSchema
2025-06-26T20:42:54.002-0700 [TRACE] sdk.framework: Calling provider defined Provider Schema: tf_rpc=GetProviderSchema tf_provider_addr=registry.terraform.io/hashicorp/keep tf_req_id=9a6684a3-6b43-372e-f86c-b7d92d149f75
2025-06-26T20:42:54.002-0700 [TRACE] sdk.framework: Called provider defined Provider Schema: tf_provider_addr=registry.terraform.io/hashicorp/keep tf_req_id=9a6684a3-6b43-372e-f86c-b7d92d149f75 tf_rpc=GetProviderSchema
2025-06-26T20:42:54.002-0700 [TRACE] sdk.framework: Checking ResourceTypes lock: tf_provider_addr=registry.terraform.io/hashicorp/keep tf_req_id=9a6684a3-6b43-372e-f86c-b7d92d149f75 tf_rpc=GetProviderSchema
2025-06-26T20:42:54.002-0700 [TRACE] sdk.framework: Checking ProviderTypeName lock: tf_provider_addr=registry.terraform.io/hashicorp/keep tf_req_id=9a6684a3-6b43-372e-f86c-b7d92d149f75 tf_rpc=GetProviderSchema
2025-06-26T20:42:54.002-0700 [TRACE] sdk.framework: Calling provider defined Provider Metadata: tf_provider_addr=registry.terraform.io/hashicorp/keep tf_req_id=9a6684a3-6b43-372e-f86c-b7d92d149f75 tf_rpc=GetProviderSchema
2025-06-26T20:42:54.002-0700 [TRACE] sdk.framework: Called provider defined Provider Metadata: tf_provider_addr=registry.terraform.io/hashicorp/keep tf_req_id=9a6684a3-6b43-372e-f86c-b7d92d149f75 tf_rpc=GetProviderSchema
2025-06-26T20:42:54.002-0700 [TRACE] sdk.framework: Calling provider defined Provider Resources: tf_provider_addr=registry.terraform.io/hashicorp/keep tf_req_id=9a6684a3-6b43-372e-f86c-b7d92d149f75 tf_rpc=GetProviderSchema
2025-06-26T20:42:54.002-0700 [TRACE] sdk.framework: Called provider defined Provider Resources: tf_provider_addr=registry.terraform.io/hashicorp/keep tf_req_id=9a6684a3-6b43-372e-f86c-b7d92d149f75 tf_rpc=GetProviderSchema
2025-06-26T20:42:54.002-0700 [TRACE] sdk.framework: Found resource type: tf_provider_addr=registry.terraform.io/hashicorp/keep tf_req_id=9a6684a3-6b43-372e-f86c-b7d92d149f75 tf_rpc=GetProviderSchema tf_resource_type=keep_provider
2025-06-26T20:42:54.002-0700 [TRACE] sdk.framework: Found resource type: tf_req_id=9a6684a3-6b43-372e-f86c-b7d92d149f75 tf_resource_type=keep_extraction_rule tf_rpc=GetProviderSchema tf_provider_addr=registry.terraform.io/hashicorp/keep
2025-06-26T20:42:54.002-0700 [TRACE] sdk.framework: Found resource type: tf_provider_addr=registry.terraform.io/hashicorp/keep tf_req_id=9a6684a3-6b43-372e-f86c-b7d92d149f75 tf_rpc=GetProviderSchema tf_resource_type=keep_alert
2025-06-26T20:42:54.002-0700 [TRACE] sdk.framework: Found resource type: tf_provider_addr=registry.terraform.io/hashicorp/keep tf_req_id=9a6684a3-6b43-372e-f86c-b7d92d149f75 tf_rpc=GetProviderSchema tf_resource_type=keep_mapping_rule
2025-06-26T20:42:54.002-0700 [TRACE] sdk.framework: Calling provider defined Resource Schema method: tf_provider_addr=registry.terraform.io/hashicorp/keep tf_req_id=9a6684a3-6b43-372e-f86c-b7d92d149f75 tf_rpc=GetProviderSchema tf_resource_type=keep_provider
2025-06-26T20:42:54.002-0700 [TRACE] sdk.framework: Called provider defined Resource Schema method: tf_provider_addr=registry.terraform.io/hashicorp/keep tf_req_id=9a6684a3-6b43-372e-f86c-b7d92d149f75 tf_rpc=GetProviderSchema tf_resource_type=keep_provider
2025-06-26T20:42:54.002-0700 [TRACE] sdk.framework: Calling provider defined Resource Schema method: tf_provider_addr=registry.terraform.io/hashicorp/keep tf_req_id=9a6684a3-6b43-372e-f86c-b7d92d149f75 tf_rpc=GetProviderSchema tf_resource_type=keep_extraction_rule
2025-06-26T20:42:54.002-0700 [TRACE] sdk.framework: Called provider defined Resource Schema method: tf_req_id=9a6684a3-6b43-372e-f86c-b7d92d149f75 tf_rpc=GetProviderSchema tf_provider_addr=registry.terraform.io/hashicorp/keep tf_resource_type=keep_extraction_rule
2025-06-26T20:42:54.002-0700 [TRACE] sdk.framework: Calling provider defined Resource Schema method: tf_req_id=9a6684a3-6b43-372e-f86c-b7d92d149f75 tf_rpc=GetProviderSchema tf_provider_addr=registry.terraform.io/hashicorp/keep tf_resource_type=keep_alert
2025-06-26T20:42:54.002-0700 [TRACE] sdk.framework: Called provider defined Resource Schema method: tf_resource_type=keep_alert tf_provider_addr=registry.terraform.io/hashicorp/keep tf_req_id=9a6684a3-6b43-372e-f86c-b7d92d149f75 tf_rpc=GetProviderSchema
2025-06-26T20:42:54.002-0700 [TRACE] sdk.framework: Calling provider defined Resource Schema method: tf_provider_addr=registry.terraform.io/hashicorp/keep tf_req_id=9a6684a3-6b43-372e-f86c-b7d92d149f75 tf_rpc=GetProviderSchema tf_resource_type=keep_mapping_rule
2025-06-26T20:42:54.002-0700 [TRACE] sdk.framework: Called provider defined Resource Schema method: tf_req_id=9a6684a3-6b43-372e-f86c-b7d92d149f75 tf_resource_type=keep_mapping_rule tf_rpc=GetProviderSchema tf_provider_addr=registry.terraform.io/hashicorp/keep
2025-06-26T20:42:54.002-0700 [TRACE] sdk.framework: Checking DataSourceTypes lock: tf_rpc=GetProviderSchema tf_provider_addr=registry.terraform.io/hashicorp/keep tf_req_id=9a6684a3-6b43-372e-f86c-b7d92d149f75
2025-06-26T20:42:54.002-0700 [TRACE] sdk.framework: Checking ProviderTypeName lock: tf_provider_addr=registry.terraform.io/hashicorp/keep tf_req_id=9a6684a3-6b43-372e-f86c-b7d92d149f75 tf_rpc=GetProviderSchema
2025-06-26T20:42:54.002-0700 [TRACE] sdk.framework: Calling provider defined Provider DataSources: tf_provider_addr=registry.terraform.io/hashicorp/keep tf_req_id=9a6684a3-6b43-372e-f86c-b7d92d149f75 tf_rpc=GetProviderSchema
2025-06-26T20:42:54.002-0700 [TRACE] sdk.framework: Called provider defined Provider DataSources: tf_provider_addr=registry.terraform.io/hashicorp/keep tf_req_id=9a6684a3-6b43-372e-f86c-b7d92d149f75 tf_rpc=GetProviderSchema
2025-06-26T20:42:54.002-0700 [TRACE] sdk.framework: Checking FunctionTypes lock: tf_rpc=GetProviderSchema tf_provider_addr=registry.terraform.io/hashicorp/keep tf_req_id=9a6684a3-6b43-372e-f86c-b7d92d149f75
2025-06-26T20:42:54.002-0700 [TRACE] sdk.framework: Checking EphemeralResourceFuncs lock: tf_provider_addr=registry.terraform.io/hashicorp/keep tf_req_id=9a6684a3-6b43-372e-f86c-b7d92d149f75 tf_rpc=GetProviderSchema
2025-06-26T20:42:54.002-0700 [TRACE] sdk.framework: Checking ProviderTypeName lock: tf_provider_addr=registry.terraform.io/hashicorp/keep tf_req_id=9a6684a3-6b43-372e-f86c-b7d92d149f75 tf_rpc=GetProviderSchema
2025-06-26T20:42:54.002-0700 [TRACE] sdk.proto: Received downstream response: tf_provider_addr=registry.terraform.io/hashicorp/keep tf_rpc=GetProviderSchema diagnostic_error_count=0 diagnostic_warning_count=0 tf_req_duration_ms=0 tf_proto_version=6.9 tf_req_id=9a6684a3-6b43-372e-f86c-b7d92d149f75
2025-06-26T20:42:54.002-0700 [TRACE] sdk.proto: Announced server capabilities: tf_server_capability_get_provider_schema_optional=true tf_server_capability_move_resource_state=true tf_server_capability_plan_destroy=true tf_proto_version=6.9 tf_req_id=9a6684a3-6b43-372e-f86c-b7d92d149f75 tf_provider_addr=registry.terraform.io/hashicorp/keep tf_rpc=GetProviderSchema
2025-06-26T20:42:54.002-0700 [TRACE] sdk.proto: Served request: tf_proto_version=6.9 tf_req_id=9a6684a3-6b43-372e-f86c-b7d92d149f75 tf_provider_addr=registry.terraform.io/hashicorp/keep tf_rpc=GetProviderSchema
2025-06-26T20:42:54.002-0700 [TRACE] sdk.proto: Received request: tf_req_id=f96570e9-f567-db6a-c5fc-141a37ce0a78 tf_provider_addr=registry.terraform.io/hashicorp/keep tf_proto_version=6.9 tf_rpc=ValidateProviderConfig
2025-06-26T20:42:54.002-0700 [TRACE] sdk.proto: Sending request downstream: tf_provider_addr=registry.terraform.io/hashicorp/keep tf_proto_version=6.9 tf_rpc=ValidateProviderConfig tf_req_id=f96570e9-f567-db6a-c5fc-141a37ce0a78
2025-06-26T20:42:54.002-0700 [TRACE] sdk.framework: Checking ProviderSchema lock: tf_req_id=f96570e9-f567-db6a-c5fc-141a37ce0a78 tf_provider_addr=registry.terraform.io/hashicorp/keep tf_rpc=ValidateProviderConfig
2025-06-26T20:42:54.003-0700 [TRACE] sdk.proto: Received downstream response: tf_req_duration_ms=0 tf_provider_addr=registry.terraform.io/hashicorp/keep tf_proto_version=6.9 tf_rpc=ValidateProviderConfig tf_req_id=f96570e9-f567-db6a-c5fc-141a37ce0a78 diagnostic_error_count=0 diagnostic_warning_count=0
2025-06-26T20:42:54.003-0700 [TRACE] sdk.proto: Served request: tf_rpc=ValidateProviderConfig tf_req_id=f96570e9-f567-db6a-c5fc-141a37ce0a78 tf_provider_addr=registry.terraform.io/hashicorp/keep tf_proto_version=6.9
2025-06-26T20:42:54.003-0700 [TRACE] sdk.proto: Received request: tf_req_id=e7b51ea1-8ddd-e751-02de-266b2c6d3cd2 tf_provider_addr=registry.terraform.io/hashicorp/keep tf_proto_version=6.9 tf_rpc=ValidateResourceConfig tf_resource_type=keep_mapping_rule
2025-06-26T20:42:54.003-0700 [TRACE] sdk.proto: Announced client capabilities: tf_resource_type=keep_mapping_rule tf_req_id=e7b51ea1-8ddd-e751-02de-266b2c6d3cd2 tf_provider_addr=registry.terraform.io/hashicorp/keep tf_client_capability_write_only_attributes_allowed=true tf_proto_version=6.9 tf_rpc=ValidateResourceConfig
2025-06-26T20:42:54.003-0700 [TRACE] sdk.proto: Sending request downstream: tf_proto_version=6.9 tf_rpc=ValidateResourceConfig tf_resource_type=keep_mapping_rule tf_req_id=e7b51ea1-8ddd-e751-02de-266b2c6d3cd2 tf_provider_addr=registry.terraform.io/hashicorp/keep
2025-06-26T20:42:54.003-0700 [TRACE] sdk.framework: Checking ResourceTypes lock: tf_provider_addr=registry.terraform.io/hashicorp/keep tf_req_id=e7b51ea1-8ddd-e751-02de-266b2c6d3cd2 tf_rpc=ValidateResourceConfig tf_resource_type=keep_mapping_rule
2025-06-26T20:42:54.003-0700 [TRACE] sdk.framework: Checking ResourceTypes lock: tf_provider_addr=registry.terraform.io/hashicorp/keep tf_req_id=e7b51ea1-8ddd-e751-02de-266b2c6d3cd2 tf_rpc=ValidateResourceConfig tf_resource_type=keep_mapping_rule
2025-06-26T20:42:54.003-0700 [TRACE] sdk.framework: Calling provider defined Resource Schema method: tf_req_id=e7b51ea1-8ddd-e751-02de-266b2c6d3cd2 tf_rpc=ValidateResourceConfig tf_resource_type=keep_mapping_rule tf_provider_addr=registry.terraform.io/hashicorp/keep
2025-06-26T20:42:54.003-0700 [TRACE] sdk.framework: Called provider defined Resource Schema method: tf_rpc=ValidateResourceConfig tf_resource_type=keep_mapping_rule tf_provider_addr=registry.terraform.io/hashicorp/keep tf_req_id=e7b51ea1-8ddd-e751-02de-266b2c6d3cd2
2025-06-26T20:42:54.003-0700 [TRACE] sdk.framework: Resource implements ResourceWithConfigure: tf_resource_type=keep_mapping_rule tf_provider_addr=registry.terraform.io/hashicorp/keep tf_req_id=e7b51ea1-8ddd-e751-02de-266b2c6d3cd2 tf_rpc=ValidateResourceConfig
2025-06-26T20:42:54.003-0700 [TRACE] sdk.framework: Calling provider defined Resource Configure: tf_provider_addr=registry.terraform.io/hashicorp/keep tf_req_id=e7b51ea1-8ddd-e751-02de-266b2c6d3cd2 tf_rpc=ValidateResourceConfig tf_resource_type=keep_mapping_rule
2025-06-26T20:42:54.003-0700 [TRACE] sdk.framework: Called provider defined Resource Configure: tf_provider_addr=registry.terraform.io/hashicorp/keep tf_req_id=e7b51ea1-8ddd-e751-02de-266b2c6d3cd2 tf_rpc=ValidateResourceConfig tf_resource_type=keep_mapping_rule
2025-06-26T20:42:54.003-0700 [TRACE] sdk.framework: Type implements TypeWithValidate: tf_provider_addr=registry.terraform.io/hashicorp/keep tf_req_id=e7b51ea1-8ddd-e751-02de-266b2c6d3cd2 tf_rpc=ValidateResourceConfig tf_resource_type=keep_mapping_rule tf_attribute_path=priority
2025-06-26T20:42:54.003-0700 [TRACE] sdk.framework: Calling provider defined Type Validate: tf_provider_addr=registry.terraform.io/hashicorp/keep tf_req_id=e7b51ea1-8ddd-e751-02de-266b2c6d3cd2 tf_rpc=ValidateResourceConfig tf_resource_type=keep_mapping_rule tf_attribute_path=priority
2025-06-26T20:42:54.003-0700 [TRACE] sdk.framework: Called provider defined Type Validate: tf_attribute_path=priority tf_provider_addr=registry.terraform.io/hashicorp/keep tf_req_id=e7b51ea1-8ddd-e751-02de-266b2c6d3cd2 tf_rpc=ValidateResourceConfig tf_resource_type=keep_mapping_rule
2025-06-26T20:42:54.003-0700 [TRACE] sdk.framework: Type implements TypeWithValidate: tf_provider_addr=registry.terraform.io/hashicorp/keep tf_req_id=e7b51ea1-8ddd-e751-02de-266b2c6d3cd2 tf_rpc=ValidateResourceConfig tf_resource_type=keep_mapping_rule tf_attribute_path=matchers
2025-06-26T20:42:54.003-0700 [TRACE] sdk.framework: Calling provider defined Type Validate: tf_resource_type=keep_mapping_rule tf_attribute_path=matchers tf_provider_addr=registry.terraform.io/hashicorp/keep tf_req_id=e7b51ea1-8ddd-e751-02de-266b2c6d3cd2 tf_rpc=ValidateResourceConfig
2025-06-26T20:42:54.003-0700 [TRACE] sdk.framework: Called provider defined Type Validate: tf_attribute_path=matchers tf_provider_addr=registry.terraform.io/hashicorp/keep tf_req_id=e7b51ea1-8ddd-e751-02de-266b2c6d3cd2 tf_rpc=ValidateResourceConfig tf_resource_type=keep_mapping_rule
2025-06-26T20:42:54.003-0700 [TRACE] sdk.proto: Received downstream response: tf_rpc=ValidateResourceConfig tf_resource_type=keep_mapping_rule tf_req_id=e7b51ea1-8ddd-e751-02de-266b2c6d3cd2 tf_provider_addr=registry.terraform.io/hashicorp/keep tf_proto_version=6.9 tf_req_duration_ms=0 diagnostic_error_count=0 diagnostic_warning_count=0
2025-06-26T20:42:54.003-0700 [TRACE] sdk.proto: Served request: tf_provider_addr=registry.terraform.io/hashicorp/keep tf_proto_version=6.9 tf_rpc=ValidateResourceConfig tf_resource_type=keep_mapping_rule tf_req_id=e7b51ea1-8ddd-e751-02de-266b2c6d3cd2
2025-06-26T20:42:54.004-0700 [TRACE] sdk.proto: Received request: tf_req_id=3bdf0109-a9ca-6aa1-c549-a98c0a1d576d tf_provider_addr=registry.terraform.io/hashicorp/keep tf_proto_version=6.9 tf_rpc=ValidateProviderConfig
2025-06-26T20:42:54.004-0700 [TRACE] sdk.proto: Sending request downstream: tf_req_id=3bdf0109-a9ca-6aa1-c549-a98c0a1d576d tf_provider_addr=registry.terraform.io/hashicorp/keep tf_proto_version=6.9 tf_rpc=ValidateProviderConfig
2025-06-26T20:42:54.004-0700 [TRACE] sdk.framework: Checking ProviderSchema lock: tf_provider_addr=registry.terraform.io/hashicorp/keep tf_rpc=ValidateProviderConfig tf_req_id=3bdf0109-a9ca-6aa1-c549-a98c0a1d576d
2025-06-26T20:42:54.004-0700 [TRACE] sdk.proto: Received downstream response: tf_provider_addr=registry.terraform.io/hashicorp/keep tf_proto_version=6.9 tf_rpc=ValidateProviderConfig tf_req_id=3bdf0109-a9ca-6aa1-c549-a98c0a1d576d tf_req_duration_ms=0 diagnostic_error_count=0 diagnostic_warning_count=0
2025-06-26T20:42:54.004-0700 [TRACE] sdk.proto: Served request: tf_req_id=3bdf0109-a9ca-6aa1-c549-a98c0a1d576d tf_provider_addr=registry.terraform.io/hashicorp/keep tf_proto_version=6.9 tf_rpc=ValidateProviderConfig
2025-06-26T20:42:54.004-0700 [TRACE] sdk.proto: Received request: tf_req_id=f37676d9-a461-043a-3eb2-f888ed395b40 tf_provider_addr=registry.terraform.io/hashicorp/keep tf_proto_version=6.9 tf_rpc=ConfigureProvider
2025-06-26T20:42:54.004-0700 [TRACE] sdk.proto: Announced client capabilities: tf_req_id=f37676d9-a461-043a-3eb2-f888ed395b40 tf_provider_addr=registry.terraform.io/hashicorp/keep tf_proto_version=6.9 tf_rpc=ConfigureProvider tf_client_capability_deferral_allowed=false
2025-06-26T20:42:54.004-0700 [TRACE] sdk.proto: Sending request downstream: tf_req_id=f37676d9-a461-043a-3eb2-f888ed395b40 tf_provider_addr=registry.terraform.io/hashicorp/keep tf_proto_version=6.9 tf_rpc=ConfigureProvider
2025-06-26T20:42:54.004-0700 [TRACE] sdk.framework: Checking ProviderSchema lock: tf_provider_addr=registry.terraform.io/hashicorp/keep tf_req_id=f37676d9-a461-043a-3eb2-f888ed395b40 tf_rpc=ConfigureProvider
2025-06-26T20:42:54.004-0700 [TRACE] sdk.framework: Calling provider defined Provider Configure: tf_provider_addr=registry.terraform.io/hashicorp/keep tf_req_id=f37676d9-a461-043a-3eb2-f888ed395b40 tf_rpc=ConfigureProvider
2025-06-26T20:42:54.004-0700 [DEBUG] keep: Configuring KeepHQ client: tf_req_id=f37676d9-a461-043a-3eb2-f888ed395b40 tf_provider_addr=registry.terraform.io/hashicorp/keep tf_rpc=ConfigureProvider provider=keep
2025-06-26T20:42:54.004-0700 [DEBUG] keep: Provider configuration: tf_req_id=f37676d9-a461-043a-3eb2-f888ed395b40 tf_provider_addr=registry.terraform.io/hashicorp/keep tf_rpc=ConfigureProvider provider=keep api_url=http://localhost:8080 api_key_set=true
2025-06-26T20:42:54.004-0700 [TRACE] sdk.framework: Called provider defined Provider Configure: tf_rpc=ConfigureProvider tf_provider_addr=registry.terraform.io/hashicorp/keep tf_req_id=f37676d9-a461-043a-3eb2-f888ed395b40
2025-06-26T20:42:54.004-0700 [TRACE] sdk.proto: Received downstream response: tf_proto_version=6.9 tf_rpc=ConfigureProvider tf_req_id=f37676d9-a461-043a-3eb2-f888ed395b40 tf_provider_addr=registry.terraform.io/hashicorp/keep diagnostic_error_count=0 diagnostic_warning_count=0 tf_req_duration_ms=0
2025-06-26T20:42:54.004-0700 [TRACE] sdk.proto: Served request: tf_req_id=f37676d9-a461-043a-3eb2-f888ed395b40 tf_provider_addr=registry.terraform.io/hashicorp/keep tf_proto_version=6.9 tf_rpc=ConfigureProvider
2025-06-26T20:42:54.005-0700 [TRACE] sdk.proto: Received request: tf_req_id=cf8e7b3b-0651-1f31-a8fe-a8a3aa178aef tf_provider_addr=registry.terraform.io/hashicorp/keep tf_proto_version=6.9 tf_rpc=ValidateResourceConfig tf_resource_type=keep_mapping_rule
2025-06-26T20:42:54.005-0700 [TRACE] sdk.proto: Announced client capabilities: tf_rpc=ValidateResourceConfig tf_resource_type=keep_mapping_rule tf_client_capability_write_only_attributes_allowed=true tf_req_id=cf8e7b3b-0651-1f31-a8fe-a8a3aa178aef tf_provider_addr=registry.terraform.io/hashicorp/keep tf_proto_version=6.9
2025-06-26T20:42:54.005-0700 [TRACE] sdk.proto: Sending request downstream: tf_resource_type=keep_mapping_rule tf_req_id=cf8e7b3b-0651-1f31-a8fe-a8a3aa178aef tf_provider_addr=registry.terraform.io/hashicorp/keep tf_proto_version=6.9 tf_rpc=ValidateResourceConfig
2025-06-26T20:42:54.005-0700 [TRACE] sdk.framework: Checking ResourceTypes lock: tf_rpc=ValidateResourceConfig tf_resource_type=keep_mapping_rule tf_req_id=cf8e7b3b-0651-1f31-a8fe-a8a3aa178aef tf_provider_addr=registry.terraform.io/hashicorp/keep
2025-06-26T20:42:54.005-0700 [TRACE] sdk.framework: Resource implements ResourceWithConfigure: tf_provider_addr=registry.terraform.io/hashicorp/keep tf_rpc=ValidateResourceConfig tf_resource_type=keep_mapping_rule tf_req_id=cf8e7b3b-0651-1f31-a8fe-a8a3aa178aef
2025-06-26T20:42:54.005-0700 [TRACE] sdk.framework: Calling provider defined Resource Configure: tf_resource_type=keep_mapping_rule tf_req_id=cf8e7b3b-0651-1f31-a8fe-a8a3aa178aef tf_provider_addr=registry.terraform.io/hashicorp/keep tf_rpc=ValidateResourceConfig
2025-06-26T20:42:54.005-0700 [TRACE] sdk.framework: Called provider defined Resource Configure: tf_rpc=ValidateResourceConfig tf_resource_type=keep_mapping_rule tf_req_id=cf8e7b3b-0651-1f31-a8fe-a8a3aa178aef tf_provider_addr=registry.terraform.io/hashicorp/keep
2025-06-26T20:42:54.005-0700 [TRACE] sdk.framework: Type implements TypeWithValidate: tf_provider_addr=registry.terraform.io/hashicorp/keep tf_attribute_path=matchers tf_rpc=ValidateResourceConfig tf_resource_type=keep_mapping_rule tf_req_id=cf8e7b3b-0651-1f31-a8fe-a8a3aa178aef
2025-06-26T20:42:54.005-0700 [TRACE] sdk.framework: Calling provider defined Type Validate: tf_req_id=cf8e7b3b-0651-1f31-a8fe-a8a3aa178aef tf_provider_addr=registry.terraform.io/hashicorp/keep tf_attribute_path=matchers tf_rpc=ValidateResourceConfig tf_resource_type=keep_mapping_rule
2025-06-26T20:42:54.005-0700 [TRACE] sdk.framework: Called provider defined Type Validate: tf_resource_type=keep_mapping_rule tf_req_id=cf8e7b3b-0651-1f31-a8fe-a8a3aa178aef tf_provider_addr=registry.terraform.io/hashicorp/keep tf_attribute_path=matchers tf_rpc=ValidateResourceConfig
2025-06-26T20:42:54.005-0700 [TRACE] sdk.framework: Type implements TypeWithValidate: tf_rpc=ValidateResourceConfig tf_attribute_path=priority tf_resource_type=keep_mapping_rule tf_req_id=cf8e7b3b-0651-1f31-a8fe-a8a3aa178aef tf_provider_addr=registry.terraform.io/hashicorp/keep
2025-06-26T20:42:54.005-0700 [TRACE] sdk.framework: Calling provider defined Type Validate: tf_resource_type=keep_mapping_rule tf_req_id=cf8e7b3b-0651-1f31-a8fe-a8a3aa178aef tf_provider_addr=registry.terraform.io/hashicorp/keep tf_rpc=ValidateResourceConfig tf_attribute_path=priority
2025-06-26T20:42:54.005-0700 [TRACE] sdk.framework: Called provider defined Type Validate: tf_provider_addr=registry.terraform.io/hashicorp/keep tf_rpc=ValidateResourceConfig tf_attribute_path=priority tf_resource_type=keep_mapping_rule tf_req_id=cf8e7b3b-0651-1f31-a8fe-a8a3aa178aef
2025-06-26T20:42:54.005-0700 [TRACE] sdk.proto: Received downstream response: tf_proto_version=6.9 diagnostic_warning_count=0 tf_req_duration_ms=0 diagnostic_error_count=0 tf_rpc=ValidateResourceConfig tf_resource_type=keep_mapping_rule tf_req_id=cf8e7b3b-0651-1f31-a8fe-a8a3aa178aef tf_provider_addr=registry.terraform.io/hashicorp/keep
2025-06-26T20:42:54.005-0700 [TRACE] sdk.proto: Served request: tf_resource_type=keep_mapping_rule tf_req_id=cf8e7b3b-0651-1f31-a8fe-a8a3aa178aef tf_provider_addr=registry.terraform.io/hashicorp/keep tf_proto_version=6.9 tf_rpc=ValidateResourceConfig
2025-06-26T20:42:54.005-0700 [TRACE] sdk.proto: Received request: tf_provider_addr=registry.terraform.io/hashicorp/keep tf_proto_version=6.9 tf_rpc=PlanResourceChange tf_resource_type=keep_mapping_rule tf_req_id=9d0356c0-7663-2a58-28c2-54e97c4f48c4
2025-06-26T20:42:54.005-0700 [TRACE] sdk.proto: Announced client capabilities: tf_rpc=PlanResourceChange tf_resource_type=keep_mapping_rule tf_req_id=9d0356c0-7663-2a58-28c2-54e97c4f48c4 tf_provider_addr=registry.terraform.io/hashicorp/keep tf_proto_version=6.9 tf_client_capability_deferral_allowed=false
2025-06-26T20:42:54.005-0700 [TRACE] sdk.proto: Sending request downstream: tf_provider_addr=registry.terraform.io/hashicorp/keep tf_proto_version=6.9 tf_rpc=PlanResourceChange tf_resource_type=keep_mapping_rule tf_req_id=9d0356c0-7663-2a58-28c2-54e97c4f48c4
2025-06-26T20:42:54.005-0700 [TRACE] sdk.framework: Checking ResourceTypes lock: tf_rpc=PlanResourceChange tf_resource_type=keep_mapping_rule tf_req_id=9d0356c0-7663-2a58-28c2-54e97c4f48c4 tf_provider_addr=registry.terraform.io/hashicorp/keep
2025-06-26T20:42:54.005-0700 [TRACE] sdk.framework: Checking ResourceTypes lock: tf_req_id=9d0356c0-7663-2a58-28c2-54e97c4f48c4 tf_provider_addr=registry.terraform.io/hashicorp/keep tf_rpc=PlanResourceChange tf_resource_type=keep_mapping_rule
2025-06-26T20:42:54.005-0700 [TRACE] sdk.framework: Checking ResourceBehaviors lock: tf_resource_type=keep_mapping_rule tf_req_id=9d0356c0-7663-2a58-28c2-54e97c4f48c4 tf_provider_addr=registry.terraform.io/hashicorp/keep tf_rpc=PlanResourceChange
2025-06-26T20:42:54.005-0700 [TRACE] sdk.framework: Checking ProviderTypeName lock: tf_rpc=PlanResourceChange tf_resource_type=keep_mapping_rule tf_req_id=9d0356c0-7663-2a58-28c2-54e97c4f48c4 tf_provider_addr=registry.terraform.io/hashicorp/keep
2025-06-26T20:42:54.005-0700 [TRACE] sdk.framework: Checking ResourceTypes lock: tf_rpc=PlanResourceChange tf_resource_type=keep_mapping_rule tf_req_id=9d0356c0-7663-2a58-28c2-54e97c4f48c4 tf_provider_addr=registry.terraform.io/hashicorp/keep
2025-06-26T20:42:54.005-0700 [TRACE] sdk.framework: Found resource type: tf_rpc=PlanResourceChange tf_resource_type=keep_mapping_rule tf_req_id=9d0356c0-7663-2a58-28c2-54e97c4f48c4 tf_provider_addr=registry.terraform.io/hashicorp/keep
2025-06-26T20:42:54.005-0700 [TRACE] sdk.framework: Found resource type: tf_rpc=PlanResourceChange tf_resource_type=keep_provider tf_req_id=9d0356c0-7663-2a58-28c2-54e97c4f48c4 tf_provider_addr=registry.terraform.io/hashicorp/keep
2025-06-26T20:42:54.005-0700 [TRACE] sdk.framework: Found resource type: tf_rpc=PlanResourceChange tf_resource_type=keep_extraction_rule tf_req_id=9d0356c0-7663-2a58-28c2-54e97c4f48c4 tf_provider_addr=registry.terraform.io/hashicorp/keep
2025-06-26T20:42:54.005-0700 [TRACE] sdk.framework: Found resource type: tf_rpc=PlanResourceChange tf_resource_type=keep_alert tf_req_id=9d0356c0-7663-2a58-28c2-54e97c4f48c4 tf_provider_addr=registry.terraform.io/hashicorp/keep
2025-06-26T20:42:54.005-0700 [TRACE] sdk.framework: Resource implements ResourceWithConfigure: tf_rpc=PlanResourceChange tf_resource_type=keep_mapping_rule tf_req_id=9d0356c0-7663-2a58-28c2-54e97c4f48c4 tf_provider_addr=registry.terraform.io/hashicorp/keep
2025-06-26T20:42:54.005-0700 [TRACE] sdk.framework: Calling provider defined Resource Configure: tf_rpc=PlanResourceChange tf_resource_type=keep_mapping_rule tf_req_id=9d0356c0-7663-2a58-28c2-54e97c4f48c4 tf_provider_addr=registry.terraform.io/hashicorp/keep
2025-06-26T20:42:54.005-0700 [TRACE] sdk.framework: Called provider defined Resource Configure: tf_resource_type=keep_mapping_rule tf_req_id=9d0356c0-7663-2a58-28c2-54e97c4f48c4 tf_provider_addr=registry.terraform.io/hashicorp/keep tf_rpc=PlanResourceChange
2025-06-26T20:42:54.005-0700 [TRACE] sdk.framework: attribute is a non-schema attribute, not setting default: tf_rpc=PlanResourceChange tf_resource_type=keep_mapping_rule tf_req_id=9d0356c0-7663-2a58-28c2-54e97c4f48c4 tf_provider_addr=registry.terraform.io/hashicorp/keep
2025-06-26T20:42:54.005-0700 [TRACE] sdk.framework: attribute is a non-schema attribute, not setting default: tf_req_id=9d0356c0-7663-2a58-28c2-54e97c4f48c4 tf_provider_addr=registry.terraform.io/hashicorp/keep tf_rpc=PlanResourceChange tf_resource_type=keep_mapping_rule
2025-06-26T20:42:54.005-0700 [TRACE] sdk.framework: Type implements TypeWithValidate: tf_rpc=PlanResourceChange tf_resource_type=keep_mapping_rule tf_req_id=9d0356c0-7663-2a58-28c2-54e97c4f48c4 tf_provider_addr=registry.terraform.io/hashicorp/keep
2025-06-26T20:42:54.005-0700 [TRACE] sdk.framework: Calling provider defined Type Validate: tf_provider_addr=registry.terraform.io/hashicorp/keep tf_rpc=PlanResourceChange tf_resource_type=keep_mapping_rule tf_req_id=9d0356c0-7663-2a58-28c2-54e97c4f48c4
2025-06-26T20:42:54.005-0700 [TRACE] sdk.framework: Called provider defined Type Validate: tf_rpc=PlanResourceChange tf_resource_type=keep_mapping_rule tf_req_id=9d0356c0-7663-2a58-28c2-54e97c4f48c4 tf_provider_addr=registry.terraform.io/hashicorp/keep
2025-06-26T20:42:54.005-0700 [TRACE] sdk.framework: Type implements TypeWithValidate: tf_provider_addr=registry.terraform.io/hashicorp/keep tf_rpc=PlanResourceChange tf_resource_type=keep_mapping_rule tf_req_id=9d0356c0-7663-2a58-28c2-54e97c4f48c4
2025-06-26T20:42:54.005-0700 [TRACE] sdk.framework: Calling provider defined Type Validate: tf_provider_addr=registry.terraform.io/hashicorp/keep tf_rpc=PlanResourceChange tf_resource_type=keep_mapping_rule tf_req_id=9d0356c0-7663-2a58-28c2-54e97c4f48c4
2025-06-26T20:42:54.005-0700 [TRACE] sdk.framework: Called provider defined Type Validate: tf_resource_type=keep_mapping_rule tf_req_id=9d0356c0-7663-2a58-28c2-54e97c4f48c4 tf_provider_addr=registry.terraform.io/hashicorp/keep tf_rpc=PlanResourceChange
2025-06-26T20:42:54.005-0700 [TRACE] sdk.framework: attribute is a non-schema attribute, not nullifying: tf_resource_type=keep_mapping_rule tf_req_id=9d0356c0-7663-2a58-28c2-54e97c4f48c4 tf_provider_addr=registry.terraform.io/hashicorp/keep tf_rpc=PlanResourceChange tf_attribute_path="AttributeName(\"matchers\").ElementKeyString(\"team\")"
2025-06-26T20:42:54.005-0700 [TRACE] sdk.framework: attribute is a non-schema attribute, not nullifying: tf_attribute_path="AttributeName(\"matchers\").ElementKeyString(\"env\")" tf_resource_type=keep_mapping_rule tf_req_id=9d0356c0-7663-2a58-28c2-54e97c4f48c4 tf_provider_addr=registry.terraform.io/hashicorp/keep tf_rpc=PlanResourceChange
2025-06-26T20:42:54.005-0700 [DEBUG] sdk.framework: Marking Computed attributes with null configuration values as unknown (known after apply) in the plan to prevent potential Terraform errors: tf_rpc=PlanResourceChange tf_resource_type=keep_mapping_rule tf_req_id=9d0356c0-7663-2a58-28c2-54e97c4f48c4 tf_provider_addr=registry.terraform.io/hashicorp/keep
2025-06-26T20:42:54.005-0700 [TRACE] sdk.framework: attribute is a non-schema attribute, not marking unknown: tf_rpc=PlanResourceChange tf_resource_type=keep_mapping_rule tf_req_id=9d0356c0-7663-2a58-28c2-54e97c4f48c4 tf_attribute_path="AttributeName(\"matchers\").ElementKeyString(\"team\")" tf_provider_addr=registry.terraform.io/hashicorp/keep
2025-06-26T20:42:54.005-0700 [TRACE] sdk.framework: attribute is a non-schema attribute, not marking unknown: tf_resource_type=keep_mapping_rule tf_req_id=9d0356c0-7663-2a58-28c2-54e97c4f48c4 tf_attribute_path="AttributeName(\"matchers\").ElementKeyString(\"env\")" tf_provider_addr=registry.terraform.io/hashicorp/keep tf_rpc=PlanResourceChange
2025-06-26T20:42:54.005-0700 [TRACE] sdk.framework: Attribute/block not null in configuration, not marking unknown: tf_resource_type=keep_mapping_rule tf_req_id=9d0356c0-7663-2a58-28c2-54e97c4f48c4 tf_attribute_path="AttributeName(\"matchers\")" tf_provider_addr=registry.terraform.io/hashicorp/keep tf_rpc=PlanResourceChange
2025-06-26T20:42:54.005-0700 [TRACE] sdk.framework: Attribute/block not null in configuration, not marking unknown: tf_resource_type=keep_mapping_rule tf_req_id=9d0356c0-7663-2a58-28c2-54e97c4f48c4 tf_attribute_path="AttributeName(\"name\")" tf_provider_addr=registry.terraform.io/hashicorp/keep tf_rpc=PlanResourceChange
2025-06-26T20:42:54.005-0700 [TRACE] sdk.framework: Attribute/block not null in configuration, not marking unknown: tf_rpc=PlanResourceChange tf_resource_type=keep_mapping_rule tf_req_id=9d0356c0-7663-2a58-28c2-54e97c4f48c4 tf_attribute_path="AttributeName(\"priority\")" tf_provider_addr=registry.terraform.io/hashicorp/keep
2025-06-26T20:42:54.005-0700 [TRACE] sdk.framework: Attribute/block not null in configuration, not marking unknown: tf_attribute_path="AttributeName(\"csv_data\")" tf_provider_addr=registry.terraform.io/hashicorp/keep tf_rpc=PlanResourceChange tf_resource_type=keep_mapping_rule tf_req_id=9d0356c0-7663-2a58-28c2-54e97c4f48c4
2025-06-26T20:42:54.005-0700 [TRACE] sdk.framework: Attribute/block not null in configuration, not marking unknown: tf_provider_addr=registry.terraform.io/hashicorp/keep tf_rpc=PlanResourceChange tf_resource_type=keep_mapping_rule tf_req_id=9d0356c0-7663-2a58-28c2-54e97c4f48c4 tf_attribute_path="AttributeName(\"description\")"
2025-06-26T20:42:54.005-0700 [TRACE] sdk.framework: Attribute/block not null in configuration, not marking unknown: tf_provider_addr=registry.terraform.io/hashicorp/keep tf_rpc=PlanResourceChange tf_resource_type=keep_mapping_rule tf_req_id=9d0356c0-7663-2a58-28c2-54e97c4f48c4 tf_attribute_path="AttributeName(\"disabled\")"
2025-06-26T20:42:54.005-0700 [DEBUG] sdk.framework: marking computed attribute that is null in the config as unknown: tf_resource_type=keep_mapping_rule tf_req_id=9d0356c0-7663-2a58-28c2-54e97c4f48c4 tf_attribute_path="AttributeName(\"id\")" tf_provider_addr=registry.terraform.io/hashicorp/keep tf_rpc=PlanResourceChange
2025-06-26T20:42:54.005-0700 [TRACE] sdk.framework: At least one Computed null Config value was changed to unknown: tf_rpc=PlanResourceChange tf_resource_type=keep_mapping_rule tf_req_id=9d0356c0-7663-2a58-28c2-54e97c4f48c4 tf_provider_addr=registry.terraform.io/hashicorp/keep
2025-06-26T20:42:54.005-0700 [TRACE] sdk.framework: Type implements TypeWithValidate: tf_provider_addr=registry.terraform.io/hashicorp/keep tf_rpc=PlanResourceChange tf_resource_type=keep_mapping_rule tf_req_id=9d0356c0-7663-2a58-28c2-54e97c4f48c4
2025-06-26T20:42:54.005-0700 [TRACE] sdk.framework: Calling provider defined Type Validate: tf_rpc=PlanResourceChange tf_resource_type=keep_mapping_rule tf_req_id=9d0356c0-7663-2a58-28c2-54e97c4f48c4 tf_provider_addr=registry.terraform.io/hashicorp/keep
2025-06-26T20:42:54.005-0700 [TRACE] sdk.framework: Called provider defined Type Validate: tf_provider_addr=registry.terraform.io/hashicorp/keep tf_rpc=PlanResourceChange tf_resource_type=keep_mapping_rule tf_req_id=9d0356c0-7663-2a58-28c2-54e97c4f48c4
2025-06-26T20:42:54.005-0700 [TRACE] sdk.framework: Type implements TypeWithValidate: tf_rpc=PlanResourceChange tf_resource_type=keep_mapping_rule tf_req_id=9d0356c0-7663-2a58-28c2-54e97c4f48c4 tf_provider_addr=registry.terraform.io/hashicorp/keep
2025-06-26T20:42:54.005-0700 [TRACE] sdk.framework: Calling provider defined Type Validate: tf_rpc=PlanResourceChange tf_resource_type=keep_mapping_rule tf_req_id=9d0356c0-7663-2a58-28c2-54e97c4f48c4 tf_provider_addr=registry.terraform.io/hashicorp/keep
2025-06-26T20:42:54.005-0700 [TRACE] sdk.framework: Called provider defined Type Validate: tf_provider_addr=registry.terraform.io/hashicorp/keep tf_rpc=PlanResourceChange tf_resource_type=keep_mapping_rule tf_req_id=9d0356c0-7663-2a58-28c2-54e97c4f48c4
2025-06-26T20:42:54.005-0700 [TRACE] sdk.framework: Type implements TypeWithValidate: tf_resource_type=keep_mapping_rule tf_req_id=9d0356c0-7663-2a58-28c2-54e97c4f48c4 tf_provider_addr=registry.terraform.io/hashicorp/keep tf_attribute_path=matchers tf_rpc=PlanResourceChange
2025-06-26T20:42:54.005-0700 [TRACE] sdk.framework: Calling provider defined Type Validate: tf_provider_addr=registry.terraform.io/hashicorp/keep tf_attribute_path=matchers tf_rpc=PlanResourceChange tf_resource_type=keep_mapping_rule tf_req_id=9d0356c0-7663-2a58-28c2-54e97c4f48c4
2025-06-26T20:42:54.005-0700 [TRACE] sdk.framework: Called provider defined Type Validate: tf_rpc=PlanResourceChange tf_resource_type=keep_mapping_rule tf_req_id=9d0356c0-7663-2a58-28c2-54e97c4f48c4 tf_provider_addr=registry.terraform.io/hashicorp/keep tf_attribute_path=matchers
2025-06-26T20:42:54.005-0700 [TRACE] sdk.framework: Calling provider defined planmodifier.String: tf_attribute_path=id tf_rpc=PlanResourceChange tf_resource_type=keep_mapping_rule description="Once set, the value of this attribute in state will not change." tf_req_id=9d0356c0-7663-2a58-28c2-54e97c4f48c4 tf_provider_addr=registry.terraform.io/hashicorp/keep
2025-06-26T20:42:54.005-0700 [TRACE] sdk.framework: Called provider defined planmodifier.String: tf_provider_addr=registry.terraform.io/hashicorp/keep tf_attribute_path=id description="Once set, the value of this attribute in state will not change." tf_rpc=PlanResourceChange tf_resource_type=keep_mapping_rule tf_req_id=9d0356c0-7663-2a58-28c2-54e97c4f48c4
2025-06-26T20:42:54.005-0700 [TRACE] sdk.framework: Type implements TypeWithValidate: tf_rpc=PlanResourceChange tf_resource_type=keep_mapping_rule tf_req_id=9d0356c0-7663-2a58-28c2-54e97c4f48c4 tf_provider_addr=registry.terraform.io/hashicorp/keep
2025-06-26T20:42:54.005-0700 [TRACE] sdk.framework: Calling provider defined Type Validate: tf_resource_type=keep_mapping_rule tf_req_id=9d0356c0-7663-2a58-28c2-54e97c4f48c4 tf_provider_addr=registry.terraform.io/hashicorp/keep tf_rpc=PlanResourceChange
2025-06-26T20:42:54.005-0700 [TRACE] sdk.framework: Called provider defined Type Validate: tf_rpc=PlanResourceChange tf_resource_type=keep_mapping_rule tf_req_id=9d0356c0-7663-2a58-28c2-54e97c4f48c4 tf_provider_addr=registry.terraform.io/hashicorp/keep
2025-06-26T20:42:54.005-0700 [TRACE] sdk.framework: Type implements TypeWithValidate: tf_provider_addr=registry.terraform.io/hashicorp/keep tf_rpc=PlanResourceChange tf_resource_type=keep_mapping_rule tf_req_id=9d0356c0-7663-2a58-28c2-54e97c4f48c4
2025-06-26T20:42:54.005-0700 [TRACE] sdk.framework: Calling provider defined Type Validate: tf_req_id=9d0356c0-7663-2a58-28c2-54e97c4f48c4 tf_provider_addr=registry.terraform.io/hashicorp/keep tf_rpc=PlanResourceChange tf_resource_type=keep_mapping_rule
2025-06-26T20:42:54.005-0700 [TRACE] sdk.framework: Called provider defined Type Validate: tf_rpc=PlanResourceChange tf_resource_type=keep_mapping_rule tf_req_id=9d0356c0-7663-2a58-28c2-54e97c4f48c4 tf_provider_addr=registry.terraform.io/hashicorp/keep
2025-06-26T20:42:54.005-0700 [TRACE] sdk.framework: Type implements TypeWithValidate: tf_provider_addr=registry.terraform.io/hashicorp/keep tf_rpc=PlanResourceChange tf_resource_type=keep_mapping_rule tf_attribute_path=priority tf_req_id=9d0356c0-7663-2a58-28c2-54e97c4f48c4
2025-06-26T20:42:54.005-0700 [TRACE] sdk.framework: Calling provider defined Type Validate: tf_attribute_path=priority tf_req_id=9d0356c0-7663-2a58-28c2-54e97c4f48c4 tf_provider_addr=registry.terraform.io/hashicorp/keep tf_rpc=PlanResourceChange tf_resource_type=keep_mapping_rule
2025-06-26T20:42:54.005-0700 [TRACE] sdk.framework: Called provider defined Type Validate: tf_provider_addr=registry.terraform.io/hashicorp/keep tf_rpc=PlanResourceChange tf_resource_type=keep_mapping_rule tf_attribute_path=priority tf_req_id=9d0356c0-7663-2a58-28c2-54e97c4f48c4
2025-06-26T20:42:54.005-0700 [TRACE] sdk.proto: Received downstream response: tf_provider_addr=registry.terraform.io/hashicorp/keep tf_proto_version=6.9 diagnostic_error_count=0 diagnostic_warning_count=0 tf_req_duration_ms=0 tf_rpc=PlanResourceChange tf_resource_type=keep_mapping_rule tf_req_id=9d0356c0-7663-2a58-28c2-54e97c4f48c4
2025-06-26T20:42:54.005-0700 [TRACE] sdk.proto: Served request: tf_proto_version=6.9 tf_rpc=PlanResourceChange tf_resource_type=keep_mapping_rule tf_req_id=9d0356c0-7663-2a58-28c2-54e97c4f48c4 tf_provider_addr=registry.terraform.io/hashicorp/keep
2025-06-26T20:42:54.007-0700 [TRACE] sdk.helper_resource: Called Terraform CLI plan command: test_terraform_path=/opt/homebrew/bin/terraform test_working_directory=/var/folders/yn/gzqxcdd94r9b63yr0c7_bs_40000gn/T/plugintest966882693 test_step_number=1 test_name=TestAccMappingRuleResource
2025-06-26T20:42:54.007-0700 [TRACE] sdk.helper_resource: Calling Terraform CLI show command for stdout plan: test_name=TestAccMappingRuleResource test_terraform_path=/opt/homebrew/bin/terraform test_working_directory=/var/folders/yn/gzqxcdd94r9b63yr0c7_bs_40000gn/T/plugintest966882693 test_step_number=1
2025-06-26T20:42:54.026-0700 [TRACE] sdk.proto: Received request: tf_proto_version=6.9 tf_rpc=GetProviderSchema tf_req_id=8bf563bb-44ae-c2af-1397-03a811d145b7 tf_provider_addr=registry.terraform.io/hashicorp/keep
2025-06-26T20:42:54.026-0700 [TRACE] sdk.proto: Sending request downstream: tf_proto_version=6.9 tf_rpc=GetProviderSchema tf_req_id=8bf563bb-44ae-c2af-1397-03a811d145b7 tf_provider_addr=registry.terraform.io/hashicorp/keep
2025-06-26T20:42:54.026-0700 [TRACE] sdk.framework: Checking ProviderSchema lock: tf_rpc=GetProviderSchema tf_req_id=8bf563bb-44ae-c2af-1397-03a811d145b7 tf_provider_addr=registry.terraform.io/hashicorp/keep
2025-06-26T20:42:54.026-0700 [TRACE] sdk.framework: Checking ResourceTypes lock: tf_provider_addr=registry.terraform.io/hashicorp/keep tf_rpc=GetProviderSchema tf_req_id=8bf563bb-44ae-c2af-1397-03a811d145b7
2025-06-26T20:42:54.026-0700 [TRACE] sdk.framework: Calling provider defined Resource Schema method: tf_rpc=GetProviderSchema tf_resource_type=keep_mapping_rule tf_req_id=8bf563bb-44ae-c2af-1397-03a811d145b7 tf_provider_addr=registry.terraform.io/hashicorp/keep
2025-06-26T20:42:54.026-0700 [TRACE] sdk.framework: Called provider defined Resource Schema method: tf_provider_addr=registry.terraform.io/hashicorp/keep tf_rpc=GetProviderSchema tf_req_id=8bf563bb-44ae-c2af-1397-03a811d145b7 tf_resource_type=keep_mapping_rule
2025-06-26T20:42:54.026-0700 [TRACE] sdk.framework: Calling provider defined Resource Schema method: tf_resource_type=keep_provider tf_req_id=8bf563bb-44ae-c2af-1397-03a811d145b7 tf_provider_addr=registry.terraform.io/hashicorp/keep tf_rpc=GetProviderSchema
2025-06-26T20:42:54.026-0700 [TRACE] sdk.framework: Called provider defined Resource Schema method: tf_req_id=8bf563bb-44ae-c2af-1397-03a811d145b7 tf_provider_addr=registry.terraform.io/hashicorp/keep tf_rpc=GetProviderSchema tf_resource_type=keep_provider
2025-06-26T20:42:54.026-0700 [TRACE] sdk.framework: Calling provider defined Resource Schema method: tf_resource_type=keep_extraction_rule tf_req_id=8bf563bb-44ae-c2af-1397-03a811d145b7 tf_provider_addr=registry.terraform.io/hashicorp/keep tf_rpc=GetProviderSchema
2025-06-26T20:42:54.026-0700 [TRACE] sdk.framework: Called provider defined Resource Schema method: tf_req_id=8bf563bb-44ae-c2af-1397-03a811d145b7 tf_provider_addr=registry.terraform.io/hashicorp/keep tf_rpc=GetProviderSchema tf_resource_type=keep_extraction_rule
2025-06-26T20:42:54.026-0700 [TRACE] sdk.framework: Calling provider defined Resource Schema method: tf_rpc=GetProviderSchema tf_req_id=8bf563bb-44ae-c2af-1397-03a811d145b7 tf_provider_addr=registry.terraform.io/hashicorp/keep tf_resource_type=keep_alert
2025-06-26T20:42:54.026-0700 [TRACE] sdk.framework: Called provider defined Resource Schema method: tf_resource_type=keep_alert tf_req_id=8bf563bb-44ae-c2af-1397-03a811d145b7 tf_provider_addr=registry.terraform.io/hashicorp/keep tf_rpc=GetProviderSchema
2025-06-26T20:42:54.026-0700 [TRACE] sdk.framework: Checking DataSourceTypes lock: tf_req_id=8bf563bb-44ae-c2af-1397-03a811d145b7 tf_provider_addr=registry.terraform.io/hashicorp/keep tf_rpc=GetProviderSchema
2025-06-26T20:42:54.026-0700 [TRACE] sdk.framework: Checking FunctionTypes lock: tf_req_id=8bf563bb-44ae-c2af-1397-03a811d145b7 tf_provider_addr=registry.terraform.io/hashicorp/keep tf_rpc=GetProviderSchema
2025-06-26T20:42:54.026-0700 [TRACE] sdk.framework: Checking EphemeralResourceFuncs lock: tf_req_id=8bf563bb-44ae-c2af-1397-03a811d145b7 tf_provider_addr=registry.terraform.io/hashicorp/keep tf_rpc=GetProviderSchema
2025-06-26T20:42:54.026-0700 [TRACE] sdk.proto: Received downstream response: tf_provider_addr=registry.terraform.io/hashicorp/keep tf_proto_version=6.9 diagnostic_warning_count=0 tf_req_duration_ms=0 diagnostic_error_count=0 tf_rpc=GetProviderSchema tf_req_id=8bf563bb-44ae-c2af-1397-03a811d145b7
2025-06-26T20:42:54.026-0700 [TRACE] sdk.proto: Announced server capabilities: tf_server_capability_move_resource_state=true tf_server_capability_plan_destroy=true tf_req_id=8bf563bb-44ae-c2af-1397-03a811d145b7 tf_provider_addr=registry.terraform.io/hashicorp/keep tf_proto_version=6.9 tf_rpc=GetProviderSchema tf_server_capability_get_provider_schema_optional=true
2025-06-26T20:42:54.026-0700 [TRACE] sdk.proto: Served request: tf_req_id=8bf563bb-44ae-c2af-1397-03a811d145b7 tf_provider_addr=registry.terraform.io/hashicorp/keep tf_proto_version=6.9 tf_rpc=GetProviderSchema
2025-06-26T20:42:54.027-0700 [TRACE] sdk.helper_resource: Called Terraform CLI show command for stdout plan: test_terraform_path=/opt/homebrew/bin/terraform test_working_directory=/var/folders/yn/gzqxcdd94r9b63yr0c7_bs_40000gn/T/plugintest966882693 test_step_number=1 test_name=TestAccMappingRuleResource
2025-06-26T20:42:54.027-0700 [TRACE] sdk.helper_resource: Created plan with changes: test_working_directory=/var/folders/yn/gzqxcdd94r9b63yr0c7_bs_40000gn/T/plugintest966882693 test_step_number=1
  test_terraform_plan=
  | 
  | Terraform used the selected providers to generate the following execution
  | plan. Resource actions are indicated with the following symbols:
  |   + create
  | 
  | Terraform will perform the following actions:
  | 
  |   # keep_mapping_rule.test will be created
  |   + resource "keep_mapping_rule" "test" {
  |       + csv_data    = <<-EOT
  |             env,team,owner,severity
  |             production,sre,alice,critical
  |             staging,dev,bob,warning
  |         EOT
  |       + description = "Test mapping rule created by Terraform"
  |       + disabled    = false
  |       + id          = (known after apply)
  |       + matchers    = {
  |           + "env"  = "production"
  |           + "team" = "sre"
  |         }
  |       + name        = "test-mapping-rule"
  |       + priority    = 10
  |     }
  | 
  | Plan: 1 to add, 0 to change, 0 to destroy.
   test_name=TestAccMappingRuleResource test_terraform_path=/opt/homebrew/bin/terraform
2025-06-26T20:42:54.027-0700 [TRACE] sdk.helper_resource: Called wrapped Terraform CLI command: test_terraform_path=/opt/homebrew/bin/terraform test_working_directory=/var/folders/yn/gzqxcdd94r9b63yr0c7_bs_40000gn/T/plugintest966882693 test_step_number=1 test_name=TestAccMappingRuleResource
2025-06-26T20:42:54.027-0700 [DEBUG] sdk.helper_resource: Stopping providers: test_step_number=1 test_name=TestAccMappingRuleResource test_terraform_path=/opt/homebrew/bin/terraform test_working_directory=/var/folders/yn/gzqxcdd94r9b63yr0c7_bs_40000gn/T/plugintest966882693
2025-06-26T20:42:54.027-0700 [TRACE] sdk.helper_resource: Waiting for providers to stop: test_working_directory=/var/folders/yn/gzqxcdd94r9b63yr0c7_bs_40000gn/T/plugintest966882693 test_step_number=1 test_name=TestAccMappingRuleResource test_terraform_path=/opt/homebrew/bin/terraform
2025-06-26T20:42:54.027-0700 [TRACE] sdk.helper_resource: Providers have successfully stopped: test_terraform_path=/opt/homebrew/bin/terraform test_working_directory=/var/folders/yn/gzqxcdd94r9b63yr0c7_bs_40000gn/T/plugintest966882693 test_step_number=1 test_name=TestAccMappingRuleResource
2025-06-26T20:42:54.028-0700 [DEBUG] sdk.helper_resource: Creating tfprotov6 provider instance: test_name=TestAccMappingRuleResource test_terraform_path=/opt/homebrew/bin/terraform test_working_directory=/var/folders/yn/gzqxcdd94r9b63yr0c7_bs_40000gn/T/plugintest966882693 test_step_number=1 tf_provider_addr=registry.terraform.io/hashicorp/keep
2025-06-26T20:42:54.028-0700 [DEBUG] sdk.helper_resource: Created tfprotov6 provider instance: test_name=TestAccMappingRuleResource test_terraform_path=/opt/homebrew/bin/terraform test_working_directory=/var/folders/yn/gzqxcdd94r9b63yr0c7_bs_40000gn/T/plugintest966882693 test_step_number=1 tf_provider_addr=registry.terraform.io/hashicorp/keep
2025-06-26T20:42:54.028-0700 [DEBUG] sdk.helper_resource: Starting tfprotov6 provider instance server: test_working_directory=/var/folders/yn/gzqxcdd94r9b63yr0c7_bs_40000gn/T/plugintest966882693 test_step_number=1 test_name=TestAccMappingRuleResource test_terraform_path=/opt/homebrew/bin/terraform tf_provider_addr=registry.terraform.io/hashicorp/keep
2025-06-26T20:42:54.028-0700 [DEBUG] sdk.helper_resource: Started tfprotov6 provider instance server: test_name=TestAccMappingRuleResource test_terraform_path=/opt/homebrew/bin/terraform test_working_directory=/var/folders/yn/gzqxcdd94r9b63yr0c7_bs_40000gn/T/plugintest966882693 test_step_number=1 tf_provider_addr=registry.terraform.io/hashicorp/keep
2025-06-26T20:42:54.028-0700 [TRACE] sdk.helper_resource: Setting Terraform CLI reattach configuration: test_working_directory=/var/folders/yn/gzqxcdd94r9b63yr0c7_bs_40000gn/T/plugintest966882693 test_step_number=1 tf_reattach_config="map[registry.terraform.io/-/keep:{grpc 6 2128 true {unix /var/folders/yn/gzqxcdd94r9b63yr0c7_bs_40000gn/T/plugin2624998310}} registry.terraform.io/hashicorp/keep:{grpc 6 2128 true {unix /var/folders/yn/gzqxcdd94r9b63yr0c7_bs_40000gn/T/plugin2624998310}}]" test_name=TestAccMappingRuleResource test_terraform_path=/opt/homebrew/bin/terraform
2025-06-26T20:42:54.028-0700 [TRACE] sdk.helper_resource: Calling wrapped Terraform CLI command: test_terraform_path=/opt/homebrew/bin/terraform test_working_directory=/var/folders/yn/gzqxcdd94r9b63yr0c7_bs_40000gn/T/plugintest966882693 test_step_number=1 test_name=TestAccMappingRuleResource
2025-06-26T20:42:54.028-0700 [TRACE] sdk.helper_resource: Calling Terraform CLI show command for JSON state: test_step_number=1 test_name=TestAccMappingRuleResource test_terraform_path=/opt/homebrew/bin/terraform test_working_directory=/var/folders/yn/gzqxcdd94r9b63yr0c7_bs_40000gn/T/plugintest966882693
2025-06-26T20:42:54.048-0700 [TRACE] sdk.proto: Received request: tf_rpc=GetProviderSchema tf_req_id=c167bf94-9aa2-4f2a-2248-c032236f50fc tf_provider_addr=registry.terraform.io/hashicorp/keep tf_proto_version=6.9
2025-06-26T20:42:54.048-0700 [TRACE] sdk.proto: Sending request downstream: tf_proto_version=6.9 tf_rpc=GetProviderSchema tf_req_id=c167bf94-9aa2-4f2a-2248-c032236f50fc tf_provider_addr=registry.terraform.io/hashicorp/keep
2025-06-26T20:42:54.048-0700 [TRACE] sdk.framework: Checking ProviderSchema lock: tf_req_id=c167bf94-9aa2-4f2a-2248-c032236f50fc tf_provider_addr=registry.terraform.io/hashicorp/keep tf_rpc=GetProviderSchema
2025-06-26T20:42:54.048-0700 [TRACE] sdk.framework: Calling provider defined Provider Schema: tf_provider_addr=registry.terraform.io/hashicorp/keep tf_rpc=GetProviderSchema tf_req_id=c167bf94-9aa2-4f2a-2248-c032236f50fc
2025-06-26T20:42:54.048-0700 [TRACE] sdk.framework: Called provider defined Provider Schema: tf_rpc=GetProviderSchema tf_req_id=c167bf94-9aa2-4f2a-2248-c032236f50fc tf_provider_addr=registry.terraform.io/hashicorp/keep
2025-06-26T20:42:54.048-0700 [TRACE] sdk.framework: Checking ResourceTypes lock: tf_provider_addr=registry.terraform.io/hashicorp/keep tf_rpc=GetProviderSchema tf_req_id=c167bf94-9aa2-4f2a-2248-c032236f50fc
2025-06-26T20:42:54.048-0700 [TRACE] sdk.framework: Checking ProviderTypeName lock: tf_rpc=GetProviderSchema tf_req_id=c167bf94-9aa2-4f2a-2248-c032236f50fc tf_provider_addr=registry.terraform.io/hashicorp/keep
2025-06-26T20:42:54.048-0700 [TRACE] sdk.framework: Calling provider defined Provider Metadata: tf_provider_addr=registry.terraform.io/hashicorp/keep tf_rpc=GetProviderSchema tf_req_id=c167bf94-9aa2-4f2a-2248-c032236f50fc
2025-06-26T20:42:54.048-0700 [TRACE] sdk.framework: Called provider defined Provider Metadata: tf_req_id=c167bf94-9aa2-4f2a-2248-c032236f50fc tf_provider_addr=registry.terraform.io/hashicorp/keep tf_rpc=GetProviderSchema
2025-06-26T20:42:54.048-0700 [TRACE] sdk.framework: Calling provider defined Provider Resources: tf_provider_addr=registry.terraform.io/hashicorp/keep tf_rpc=GetProviderSchema tf_req_id=c167bf94-9aa2-4f2a-2248-c032236f50fc
2025-06-26T20:42:54.048-0700 [TRACE] sdk.framework: Called provider defined Provider Resources: tf_req_id=c167bf94-9aa2-4f2a-2248-c032236f50fc tf_provider_addr=registry.terraform.io/hashicorp/keep tf_rpc=GetProviderSchema
2025-06-26T20:42:54.048-0700 [TRACE] sdk.framework: Found resource type: tf_rpc=GetProviderSchema tf_resource_type=keep_provider tf_req_id=c167bf94-9aa2-4f2a-2248-c032236f50fc tf_provider_addr=registry.terraform.io/hashicorp/keep
2025-06-26T20:42:54.048-0700 [TRACE] sdk.framework: Found resource type: tf_req_id=c167bf94-9aa2-4f2a-2248-c032236f50fc tf_provider_addr=registry.terraform.io/hashicorp/keep tf_rpc=GetProviderSchema tf_resource_type=keep_extraction_rule
2025-06-26T20:42:54.048-0700 [TRACE] sdk.framework: Found resource type: tf_req_id=c167bf94-9aa2-4f2a-2248-c032236f50fc tf_provider_addr=registry.terraform.io/hashicorp/keep tf_rpc=GetProviderSchema tf_resource_type=keep_alert
2025-06-26T20:42:54.048-0700 [TRACE] sdk.framework: Found resource type: tf_rpc=GetProviderSchema tf_resource_type=keep_mapping_rule tf_req_id=c167bf94-9aa2-4f2a-2248-c032236f50fc tf_provider_addr=registry.terraform.io/hashicorp/keep
2025-06-26T20:42:54.048-0700 [TRACE] sdk.framework: Calling provider defined Resource Schema method: tf_req_id=c167bf94-9aa2-4f2a-2248-c032236f50fc tf_provider_addr=registry.terraform.io/hashicorp/keep tf_rpc=GetProviderSchema tf_resource_type=keep_alert
2025-06-26T20:42:54.048-0700 [TRACE] sdk.framework: Called provider defined Resource Schema method: tf_req_id=c167bf94-9aa2-4f2a-2248-c032236f50fc tf_provider_addr=registry.terraform.io/hashicorp/keep tf_rpc=GetProviderSchema tf_resource_type=keep_alert
2025-06-26T20:42:54.048-0700 [TRACE] sdk.framework: Calling provider defined Resource Schema method: tf_req_id=c167bf94-9aa2-4f2a-2248-c032236f50fc tf_provider_addr=registry.terraform.io/hashicorp/keep tf_rpc=GetProviderSchema tf_resource_type=keep_mapping_rule
2025-06-26T20:42:54.048-0700 [TRACE] sdk.framework: Called provider defined Resource Schema method: tf_rpc=GetProviderSchema tf_resource_type=keep_mapping_rule tf_req_id=c167bf94-9aa2-4f2a-2248-c032236f50fc tf_provider_addr=registry.terraform.io/hashicorp/keep
2025-06-26T20:42:54.048-0700 [TRACE] sdk.framework: Calling provider defined Resource Schema method: tf_req_id=c167bf94-9aa2-4f2a-2248-c032236f50fc tf_provider_addr=registry.terraform.io/hashicorp/keep tf_rpc=GetProviderSchema tf_resource_type=keep_provider
2025-06-26T20:42:54.048-0700 [TRACE] sdk.framework: Called provider defined Resource Schema method: tf_provider_addr=registry.terraform.io/hashicorp/keep tf_rpc=GetProviderSchema tf_resource_type=keep_provider tf_req_id=c167bf94-9aa2-4f2a-2248-c032236f50fc
2025-06-26T20:42:54.048-0700 [TRACE] sdk.framework: Calling provider defined Resource Schema method: tf_rpc=GetProviderSchema tf_req_id=c167bf94-9aa2-4f2a-2248-c032236f50fc tf_provider_addr=registry.terraform.io/hashicorp/keep tf_resource_type=keep_extraction_rule
2025-06-26T20:42:54.048-0700 [TRACE] sdk.framework: Called provider defined Resource Schema method: tf_resource_type=keep_extraction_rule tf_req_id=c167bf94-9aa2-4f2a-2248-c032236f50fc tf_provider_addr=registry.terraform.io/hashicorp/keep tf_rpc=GetProviderSchema
2025-06-26T20:42:54.048-0700 [TRACE] sdk.framework: Checking DataSourceTypes lock: tf_req_id=c167bf94-9aa2-4f2a-2248-c032236f50fc tf_provider_addr=registry.terraform.io/hashicorp/keep tf_rpc=GetProviderSchema
2025-06-26T20:42:54.048-0700 [TRACE] sdk.framework: Checking ProviderTypeName lock: tf_req_id=c167bf94-9aa2-4f2a-2248-c032236f50fc tf_provider_addr=registry.terraform.io/hashicorp/keep tf_rpc=GetProviderSchema
2025-06-26T20:42:54.048-0700 [TRACE] sdk.framework: Calling provider defined Provider DataSources: tf_req_id=c167bf94-9aa2-4f2a-2248-c032236f50fc tf_provider_addr=registry.terraform.io/hashicorp/keep tf_rpc=GetProviderSchema
2025-06-26T20:42:54.048-0700 [TRACE] sdk.framework: Called provider defined Provider DataSources: tf_req_id=c167bf94-9aa2-4f2a-2248-c032236f50fc tf_provider_addr=registry.terraform.io/hashicorp/keep tf_rpc=GetProviderSchema
2025-06-26T20:42:54.048-0700 [TRACE] sdk.framework: Checking FunctionTypes lock: tf_provider_addr=registry.terraform.io/hashicorp/keep tf_rpc=GetProviderSchema tf_req_id=c167bf94-9aa2-4f2a-2248-c032236f50fc
2025-06-26T20:42:54.048-0700 [TRACE] sdk.framework: Checking EphemeralResourceFuncs lock: tf_provider_addr=registry.terraform.io/hashicorp/keep tf_rpc=GetProviderSchema tf_req_id=c167bf94-9aa2-4f2a-2248-c032236f50fc
2025-06-26T20:42:54.048-0700 [TRACE] sdk.framework: Checking ProviderTypeName lock: tf_req_id=c167bf94-9aa2-4f2a-2248-c032236f50fc tf_provider_addr=registry.terraform.io/hashicorp/keep tf_rpc=GetProviderSchema
2025-06-26T20:42:54.048-0700 [TRACE] sdk.proto: Received downstream response: tf_provider_addr=registry.terraform.io/hashicorp/keep tf_proto_version=6.9 tf_rpc=GetProviderSchema diagnostic_error_count=0 diagnostic_warning_count=0 tf_req_duration_ms=0 tf_req_id=c167bf94-9aa2-4f2a-2248-c032236f50fc
2025-06-26T20:42:54.048-0700 [TRACE] sdk.proto: Announced server capabilities: tf_server_capability_move_resource_state=true tf_server_capability_plan_destroy=true tf_server_capability_get_provider_schema_optional=true tf_req_id=c167bf94-9aa2-4f2a-2248-c032236f50fc tf_provider_addr=registry.terraform.io/hashicorp/keep tf_proto_version=6.9 tf_rpc=GetProviderSchema
2025-06-26T20:42:54.048-0700 [TRACE] sdk.proto: Served request: tf_proto_version=6.9 tf_rpc=GetProviderSchema tf_req_id=c167bf94-9aa2-4f2a-2248-c032236f50fc tf_provider_addr=registry.terraform.io/hashicorp/keep
2025-06-26T20:42:54.049-0700 [TRACE] sdk.helper_resource: Called Terraform CLI show command for JSON state: test_name=TestAccMappingRuleResource test_terraform_path=/opt/homebrew/bin/terraform test_working_directory=/var/folders/yn/gzqxcdd94r9b63yr0c7_bs_40000gn/T/plugintest966882693 test_step_number=1
2025-06-26T20:42:54.049-0700 [TRACE] sdk.helper_resource: Called wrapped Terraform CLI command: test_name=TestAccMappingRuleResource test_terraform_path=/opt/homebrew/bin/terraform test_working_directory=/var/folders/yn/gzqxcdd94r9b63yr0c7_bs_40000gn/T/plugintest966882693 test_step_number=1
2025-06-26T20:42:54.049-0700 [DEBUG] sdk.helper_resource: Stopping providers: test_name=TestAccMappingRuleResource test_terraform_path=/opt/homebrew/bin/terraform test_working_directory=/var/folders/yn/gzqxcdd94r9b63yr0c7_bs_40000gn/T/plugintest966882693 test_step_number=1
2025-06-26T20:42:54.049-0700 [TRACE] sdk.helper_resource: Waiting for providers to stop: test_step_number=1 test_name=TestAccMappingRuleResource test_terraform_path=/opt/homebrew/bin/terraform test_working_directory=/var/folders/yn/gzqxcdd94r9b63yr0c7_bs_40000gn/T/plugintest966882693
2025-06-26T20:42:54.049-0700 [TRACE] sdk.helper_resource: Providers have successfully stopped: test_name=TestAccMappingRuleResource test_terraform_path=/opt/homebrew/bin/terraform test_working_directory=/var/folders/yn/gzqxcdd94r9b63yr0c7_bs_40000gn/T/plugintest966882693 test_step_number=1
2025-06-26T20:42:54.049-0700 [DEBUG] sdk.helper_resource: Creating tfprotov6 provider instance: test_step_number=1 test_name=TestAccMappingRuleResource test_terraform_path=/opt/homebrew/bin/terraform test_working_directory=/var/folders/yn/gzqxcdd94r9b63yr0c7_bs_40000gn/T/plugintest966882693 tf_provider_addr=registry.terraform.io/hashicorp/keep
2025-06-26T20:42:54.049-0700 [DEBUG] sdk.helper_resource: Created tfprotov6 provider instance: test_working_directory=/var/folders/yn/gzqxcdd94r9b63yr0c7_bs_40000gn/T/plugintest966882693 test_step_number=1 test_name=TestAccMappingRuleResource tf_provider_addr=registry.terraform.io/hashicorp/keep test_terraform_path=/opt/homebrew/bin/terraform
2025-06-26T20:42:54.049-0700 [DEBUG] sdk.helper_resource: Starting tfprotov6 provider instance server: test_terraform_path=/opt/homebrew/bin/terraform test_working_directory=/var/folders/yn/gzqxcdd94r9b63yr0c7_bs_40000gn/T/plugintest966882693 test_step_number=1 tf_provider_addr=registry.terraform.io/hashicorp/keep test_name=TestAccMappingRuleResource
2025-06-26T20:42:54.049-0700 [DEBUG] sdk.helper_resource: Started tfprotov6 provider instance server: test_name=TestAccMappingRuleResource test_terraform_path=/opt/homebrew/bin/terraform test_working_directory=/var/folders/yn/gzqxcdd94r9b63yr0c7_bs_40000gn/T/plugintest966882693 test_step_number=1 tf_provider_addr=registry.terraform.io/hashicorp/keep
2025-06-26T20:42:54.049-0700 [TRACE] sdk.helper_resource: Setting Terraform CLI reattach configuration: test_name=TestAccMappingRuleResource tf_reattach_config="map[registry.terraform.io/-/keep:{grpc 6 2128 true {unix /var/folders/yn/gzqxcdd94r9b63yr0c7_bs_40000gn/T/plugin1320946133}} registry.terraform.io/hashicorp/keep:{grpc 6 2128 true {unix /var/folders/yn/gzqxcdd94r9b63yr0c7_bs_40000gn/T/plugin1320946133}}]" test_terraform_path=/opt/homebrew/bin/terraform test_working_directory=/var/folders/yn/gzqxcdd94r9b63yr0c7_bs_40000gn/T/plugintest966882693 test_step_number=1
2025-06-26T20:42:54.049-0700 [TRACE] sdk.helper_resource: Calling wrapped Terraform CLI command: test_name=TestAccMappingRuleResource test_terraform_path=/opt/homebrew/bin/terraform test_working_directory=/var/folders/yn/gzqxcdd94r9b63yr0c7_bs_40000gn/T/plugintest966882693 test_step_number=1
2025-06-26T20:42:54.049-0700 [TRACE] sdk.helper_resource: Calling Terraform CLI apply command: test_name=TestAccMappingRuleResource test_terraform_path=/opt/homebrew/bin/terraform test_working_directory=/var/folders/yn/gzqxcdd94r9b63yr0c7_bs_40000gn/T/plugintest966882693 test_step_number=1
2025-06-26T20:42:54.069-0700 [TRACE] sdk.proto: Received request: tf_provider_addr=registry.terraform.io/hashicorp/keep tf_proto_version=6.9 tf_rpc=GetProviderSchema tf_req_id=d9bbf31c-c63e-9242-af8c-e7fd3434b18e
2025-06-26T20:42:54.069-0700 [TRACE] sdk.proto: Sending request downstream: tf_rpc=GetProviderSchema tf_req_id=d9bbf31c-c63e-9242-af8c-e7fd3434b18e tf_provider_addr=registry.terraform.io/hashicorp/keep tf_proto_version=6.9
2025-06-26T20:42:54.069-0700 [TRACE] sdk.framework: Checking ProviderSchema lock: tf_provider_addr=registry.terraform.io/hashicorp/keep tf_rpc=GetProviderSchema tf_req_id=d9bbf31c-c63e-9242-af8c-e7fd3434b18e
2025-06-26T20:42:54.069-0700 [TRACE] sdk.framework: Calling provider defined Provider Schema: tf_provider_addr=registry.terraform.io/hashicorp/keep tf_rpc=GetProviderSchema tf_req_id=d9bbf31c-c63e-9242-af8c-e7fd3434b18e
2025-06-26T20:42:54.069-0700 [TRACE] sdk.framework: Called provider defined Provider Schema: tf_req_id=d9bbf31c-c63e-9242-af8c-e7fd3434b18e tf_provider_addr=registry.terraform.io/hashicorp/keep tf_rpc=GetProviderSchema
2025-06-26T20:42:54.069-0700 [TRACE] sdk.framework: Checking ResourceTypes lock: tf_req_id=d9bbf31c-c63e-9242-af8c-e7fd3434b18e tf_provider_addr=registry.terraform.io/hashicorp/keep tf_rpc=GetProviderSchema
2025-06-26T20:42:54.069-0700 [TRACE] sdk.framework: Checking ProviderTypeName lock: tf_req_id=d9bbf31c-c63e-9242-af8c-e7fd3434b18e tf_provider_addr=registry.terraform.io/hashicorp/keep tf_rpc=GetProviderSchema
2025-06-26T20:42:54.069-0700 [TRACE] sdk.framework: Calling provider defined Provider Metadata: tf_req_id=d9bbf31c-c63e-9242-af8c-e7fd3434b18e tf_provider_addr=registry.terraform.io/hashicorp/keep tf_rpc=GetProviderSchema
2025-06-26T20:42:54.069-0700 [TRACE] sdk.framework: Called provider defined Provider Metadata: tf_req_id=d9bbf31c-c63e-9242-af8c-e7fd3434b18e tf_provider_addr=registry.terraform.io/hashicorp/keep tf_rpc=GetProviderSchema
2025-06-26T20:42:54.069-0700 [TRACE] sdk.framework: Calling provider defined Provider Resources: tf_rpc=GetProviderSchema tf_req_id=d9bbf31c-c63e-9242-af8c-e7fd3434b18e tf_provider_addr=registry.terraform.io/hashicorp/keep
2025-06-26T20:42:54.069-0700 [TRACE] sdk.framework: Called provider defined Provider Resources: tf_req_id=d9bbf31c-c63e-9242-af8c-e7fd3434b18e tf_provider_addr=registry.terraform.io/hashicorp/keep tf_rpc=GetProviderSchema
2025-06-26T20:42:54.069-0700 [TRACE] sdk.framework: Found resource type: tf_provider_addr=registry.terraform.io/hashicorp/keep tf_rpc=GetProviderSchema tf_resource_type=keep_provider tf_req_id=d9bbf31c-c63e-9242-af8c-e7fd3434b18e
2025-06-26T20:42:54.069-0700 [TRACE] sdk.framework: Found resource type: tf_req_id=d9bbf31c-c63e-9242-af8c-e7fd3434b18e tf_provider_addr=registry.terraform.io/hashicorp/keep tf_rpc=GetProviderSchema tf_resource_type=keep_extraction_rule
2025-06-26T20:42:54.069-0700 [TRACE] sdk.framework: Found resource type: tf_req_id=d9bbf31c-c63e-9242-af8c-e7fd3434b18e tf_provider_addr=registry.terraform.io/hashicorp/keep tf_rpc=GetProviderSchema tf_resource_type=keep_alert
2025-06-26T20:42:54.069-0700 [TRACE] sdk.framework: Found resource type: tf_rpc=GetProviderSchema tf_resource_type=keep_mapping_rule tf_req_id=d9bbf31c-c63e-9242-af8c-e7fd3434b18e tf_provider_addr=registry.terraform.io/hashicorp/keep
2025-06-26T20:42:54.069-0700 [TRACE] sdk.framework: Calling provider defined Resource Schema method: tf_rpc=GetProviderSchema tf_resource_type=keep_provider tf_req_id=d9bbf31c-c63e-9242-af8c-e7fd3434b18e tf_provider_addr=registry.terraform.io/hashicorp/keep
2025-06-26T20:42:54.069-0700 [TRACE] sdk.framework: Called provider defined Resource Schema method: tf_req_id=d9bbf31c-c63e-9242-af8c-e7fd3434b18e tf_provider_addr=registry.terraform.io/hashicorp/keep tf_rpc=GetProviderSchema tf_resource_type=keep_provider
2025-06-26T20:42:54.069-0700 [TRACE] sdk.framework: Calling provider defined Resource Schema method: tf_req_id=d9bbf31c-c63e-9242-af8c-e7fd3434b18e tf_provider_addr=registry.terraform.io/hashicorp/keep tf_rpc=GetProviderSchema tf_resource_type=keep_extraction_rule
2025-06-26T20:42:54.069-0700 [TRACE] sdk.framework: Called provider defined Resource Schema method: tf_provider_addr=registry.terraform.io/hashicorp/keep tf_rpc=GetProviderSchema tf_req_id=d9bbf31c-c63e-9242-af8c-e7fd3434b18e tf_resource_type=keep_extraction_rule
2025-06-26T20:42:54.069-0700 [TRACE] sdk.framework: Calling provider defined Resource Schema method: tf_req_id=d9bbf31c-c63e-9242-af8c-e7fd3434b18e tf_provider_addr=registry.terraform.io/hashicorp/keep tf_rpc=GetProviderSchema tf_resource_type=keep_alert
2025-06-26T20:42:54.069-0700 [TRACE] sdk.framework: Called provider defined Resource Schema method: tf_provider_addr=registry.terraform.io/hashicorp/keep tf_rpc=GetProviderSchema tf_resource_type=keep_alert tf_req_id=d9bbf31c-c63e-9242-af8c-e7fd3434b18e
2025-06-26T20:42:54.069-0700 [TRACE] sdk.framework: Calling provider defined Resource Schema method: tf_req_id=d9bbf31c-c63e-9242-af8c-e7fd3434b18e tf_provider_addr=registry.terraform.io/hashicorp/keep tf_rpc=GetProviderSchema tf_resource_type=keep_mapping_rule
2025-06-26T20:42:54.069-0700 [TRACE] sdk.framework: Called provider defined Resource Schema method: tf_req_id=d9bbf31c-c63e-9242-af8c-e7fd3434b18e tf_provider_addr=registry.terraform.io/hashicorp/keep tf_rpc=GetProviderSchema tf_resource_type=keep_mapping_rule
2025-06-26T20:42:54.069-0700 [TRACE] sdk.framework: Checking DataSourceTypes lock: tf_req_id=d9bbf31c-c63e-9242-af8c-e7fd3434b18e tf_provider_addr=registry.terraform.io/hashicorp/keep tf_rpc=GetProviderSchema
2025-06-26T20:42:54.069-0700 [TRACE] sdk.framework: Checking ProviderTypeName lock: tf_req_id=d9bbf31c-c63e-9242-af8c-e7fd3434b18e tf_provider_addr=registry.terraform.io/hashicorp/keep tf_rpc=GetProviderSchema
2025-06-26T20:42:54.069-0700 [TRACE] sdk.framework: Calling provider defined Provider DataSources: tf_req_id=d9bbf31c-c63e-9242-af8c-e7fd3434b18e tf_provider_addr=registry.terraform.io/hashicorp/keep tf_rpc=GetProviderSchema
2025-06-26T20:42:54.069-0700 [TRACE] sdk.framework: Called provider defined Provider DataSources: tf_provider_addr=registry.terraform.io/hashicorp/keep tf_rpc=GetProviderSchema tf_req_id=d9bbf31c-c63e-9242-af8c-e7fd3434b18e
2025-06-26T20:42:54.069-0700 [TRACE] sdk.framework: Checking FunctionTypes lock: tf_req_id=d9bbf31c-c63e-9242-af8c-e7fd3434b18e tf_provider_addr=registry.terraform.io/hashicorp/keep tf_rpc=GetProviderSchema
2025-06-26T20:42:54.069-0700 [TRACE] sdk.framework: Checking EphemeralResourceFuncs lock: tf_provider_addr=registry.terraform.io/hashicorp/keep tf_rpc=GetProviderSchema tf_req_id=d9bbf31c-c63e-9242-af8c-e7fd3434b18e
2025-06-26T20:42:54.069-0700 [TRACE] sdk.framework: Checking ProviderTypeName lock: tf_req_id=d9bbf31c-c63e-9242-af8c-e7fd3434b18e tf_provider_addr=registry.terraform.io/hashicorp/keep tf_rpc=GetProviderSchema
2025-06-26T20:42:54.069-0700 [TRACE] sdk.proto: Received downstream response: tf_req_duration_ms=0 diagnostic_error_count=0 tf_req_id=d9bbf31c-c63e-9242-af8c-e7fd3434b18e tf_provider_addr=registry.terraform.io/hashicorp/keep tf_proto_version=6.9 tf_rpc=GetProviderSchema diagnostic_warning_count=0
2025-06-26T20:42:54.069-0700 [TRACE] sdk.proto: Announced server capabilities: tf_server_capability_get_provider_schema_optional=true tf_server_capability_move_resource_state=true tf_server_capability_plan_destroy=true tf_provider_addr=registry.terraform.io/hashicorp/keep tf_proto_version=6.9 tf_rpc=GetProviderSchema tf_req_id=d9bbf31c-c63e-9242-af8c-e7fd3434b18e
2025-06-26T20:42:54.069-0700 [TRACE] sdk.proto: Served request: tf_req_id=d9bbf31c-c63e-9242-af8c-e7fd3434b18e tf_provider_addr=registry.terraform.io/hashicorp/keep tf_proto_version=6.9 tf_rpc=GetProviderSchema
2025-06-26T20:42:54.071-0700 [TRACE] sdk.proto: Received request: tf_req_id=a0dc6ac2-a6f6-a345-67dc-412076582558 tf_provider_addr=registry.terraform.io/hashicorp/keep tf_proto_version=6.9 tf_rpc=ValidateProviderConfig
2025-06-26T20:42:54.071-0700 [TRACE] sdk.proto: Sending request downstream: tf_req_id=a0dc6ac2-a6f6-a345-67dc-412076582558 tf_provider_addr=registry.terraform.io/hashicorp/keep tf_proto_version=6.9 tf_rpc=ValidateProviderConfig
2025-06-26T20:42:54.071-0700 [TRACE] sdk.framework: Checking ProviderSchema lock: tf_provider_addr=registry.terraform.io/hashicorp/keep tf_rpc=ValidateProviderConfig tf_req_id=a0dc6ac2-a6f6-a345-67dc-412076582558
2025-06-26T20:42:54.071-0700 [TRACE] sdk.proto: Received downstream response: diagnostic_warning_count=0 tf_req_duration_ms=0 tf_rpc=ValidateProviderConfig tf_req_id=a0dc6ac2-a6f6-a345-67dc-412076582558 tf_provider_addr=registry.terraform.io/hashicorp/keep tf_proto_version=6.9 diagnostic_error_count=0
2025-06-26T20:42:54.071-0700 [TRACE] sdk.proto: Served request: tf_proto_version=6.9 tf_rpc=ValidateProviderConfig tf_req_id=a0dc6ac2-a6f6-a345-67dc-412076582558 tf_provider_addr=registry.terraform.io/hashicorp/keep
2025-06-26T20:42:54.071-0700 [TRACE] sdk.proto: Received request: tf_rpc=ConfigureProvider tf_req_id=494551bd-71d7-db78-2e62-9d5742d688a1 tf_provider_addr=registry.terraform.io/hashicorp/keep tf_proto_version=6.9
2025-06-26T20:42:54.071-0700 [TRACE] sdk.proto: Announced client capabilities: tf_proto_version=6.9 tf_rpc=ConfigureProvider tf_client_capability_deferral_allowed=true tf_req_id=494551bd-71d7-db78-2e62-9d5742d688a1 tf_provider_addr=registry.terraform.io/hashicorp/keep
2025-06-26T20:42:54.071-0700 [TRACE] sdk.proto: Sending request downstream: tf_rpc=ConfigureProvider tf_req_id=494551bd-71d7-db78-2e62-9d5742d688a1 tf_provider_addr=registry.terraform.io/hashicorp/keep tf_proto_version=6.9
2025-06-26T20:42:54.071-0700 [TRACE] sdk.framework: Checking ProviderSchema lock: tf_req_id=494551bd-71d7-db78-2e62-9d5742d688a1 tf_provider_addr=registry.terraform.io/hashicorp/keep tf_rpc=ConfigureProvider
2025-06-26T20:42:54.071-0700 [TRACE] sdk.framework: Calling provider defined Provider Configure: tf_req_id=494551bd-71d7-db78-2e62-9d5742d688a1 tf_provider_addr=registry.terraform.io/hashicorp/keep tf_rpc=ConfigureProvider
2025-06-26T20:42:54.071-0700 [DEBUG] keep: Configuring KeepHQ client: provider=keep tf_rpc=ConfigureProvider tf_req_id=494551bd-71d7-db78-2e62-9d5742d688a1 tf_provider_addr=registry.terraform.io/hashicorp/keep
2025-06-26T20:42:54.071-0700 [DEBUG] keep: Provider configuration: provider=keep tf_rpc=ConfigureProvider tf_req_id=494551bd-71d7-db78-2e62-9d5742d688a1 tf_provider_addr=registry.terraform.io/hashicorp/keep api_key_set=true api_url=http://localhost:8080
2025-06-26T20:42:54.071-0700 [TRACE] sdk.framework: Called provider defined Provider Configure: tf_req_id=494551bd-71d7-db78-2e62-9d5742d688a1 tf_provider_addr=registry.terraform.io/hashicorp/keep tf_rpc=ConfigureProvider
2025-06-26T20:42:54.071-0700 [TRACE] sdk.proto: Received downstream response: tf_req_duration_ms=0 tf_req_id=494551bd-71d7-db78-2e62-9d5742d688a1 tf_provider_addr=registry.terraform.io/hashicorp/keep tf_proto_version=6.9 tf_rpc=ConfigureProvider diagnostic_error_count=0 diagnostic_warning_count=0
2025-06-26T20:42:54.071-0700 [TRACE] sdk.proto: Served request: tf_req_id=494551bd-71d7-db78-2e62-9d5742d688a1 tf_provider_addr=registry.terraform.io/hashicorp/keep tf_proto_version=6.9 tf_rpc=ConfigureProvider
2025-06-26T20:42:54.071-0700 [TRACE] sdk.proto: Received request: tf_resource_type=keep_mapping_rule tf_rpc=ValidateResourceConfig tf_proto_version=6.9 tf_req_id=95036fff-35d5-a3f8-1470-ee0694914264 tf_provider_addr=registry.terraform.io/hashicorp/keep
2025-06-26T20:42:54.071-0700 [TRACE] sdk.proto: Announced client capabilities: tf_proto_version=6.9 tf_req_id=95036fff-35d5-a3f8-1470-ee0694914264 tf_provider_addr=registry.terraform.io/hashicorp/keep tf_resource_type=keep_mapping_rule tf_client_capability_write_only_attributes_allowed=true tf_rpc=ValidateResourceConfig
2025-06-26T20:42:54.071-0700 [TRACE] sdk.proto: Sending request downstream: tf_proto_version=6.9 tf_req_id=95036fff-35d5-a3f8-1470-ee0694914264 tf_provider_addr=registry.terraform.io/hashicorp/keep tf_resource_type=keep_mapping_rule tf_rpc=ValidateResourceConfig
2025-06-26T20:42:54.071-0700 [TRACE] sdk.framework: Checking ResourceTypes lock: tf_rpc=ValidateResourceConfig tf_resource_type=keep_mapping_rule tf_req_id=95036fff-35d5-a3f8-1470-ee0694914264 tf_provider_addr=registry.terraform.io/hashicorp/keep
2025-06-26T20:42:54.071-0700 [TRACE] sdk.framework: Checking ResourceTypes lock: tf_rpc=ValidateResourceConfig tf_resource_type=keep_mapping_rule tf_req_id=95036fff-35d5-a3f8-1470-ee0694914264 tf_provider_addr=registry.terraform.io/hashicorp/keep
2025-06-26T20:42:54.071-0700 [TRACE] sdk.framework: Calling provider defined Resource Schema method: tf_req_id=95036fff-35d5-a3f8-1470-ee0694914264 tf_provider_addr=registry.terraform.io/hashicorp/keep tf_rpc=ValidateResourceConfig tf_resource_type=keep_mapping_rule
2025-06-26T20:42:54.071-0700 [TRACE] sdk.framework: Called provider defined Resource Schema method: tf_rpc=ValidateResourceConfig tf_resource_type=keep_mapping_rule tf_req_id=95036fff-35d5-a3f8-1470-ee0694914264 tf_provider_addr=registry.terraform.io/hashicorp/keep
2025-06-26T20:42:54.071-0700 [TRACE] sdk.framework: Resource implements ResourceWithConfigure: tf_resource_type=keep_mapping_rule tf_req_id=95036fff-35d5-a3f8-1470-ee0694914264 tf_provider_addr=registry.terraform.io/hashicorp/keep tf_rpc=ValidateResourceConfig
2025-06-26T20:42:54.071-0700 [TRACE] sdk.framework: Calling provider defined Resource Configure: tf_resource_type=keep_mapping_rule tf_req_id=95036fff-35d5-a3f8-1470-ee0694914264 tf_provider_addr=registry.terraform.io/hashicorp/keep tf_rpc=ValidateResourceConfig
2025-06-26T20:42:54.071-0700 [TRACE] sdk.framework: Called provider defined Resource Configure: tf_resource_type=keep_mapping_rule tf_req_id=95036fff-35d5-a3f8-1470-ee0694914264 tf_provider_addr=registry.terraform.io/hashicorp/keep tf_rpc=ValidateResourceConfig
2025-06-26T20:42:54.071-0700 [TRACE] sdk.framework: Type implements TypeWithValidate: tf_resource_type=keep_mapping_rule tf_attribute_path=priority tf_req_id=95036fff-35d5-a3f8-1470-ee0694914264 tf_provider_addr=registry.terraform.io/hashicorp/keep tf_rpc=ValidateResourceConfig
2025-06-26T20:42:54.071-0700 [TRACE] sdk.framework: Calling provider defined Type Validate: tf_resource_type=keep_mapping_rule tf_attribute_path=priority tf_req_id=95036fff-35d5-a3f8-1470-ee0694914264 tf_provider_addr=registry.terraform.io/hashicorp/keep tf_rpc=ValidateResourceConfig
2025-06-26T20:42:54.071-0700 [TRACE] sdk.framework: Called provider defined Type Validate: tf_attribute_path=priority tf_req_id=95036fff-35d5-a3f8-1470-ee0694914264 tf_provider_addr=registry.terraform.io/hashicorp/keep tf_rpc=ValidateResourceConfig tf_resource_type=keep_mapping_rule
2025-06-26T20:42:54.071-0700 [TRACE] sdk.framework: Type implements TypeWithValidate: tf_resource_type=keep_mapping_rule tf_attribute_path=matchers tf_req_id=95036fff-35d5-a3f8-1470-ee0694914264 tf_provider_addr=registry.terraform.io/hashicorp/keep tf_rpc=ValidateResourceConfig
2025-06-26T20:42:54.071-0700 [TRACE] sdk.framework: Calling provider defined Type Validate: tf_provider_addr=registry.terraform.io/hashicorp/keep tf_rpc=ValidateResourceConfig tf_resource_type=keep_mapping_rule tf_attribute_path=matchers tf_req_id=95036fff-35d5-a3f8-1470-ee0694914264
2025-06-26T20:42:54.071-0700 [TRACE] sdk.framework: Called provider defined Type Validate: tf_attribute_path=matchers tf_req_id=95036fff-35d5-a3f8-1470-ee0694914264 tf_provider_addr=registry.terraform.io/hashicorp/keep tf_rpc=ValidateResourceConfig tf_resource_type=keep_mapping_rule
2025-06-26T20:42:54.071-0700 [TRACE] sdk.proto: Received downstream response: tf_req_duration_ms=0 tf_provider_addr=registry.terraform.io/hashicorp/keep tf_resource_type=keep_mapping_rule tf_rpc=ValidateResourceConfig tf_proto_version=6.9 tf_req_id=95036fff-35d5-a3f8-1470-ee0694914264 diagnostic_error_count=0 diagnostic_warning_count=0
2025-06-26T20:42:54.071-0700 [TRACE] sdk.proto: Served request: tf_proto_version=6.9 tf_req_id=95036fff-35d5-a3f8-1470-ee0694914264 tf_provider_addr=registry.terraform.io/hashicorp/keep tf_resource_type=keep_mapping_rule tf_rpc=ValidateResourceConfig
2025-06-26T20:42:54.071-0700 [TRACE] sdk.proto: Received request: tf_rpc=PlanResourceChange tf_req_id=9d0f0019-a07d-4246-3732-c80582fa6e8b tf_provider_addr=registry.terraform.io/hashicorp/keep tf_proto_version=6.9 tf_resource_type=keep_mapping_rule
2025-06-26T20:42:54.071-0700 [TRACE] sdk.proto: Announced client capabilities: tf_resource_type=keep_mapping_rule tf_rpc=PlanResourceChange tf_client_capability_deferral_allowed=true tf_req_id=9d0f0019-a07d-4246-3732-c80582fa6e8b tf_provider_addr=registry.terraform.io/hashicorp/keep tf_proto_version=6.9
2025-06-26T20:42:54.071-0700 [TRACE] sdk.proto: Sending request downstream: tf_rpc=PlanResourceChange tf_req_id=9d0f0019-a07d-4246-3732-c80582fa6e8b tf_provider_addr=registry.terraform.io/hashicorp/keep tf_proto_version=6.9 tf_resource_type=keep_mapping_rule
2025-06-26T20:42:54.071-0700 [TRACE] sdk.framework: Checking ResourceTypes lock: tf_req_id=9d0f0019-a07d-4246-3732-c80582fa6e8b tf_provider_addr=registry.terraform.io/hashicorp/keep tf_rpc=PlanResourceChange tf_resource_type=keep_mapping_rule
2025-06-26T20:42:54.071-0700 [TRACE] sdk.framework: Checking ResourceTypes lock: tf_provider_addr=registry.terraform.io/hashicorp/keep tf_rpc=PlanResourceChange tf_resource_type=keep_mapping_rule tf_req_id=9d0f0019-a07d-4246-3732-c80582fa6e8b
2025-06-26T20:42:54.071-0700 [TRACE] sdk.framework: Checking ResourceBehaviors lock: tf_provider_addr=registry.terraform.io/hashicorp/keep tf_rpc=PlanResourceChange tf_resource_type=keep_mapping_rule tf_req_id=9d0f0019-a07d-4246-3732-c80582fa6e8b
2025-06-26T20:42:54.071-0700 [TRACE] sdk.framework: Checking ProviderTypeName lock: tf_req_id=9d0f0019-a07d-4246-3732-c80582fa6e8b tf_provider_addr=registry.terraform.io/hashicorp/keep tf_rpc=PlanResourceChange tf_resource_type=keep_mapping_rule
2025-06-26T20:42:54.071-0700 [TRACE] sdk.framework: Checking ResourceTypes lock: tf_resource_type=keep_mapping_rule tf_req_id=9d0f0019-a07d-4246-3732-c80582fa6e8b tf_provider_addr=registry.terraform.io/hashicorp/keep tf_rpc=PlanResourceChange
2025-06-26T20:42:54.071-0700 [TRACE] sdk.framework: Found resource type: tf_req_id=9d0f0019-a07d-4246-3732-c80582fa6e8b tf_provider_addr=registry.terraform.io/hashicorp/keep tf_rpc=PlanResourceChange tf_resource_type=keep_provider
2025-06-26T20:42:54.071-0700 [TRACE] sdk.framework: Found resource type: tf_resource_type=keep_extraction_rule tf_req_id=9d0f0019-a07d-4246-3732-c80582fa6e8b tf_provider_addr=registry.terraform.io/hashicorp/keep tf_rpc=PlanResourceChange
2025-06-26T20:42:54.071-0700 [TRACE] sdk.framework: Found resource type: tf_req_id=9d0f0019-a07d-4246-3732-c80582fa6e8b tf_provider_addr=registry.terraform.io/hashicorp/keep tf_rpc=PlanResourceChange tf_resource_type=keep_alert
2025-06-26T20:42:54.071-0700 [TRACE] sdk.framework: Found resource type: tf_provider_addr=registry.terraform.io/hashicorp/keep tf_rpc=PlanResourceChange tf_resource_type=keep_mapping_rule tf_req_id=9d0f0019-a07d-4246-3732-c80582fa6e8b
2025-06-26T20:42:54.071-0700 [TRACE] sdk.framework: Resource implements ResourceWithConfigure: tf_provider_addr=registry.terraform.io/hashicorp/keep tf_rpc=PlanResourceChange tf_resource_type=keep_mapping_rule tf_req_id=9d0f0019-a07d-4246-3732-c80582fa6e8b
2025-06-26T20:42:54.071-0700 [TRACE] sdk.framework: Calling provider defined Resource Configure: tf_provider_addr=registry.terraform.io/hashicorp/keep tf_rpc=PlanResourceChange tf_resource_type=keep_mapping_rule tf_req_id=9d0f0019-a07d-4246-3732-c80582fa6e8b
2025-06-26T20:42:54.071-0700 [TRACE] sdk.framework: Called provider defined Resource Configure: tf_req_id=9d0f0019-a07d-4246-3732-c80582fa6e8b tf_provider_addr=registry.terraform.io/hashicorp/keep tf_rpc=PlanResourceChange tf_resource_type=keep_mapping_rule
2025-06-26T20:42:54.071-0700 [TRACE] sdk.framework: Type implements TypeWithValidate: tf_provider_addr=registry.terraform.io/hashicorp/keep tf_rpc=PlanResourceChange tf_resource_type=keep_mapping_rule tf_req_id=9d0f0019-a07d-4246-3732-c80582fa6e8b
2025-06-26T20:42:54.071-0700 [TRACE] sdk.framework: Calling provider defined Type Validate: tf_rpc=PlanResourceChange tf_resource_type=keep_mapping_rule tf_req_id=9d0f0019-a07d-4246-3732-c80582fa6e8b tf_provider_addr=registry.terraform.io/hashicorp/keep
2025-06-26T20:42:54.071-0700 [TRACE] sdk.framework: Called provider defined Type Validate: tf_rpc=PlanResourceChange tf_resource_type=keep_mapping_rule tf_req_id=9d0f0019-a07d-4246-3732-c80582fa6e8b tf_provider_addr=registry.terraform.io/hashicorp/keep
2025-06-26T20:42:54.071-0700 [TRACE] sdk.framework: attribute is a non-schema attribute, not setting default: tf_provider_addr=registry.terraform.io/hashicorp/keep tf_rpc=PlanResourceChange tf_resource_type=keep_mapping_rule tf_req_id=9d0f0019-a07d-4246-3732-c80582fa6e8b
2025-06-26T20:42:54.071-0700 [TRACE] sdk.framework: attribute is a non-schema attribute, not setting default: tf_provider_addr=registry.terraform.io/hashicorp/keep tf_rpc=PlanResourceChange tf_resource_type=keep_mapping_rule tf_req_id=9d0f0019-a07d-4246-3732-c80582fa6e8b
2025-06-26T20:42:54.071-0700 [TRACE] sdk.framework: Type implements TypeWithValidate: tf_provider_addr=registry.terraform.io/hashicorp/keep tf_rpc=PlanResourceChange tf_resource_type=keep_mapping_rule tf_req_id=9d0f0019-a07d-4246-3732-c80582fa6e8b
2025-06-26T20:42:54.071-0700 [TRACE] sdk.framework: Calling provider defined Type Validate: tf_req_id=9d0f0019-a07d-4246-3732-c80582fa6e8b tf_provider_addr=registry.terraform.io/hashicorp/keep tf_rpc=PlanResourceChange tf_resource_type=keep_mapping_rule
2025-06-26T20:42:54.071-0700 [TRACE] sdk.framework: Called provider defined Type Validate: tf_provider_addr=registry.terraform.io/hashicorp/keep tf_rpc=PlanResourceChange tf_resource_type=keep_mapping_rule tf_req_id=9d0f0019-a07d-4246-3732-c80582fa6e8b
2025-06-26T20:42:54.072-0700 [TRACE] sdk.framework: attribute is a non-schema attribute, not nullifying: tf_attribute_path="AttributeName(\"matchers\").ElementKeyString(\"env\")" tf_provider_addr=registry.terraform.io/hashicorp/keep tf_rpc=PlanResourceChange tf_resource_type=keep_mapping_rule tf_req_id=9d0f0019-a07d-4246-3732-c80582fa6e8b
2025-06-26T20:42:54.072-0700 [TRACE] sdk.framework: attribute is a non-schema attribute, not nullifying: tf_req_id=9d0f0019-a07d-4246-3732-c80582fa6e8b tf_attribute_path="AttributeName(\"matchers\").ElementKeyString(\"team\")" tf_provider_addr=registry.terraform.io/hashicorp/keep tf_rpc=PlanResourceChange tf_resource_type=keep_mapping_rule
2025-06-26T20:42:54.072-0700 [DEBUG] sdk.framework: Marking Computed attributes with null configuration values as unknown (known after apply) in the plan to prevent potential Terraform errors: tf_provider_addr=registry.terraform.io/hashicorp/keep tf_rpc=PlanResourceChange tf_resource_type=keep_mapping_rule tf_req_id=9d0f0019-a07d-4246-3732-c80582fa6e8b
2025-06-26T20:42:54.072-0700 [DEBUG] sdk.framework: marking computed attribute that is null in the config as unknown: tf_resource_type=keep_mapping_rule tf_req_id=9d0f0019-a07d-4246-3732-c80582fa6e8b tf_attribute_path="AttributeName(\"id\")" tf_provider_addr=registry.terraform.io/hashicorp/keep tf_rpc=PlanResourceChange
2025-06-26T20:42:54.072-0700 [TRACE] sdk.framework: attribute is a non-schema attribute, not marking unknown: tf_rpc=PlanResourceChange tf_resource_type=keep_mapping_rule tf_req_id=9d0f0019-a07d-4246-3732-c80582fa6e8b tf_attribute_path="AttributeName(\"matchers\").ElementKeyString(\"team\")" tf_provider_addr=registry.terraform.io/hashicorp/keep
2025-06-26T20:42:54.072-0700 [TRACE] sdk.framework: attribute is a non-schema attribute, not marking unknown: tf_rpc=PlanResourceChange tf_resource_type=keep_mapping_rule tf_req_id=9d0f0019-a07d-4246-3732-c80582fa6e8b tf_attribute_path="AttributeName(\"matchers\").ElementKeyString(\"env\")" tf_provider_addr=registry.terraform.io/hashicorp/keep
2025-06-26T20:42:54.072-0700 [TRACE] sdk.framework: Attribute/block not null in configuration, not marking unknown: tf_rpc=PlanResourceChange tf_resource_type=keep_mapping_rule tf_req_id=9d0f0019-a07d-4246-3732-c80582fa6e8b tf_attribute_path="AttributeName(\"matchers\")" tf_provider_addr=registry.terraform.io/hashicorp/keep
2025-06-26T20:42:54.072-0700 [TRACE] sdk.framework: Attribute/block not null in configuration, not marking unknown: tf_req_id=9d0f0019-a07d-4246-3732-c80582fa6e8b tf_attribute_path="AttributeName(\"name\")" tf_provider_addr=registry.terraform.io/hashicorp/keep tf_rpc=PlanResourceChange tf_resource_type=keep_mapping_rule
2025-06-26T20:42:54.072-0700 [TRACE] sdk.framework: Attribute/block not null in configuration, not marking unknown: tf_resource_type=keep_mapping_rule tf_req_id=9d0f0019-a07d-4246-3732-c80582fa6e8b tf_attribute_path="AttributeName(\"priority\")" tf_provider_addr=registry.terraform.io/hashicorp/keep tf_rpc=PlanResourceChange
2025-06-26T20:42:54.072-0700 [TRACE] sdk.framework: Attribute/block not null in configuration, not marking unknown: tf_rpc=PlanResourceChange tf_resource_type=keep_mapping_rule tf_req_id=9d0f0019-a07d-4246-3732-c80582fa6e8b tf_attribute_path="AttributeName(\"csv_data\")" tf_provider_addr=registry.terraform.io/hashicorp/keep
2025-06-26T20:42:54.072-0700 [TRACE] sdk.framework: Attribute/block not null in configuration, not marking unknown: tf_req_id=9d0f0019-a07d-4246-3732-c80582fa6e8b tf_attribute_path="AttributeName(\"description\")" tf_provider_addr=registry.terraform.io/hashicorp/keep tf_rpc=PlanResourceChange tf_resource_type=keep_mapping_rule
2025-06-26T20:42:54.072-0700 [TRACE] sdk.framework: Attribute/block not null in configuration, not marking unknown: tf_rpc=PlanResourceChange tf_resource_type=keep_mapping_rule tf_req_id=9d0f0019-a07d-4246-3732-c80582fa6e8b tf_attribute_path="AttributeName(\"disabled\")" tf_provider_addr=registry.terraform.io/hashicorp/keep
2025-06-26T20:42:54.072-0700 [TRACE] sdk.framework: At least one Computed null Config value was changed to unknown: tf_provider_addr=registry.terraform.io/hashicorp/keep tf_rpc=PlanResourceChange tf_resource_type=keep_mapping_rule tf_req_id=9d0f0019-a07d-4246-3732-c80582fa6e8b
2025-06-26T20:42:54.072-0700 [TRACE] sdk.framework: Type implements TypeWithValidate: tf_rpc=PlanResourceChange tf_resource_type=keep_mapping_rule tf_req_id=9d0f0019-a07d-4246-3732-c80582fa6e8b tf_provider_addr=registry.terraform.io/hashicorp/keep
2025-06-26T20:42:54.072-0700 [TRACE] sdk.framework: Calling provider defined Type Validate: tf_provider_addr=registry.terraform.io/hashicorp/keep tf_rpc=PlanResourceChange tf_resource_type=keep_mapping_rule tf_req_id=9d0f0019-a07d-4246-3732-c80582fa6e8b
2025-06-26T20:42:54.072-0700 [TRACE] sdk.framework: Called provider defined Type Validate: tf_provider_addr=registry.terraform.io/hashicorp/keep tf_rpc=PlanResourceChange tf_resource_type=keep_mapping_rule tf_req_id=9d0f0019-a07d-4246-3732-c80582fa6e8b
2025-06-26T20:42:54.072-0700 [TRACE] sdk.framework: Type implements TypeWithValidate: tf_req_id=9d0f0019-a07d-4246-3732-c80582fa6e8b tf_provider_addr=registry.terraform.io/hashicorp/keep tf_rpc=PlanResourceChange tf_resource_type=keep_mapping_rule
2025-06-26T20:42:54.072-0700 [TRACE] sdk.framework: Calling provider defined Type Validate: tf_provider_addr=registry.terraform.io/hashicorp/keep tf_rpc=PlanResourceChange tf_resource_type=keep_mapping_rule tf_req_id=9d0f0019-a07d-4246-3732-c80582fa6e8b
2025-06-26T20:42:54.072-0700 [TRACE] sdk.framework: Called provider defined Type Validate: tf_provider_addr=registry.terraform.io/hashicorp/keep tf_rpc=PlanResourceChange tf_resource_type=keep_mapping_rule tf_req_id=9d0f0019-a07d-4246-3732-c80582fa6e8b
2025-06-26T20:42:54.072-0700 [TRACE] sdk.framework: Type implements TypeWithValidate: tf_provider_addr=registry.terraform.io/hashicorp/keep tf_rpc=PlanResourceChange tf_resource_type=keep_mapping_rule tf_req_id=9d0f0019-a07d-4246-3732-c80582fa6e8b tf_attribute_path=matchers
2025-06-26T20:42:54.072-0700 [TRACE] sdk.framework: Calling provider defined Type Validate: tf_provider_addr=registry.terraform.io/hashicorp/keep tf_rpc=PlanResourceChange tf_resource_type=keep_mapping_rule tf_req_id=9d0f0019-a07d-4246-3732-c80582fa6e8b tf_attribute_path=matchers
2025-06-26T20:42:54.072-0700 [TRACE] sdk.framework: Called provider defined Type Validate: tf_provider_addr=registry.terraform.io/hashicorp/keep tf_rpc=PlanResourceChange tf_resource_type=keep_mapping_rule tf_req_id=9d0f0019-a07d-4246-3732-c80582fa6e8b tf_attribute_path=matchers
2025-06-26T20:42:54.072-0700 [TRACE] sdk.framework: Calling provider defined planmodifier.String: description="Once set, the value of this attribute in state will not change." tf_provider_addr=registry.terraform.io/hashicorp/keep tf_rpc=PlanResourceChange tf_resource_type=keep_mapping_rule tf_req_id=9d0f0019-a07d-4246-3732-c80582fa6e8b tf_attribute_path=id
2025-06-26T20:42:54.072-0700 [TRACE] sdk.framework: Called provider defined planmodifier.String: tf_resource_type=keep_mapping_rule tf_req_id=9d0f0019-a07d-4246-3732-c80582fa6e8b tf_attribute_path=id description="Once set, the value of this attribute in state will not change." tf_provider_addr=registry.terraform.io/hashicorp/keep tf_rpc=PlanResourceChange
2025-06-26T20:42:54.072-0700 [TRACE] sdk.framework: Type implements TypeWithValidate: tf_resource_type=keep_mapping_rule tf_req_id=9d0f0019-a07d-4246-3732-c80582fa6e8b tf_provider_addr=registry.terraform.io/hashicorp/keep tf_rpc=PlanResourceChange
2025-06-26T20:42:54.072-0700 [TRACE] sdk.framework: Calling provider defined Type Validate: tf_rpc=PlanResourceChange tf_resource_type=keep_mapping_rule tf_req_id=9d0f0019-a07d-4246-3732-c80582fa6e8b tf_provider_addr=registry.terraform.io/hashicorp/keep
2025-06-26T20:42:54.072-0700 [TRACE] sdk.framework: Called provider defined Type Validate: tf_rpc=PlanResourceChange tf_resource_type=keep_mapping_rule tf_req_id=9d0f0019-a07d-4246-3732-c80582fa6e8b tf_provider_addr=registry.terraform.io/hashicorp/keep
2025-06-26T20:42:54.072-0700 [TRACE] sdk.framework: Type implements TypeWithValidate: tf_rpc=PlanResourceChange tf_resource_type=keep_mapping_rule tf_req_id=9d0f0019-a07d-4246-3732-c80582fa6e8b tf_provider_addr=registry.terraform.io/hashicorp/keep
2025-06-26T20:42:54.072-0700 [TRACE] sdk.framework: Calling provider defined Type Validate: tf_req_id=9d0f0019-a07d-4246-3732-c80582fa6e8b tf_provider_addr=registry.terraform.io/hashicorp/keep tf_rpc=PlanResourceChange tf_resource_type=keep_mapping_rule
2025-06-26T20:42:54.072-0700 [TRACE] sdk.framework: Called provider defined Type Validate: tf_provider_addr=registry.terraform.io/hashicorp/keep tf_rpc=PlanResourceChange tf_resource_type=keep_mapping_rule tf_req_id=9d0f0019-a07d-4246-3732-c80582fa6e8b
2025-06-26T20:42:54.072-0700 [TRACE] sdk.framework: Type implements TypeWithValidate: tf_attribute_path=priority tf_req_id=9d0f0019-a07d-4246-3732-c80582fa6e8b tf_provider_addr=registry.terraform.io/hashicorp/keep tf_rpc=PlanResourceChange tf_resource_type=keep_mapping_rule
2025-06-26T20:42:54.072-0700 [TRACE] sdk.framework: Calling provider defined Type Validate: tf_attribute_path=priority tf_req_id=9d0f0019-a07d-4246-3732-c80582fa6e8b tf_provider_addr=registry.terraform.io/hashicorp/keep tf_rpc=PlanResourceChange tf_resource_type=keep_mapping_rule
2025-06-26T20:42:54.072-0700 [TRACE] sdk.framework: Called provider defined Type Validate: tf_resource_type=keep_mapping_rule tf_attribute_path=priority tf_req_id=9d0f0019-a07d-4246-3732-c80582fa6e8b tf_provider_addr=registry.terraform.io/hashicorp/keep tf_rpc=PlanResourceChange
2025-06-26T20:42:54.072-0700 [TRACE] sdk.proto: Received downstream response: tf_provider_addr=registry.terraform.io/hashicorp/keep tf_proto_version=6.9 tf_resource_type=keep_mapping_rule diagnostic_error_count=0 diagnostic_warning_count=0 tf_req_duration_ms=0 tf_rpc=PlanResourceChange tf_req_id=9d0f0019-a07d-4246-3732-c80582fa6e8b
2025-06-26T20:42:54.072-0700 [TRACE] sdk.proto: Served request: tf_proto_version=6.9 tf_resource_type=keep_mapping_rule tf_rpc=PlanResourceChange tf_req_id=9d0f0019-a07d-4246-3732-c80582fa6e8b tf_provider_addr=registry.terraform.io/hashicorp/keep
2025-06-26T20:42:54.072-0700 [TRACE] sdk.proto: Received request: tf_provider_addr=registry.terraform.io/hashicorp/keep tf_proto_version=6.9 tf_rpc=ApplyResourceChange tf_resource_type=keep_mapping_rule tf_req_id=da19eeb0-01eb-8410-ccc8-652e5ea50094
2025-06-26T20:42:54.072-0700 [TRACE] sdk.proto: Sending request downstream: tf_rpc=ApplyResourceChange tf_resource_type=keep_mapping_rule tf_req_id=da19eeb0-01eb-8410-ccc8-652e5ea50094 tf_provider_addr=registry.terraform.io/hashicorp/keep tf_proto_version=6.9
2025-06-26T20:42:54.072-0700 [TRACE] sdk.framework: Checking ResourceTypes lock: tf_provider_addr=registry.terraform.io/hashicorp/keep tf_rpc=ApplyResourceChange tf_resource_type=keep_mapping_rule tf_req_id=da19eeb0-01eb-8410-ccc8-652e5ea50094
2025-06-26T20:42:54.072-0700 [TRACE] sdk.framework: Checking ResourceBehaviors lock: tf_rpc=ApplyResourceChange tf_resource_type=keep_mapping_rule tf_req_id=da19eeb0-01eb-8410-ccc8-652e5ea50094 tf_provider_addr=registry.terraform.io/hashicorp/keep
2025-06-26T20:42:54.072-0700 [TRACE] sdk.framework: ApplyResourceChange received no PriorState, running CreateResource: tf_resource_type=keep_mapping_rule tf_req_id=da19eeb0-01eb-8410-ccc8-652e5ea50094 tf_provider_addr=registry.terraform.io/hashicorp/keep tf_rpc=ApplyResourceChange
2025-06-26T20:42:54.072-0700 [TRACE] sdk.framework: Resource implements ResourceWithConfigure: tf_req_id=da19eeb0-01eb-8410-ccc8-652e5ea50094 tf_provider_addr=registry.terraform.io/hashicorp/keep tf_rpc=ApplyResourceChange tf_resource_type=keep_mapping_rule
2025-06-26T20:42:54.072-0700 [TRACE] sdk.framework: Calling provider defined Resource Configure: tf_resource_type=keep_mapping_rule tf_req_id=da19eeb0-01eb-8410-ccc8-652e5ea50094 tf_provider_addr=registry.terraform.io/hashicorp/keep tf_rpc=ApplyResourceChange
2025-06-26T20:42:54.072-0700 [TRACE] sdk.framework: Called provider defined Resource Configure: tf_req_id=da19eeb0-01eb-8410-ccc8-652e5ea50094 tf_provider_addr=registry.terraform.io/hashicorp/keep tf_rpc=ApplyResourceChange tf_resource_type=keep_mapping_rule
2025-06-26T20:42:54.072-0700 [TRACE] sdk.framework: Calling provider defined Resource Create: tf_provider_addr=registry.terraform.io/hashicorp/keep tf_rpc=ApplyResourceChange tf_resource_type=keep_mapping_rule tf_req_id=da19eeb0-01eb-8410-ccc8-652e5ea50094
2025-06-26T20:42:54.072-0700 [DEBUG] keep: CSV data from plan: tf_rpc=ApplyResourceChange tf_resource_type=keep_mapping_rule raw_length=78
  raw_value=
  | env,team,owner,severity
  | production,sre,alice,critical
  | staging,dev,bob,warning
   tf_provider_addr=registry.terraform.io/hashicorp/keep tf_req_id=da19eeb0-01eb-8410-ccc8-652e5ea50094
2025-06-26T20:42:54.072-0700 [DEBUG] keep: Creating mapping rule - Request payload: tf_provider_addr=registry.terraform.io/hashicorp/keep tf_req_id=da19eeb0-01eb-8410-ccc8-652e5ea50094 tf_rpc=ApplyResourceChange tf_resource_type=keep_mapping_rule
  request=
  | map[csv_data:[CSV data, length: 78, preview: env,team,owner,severity
  | production,sre,alice,criti...] description:Test mapping rule created by Terraform disabled:false matchers:[[env production] [team sre]] name:test-mapping-rule priority:10 rows:[CSV rows, count redacted] type:csv]
  
2025-06-26T20:42:54.072-0700 [DEBUG] keep: Creating mapping rule - Field details: matchers_len=2 tf_req_id=da19eeb0-01eb-8410-ccc8-652e5ea50094 tf_resource_type=keep_mapping_rule id="" matchers=["[env production]", "[team sre]"] disabled=false has_csv=true tf_rpc=ApplyResourceChange tf_provider_addr=registry.terraform.io/hashicorp/keep name=test-mapping-rule description="Test mapping rule created by Terraform" priority=10
  csv_preview=
  | env,team,owner,severity
  | production,sre,alice,criti...
  
2025-06-26T20:42:54.072-0700 [DEBUG] keep: Creating mapping rule: tf_resource_type=keep_mapping_rule
  request=
  | map[csv_data:env,team,owner,severity
  | production,sre,alice,critical
  | staging,dev,bob,warning
  |  description:Test mapping rule created by Terraform disabled:false matchers:[[env production] [team sre]] name:test-mapping-rule priority:10 rows:[map[env:production owner:alice severity:critical team:sre] map[env:staging owner:bob severity:warning team:dev]] type:csv]
   tf_provider_addr=registry.terraform.io/hashicorp/keep tf_req_id=da19eeb0-01eb-8410-ccc8-652e5ea50094 tf_rpc=ApplyResourceChange
2025-06-26T20:42:54.072-0700 [DEBUG] keep: Sending request: tf_resource_type=keep_mapping_rule tf_provider_addr=registry.terraform.io/hashicorp/keep tf_req_id=da19eeb0-01eb-8410-ccc8-652e5ea50094 body="{\"csv_data\":\"env,team,owner,severity\nproduction,sre,alice,critical\nstaging,dev,bob,warning\n\",\"description\":\"Test mapping rule created by Terraform\",\"disabled\":false,\"matchers\":[[\"env\",\"production\"],[\"team\",\"sre\"]],\"name\":\"test-mapping-rule\",\"priority\":10,\"rows\":[{\"env\":\"production\",\"owner\":\"alice\",\"severity\":\"critical\",\"team\":\"sre\"},{\"env\":\"staging\",\"owner\":\"bob\",\"severity\":\"warning\",\"team\":\"dev\"}],\"type\":\"csv\"}" path=/mapping tf_rpc=ApplyResourceChange method=POST url=http://localhost:8080/mapping headers="map[Accept:application/json Content-Type:application/json X-API-KEY:8e084661-cb0b-42a7-8c0d-f39e8f6a0008]"
2025-06-26T20:42:54.093-0700 [DEBUG] keep: Received response: tf_provider_addr=registry.terraform.io/hashicorp/keep tf_req_id=da19eeb0-01eb-8410-ccc8-652e5ea50094 tf_rpc=ApplyResourceChange tf_resource_type=keep_mapping_rule status="200 OK" statusCode=200
2025-06-26T20:42:54.093-0700 [DEBUG] keep: Created mapping rule: tf_rpc=ApplyResourceChange tf_resource_type=keep_mapping_rule tf_provider_addr=registry.terraform.io/hashicorp/keep tf_req_id=da19eeb0-01eb-8410-ccc8-652e5ea50094 response="map[condition:<nil> created_at:2025-06-27T03:42:54.085482 created_by:keep description:Test mapping rule created by Terraform disabled:false file_name:<nil> id:1 is_multi_level:false last_updated_at:2025-06-27T03:42:54.085512 matchers:[[env production] [team sre]] name:test-mapping-rule new_property_name:<nil> override:true prefix_to_remove:<nil> priority:10 type:csv updated_by:<nil>]"
2025-06-26T20:42:54.093-0700 [DEBUG] keep: Mapping rule created - API response: tf_req_id=da19eeb0-01eb-8410-ccc8-652e5ea50094 tf_rpc=ApplyResourceChange response="map[condition:<nil> created_at:2025-06-27T03:42:54.085482 created_by:keep description:Test mapping rule created by Terraform disabled:false file_name:<nil> id:1 is_multi_level:false last_updated_at:2025-06-27T03:42:54.085512 matchers:[[env production] [team sre]] name:test-mapping-rule new_property_name:<nil> override:true prefix_to_remove:<nil> priority:10 type:csv updated_by:<nil>]" response_types="map[condition:<nil> created_at:string created_by:string description:string disabled:bool file_name:<nil> id:float64 is_multi_level:bool last_updated_at:string matchers:[]interface {} name:string new_property_name:<nil> override:bool prefix_to_remove:<nil> priority:float64 type:string updated_by:<nil>]" tf_resource_type=keep_mapping_rule tf_provider_addr=registry.terraform.io/hashicorp/keep
2025-06-26T20:42:54.093-0700 [DEBUG] keep: Set ID from API response: id=1 tf_req_id=da19eeb0-01eb-8410-ccc8-652e5ea50094 tf_rpc=ApplyResourceChange tf_resource_type=keep_mapping_rule tf_provider_addr=registry.terraform.io/hashicorp/keep
2025-06-26T20:42:54.093-0700 [DEBUG] keep: Set name from API response: tf_provider_addr=registry.terraform.io/hashicorp/keep tf_req_id=da19eeb0-01eb-8410-ccc8-652e5ea50094 tf_rpc=ApplyResourceChange tf_resource_type=keep_mapping_rule name=test-mapping-rule
2025-06-26T20:42:54.093-0700 [DEBUG] keep: Set description from API response: tf_req_id=da19eeb0-01eb-8410-ccc8-652e5ea50094 tf_rpc=ApplyResourceChange tf_resource_type=keep_mapping_rule description="Test mapping rule created by Terraform" tf_provider_addr=registry.terraform.io/hashicorp/keep
2025-06-26T20:42:54.093-0700 [DEBUG] keep: Set priority from API response: tf_resource_type=keep_mapping_rule tf_provider_addr=registry.terraform.io/hashicorp/keep tf_req_id=da19eeb0-01eb-8410-ccc8-652e5ea50094 tf_rpc=ApplyResourceChange priority=10
2025-06-26T20:42:54.093-0700 [DEBUG] keep: Set disabled from API response: tf_provider_addr=registry.terraform.io/hashicorp/keep tf_req_id=da19eeb0-01eb-8410-ccc8-652e5ea50094 tf_rpc=ApplyResourceChange disabled=false tf_resource_type=keep_mapping_rule
2025-06-26T20:42:54.093-0700 [DEBUG] keep: No csv_data in API response or invalid type in Create: tf_req_id=da19eeb0-01eb-8410-ccc8-652e5ea50094 type=<nil> tf_rpc=ApplyResourceChange tf_resource_type=keep_mapping_rule tf_provider_addr=registry.terraform.io/hashicorp/keep
2025-06-26T20:42:54.093-0700 [DEBUG] keep: Set matchers from API response (list format): tf_provider_addr=registry.terraform.io/hashicorp/keep tf_req_id=da19eeb0-01eb-8410-ccc8-652e5ea50094 tf_rpc=ApplyResourceChange tf_resource_type=keep_mapping_rule matchers_count=2 matchers_keys=["env", "team"]
2025-06-26T20:42:54.093-0700 [DEBUG] keep: No csv_data in API response or invalid type: tf_provider_addr=registry.terraform.io/hashicorp/keep tf_req_id=da19eeb0-01eb-8410-ccc8-652e5ea50094 tf_rpc=ApplyResourceChange tf_resource_type=keep_mapping_rule type=<nil>
2025-06-26T20:42:54.093-0700 [TRACE] sdk.framework: Called provider defined Resource Create: tf_req_id=da19eeb0-01eb-8410-ccc8-652e5ea50094 tf_provider_addr=registry.terraform.io/hashicorp/keep tf_rpc=ApplyResourceChange tf_resource_type=keep_mapping_rule
2025-06-26T20:42:54.093-0700 [DEBUG] sdk.framework: Value switched to prior value due to semantic equality logic: tf_provider_addr=registry.terraform.io/hashicorp/keep tf_attribute_path=disabled tf_rpc=ApplyResourceChange tf_resource_type=keep_mapping_rule tf_req_id=da19eeb0-01eb-8410-ccc8-652e5ea50094
2025-06-26T20:42:54.093-0700 [TRACE] sdk.framework: Type implements TypeWithValidate: tf_resource_type=keep_mapping_rule tf_req_id=da19eeb0-01eb-8410-ccc8-652e5ea50094 tf_provider_addr=registry.terraform.io/hashicorp/keep tf_rpc=ApplyResourceChange
2025-06-26T20:42:54.093-0700 [TRACE] sdk.framework: Calling provider defined Type Validate: tf_req_id=da19eeb0-01eb-8410-ccc8-652e5ea50094 tf_provider_addr=registry.terraform.io/hashicorp/keep tf_rpc=ApplyResourceChange tf_resource_type=keep_mapping_rule
2025-06-26T20:42:54.093-0700 [TRACE] sdk.framework: Called provider defined Type Validate: tf_req_id=da19eeb0-01eb-8410-ccc8-652e5ea50094 tf_provider_addr=registry.terraform.io/hashicorp/keep tf_rpc=ApplyResourceChange tf_resource_type=keep_mapping_rule
2025-06-26T20:42:54.093-0700 [TRACE] sdk.framework: Type implements TypeWithValidate: tf_rpc=ApplyResourceChange tf_resource_type=keep_mapping_rule tf_req_id=da19eeb0-01eb-8410-ccc8-652e5ea50094 tf_provider_addr=registry.terraform.io/hashicorp/keep
2025-06-26T20:42:54.093-0700 [TRACE] sdk.framework: Calling provider defined Type Validate: tf_req_id=da19eeb0-01eb-8410-ccc8-652e5ea50094 tf_provider_addr=registry.terraform.io/hashicorp/keep tf_rpc=ApplyResourceChange tf_resource_type=keep_mapping_rule
2025-06-26T20:42:54.093-0700 [TRACE] sdk.framework: Called provider defined Type Validate: tf_rpc=ApplyResourceChange tf_resource_type=keep_mapping_rule tf_req_id=da19eeb0-01eb-8410-ccc8-652e5ea50094 tf_provider_addr=registry.terraform.io/hashicorp/keep
2025-06-26T20:42:54.093-0700 [DEBUG] sdk.framework: Value switched to prior value due to semantic equality logic: tf_provider_addr=registry.terraform.io/hashicorp/keep tf_rpc=ApplyResourceChange tf_resource_type=keep_mapping_rule tf_attribute_path="matchers[\"team\"]" tf_req_id=da19eeb0-01eb-8410-ccc8-652e5ea50094
2025-06-26T20:42:54.093-0700 [DEBUG] sdk.framework: Value switched to prior value due to semantic equality logic: tf_rpc=ApplyResourceChange tf_resource_type=keep_mapping_rule tf_attribute_path="matchers[\"env\"]" tf_req_id=da19eeb0-01eb-8410-ccc8-652e5ea50094 tf_provider_addr=registry.terraform.io/hashicorp/keep
2025-06-26T20:42:54.093-0700 [DEBUG] sdk.framework: Value switched to prior value due to semantic equality logic: tf_resource_type=keep_mapping_rule tf_attribute_path=matchers tf_req_id=da19eeb0-01eb-8410-ccc8-652e5ea50094 tf_provider_addr=registry.terraform.io/hashicorp/keep tf_rpc=ApplyResourceChange
2025-06-26T20:42:54.093-0700 [DEBUG] sdk.framework: Value switched to prior value due to semantic equality logic: tf_provider_addr=registry.terraform.io/hashicorp/keep tf_rpc=ApplyResourceChange tf_resource_type=keep_mapping_rule tf_attribute_path=name tf_req_id=da19eeb0-01eb-8410-ccc8-652e5ea50094
2025-06-26T20:42:54.093-0700 [DEBUG] sdk.framework: Value switched to prior value due to semantic equality logic: tf_rpc=ApplyResourceChange tf_resource_type=keep_mapping_rule tf_req_id=da19eeb0-01eb-8410-ccc8-652e5ea50094 tf_provider_addr=registry.terraform.io/hashicorp/keep tf_attribute_path=description
2025-06-26T20:42:54.093-0700 [TRACE] sdk.framework: Type implements TypeWithValidate: tf_provider_addr=registry.terraform.io/hashicorp/keep tf_rpc=ApplyResourceChange tf_resource_type=keep_mapping_rule tf_req_id=da19eeb0-01eb-8410-ccc8-652e5ea50094
2025-06-26T20:42:54.093-0700 [TRACE] sdk.framework: Calling provider defined Type Validate: tf_resource_type=keep_mapping_rule tf_req_id=da19eeb0-01eb-8410-ccc8-652e5ea50094 tf_provider_addr=registry.terraform.io/hashicorp/keep tf_rpc=ApplyResourceChange
2025-06-26T20:42:54.093-0700 [TRACE] sdk.framework: Called provider defined Type Validate: tf_req_id=da19eeb0-01eb-8410-ccc8-652e5ea50094 tf_provider_addr=registry.terraform.io/hashicorp/keep tf_rpc=ApplyResourceChange tf_resource_type=keep_mapping_rule
2025-06-26T20:42:54.093-0700 [TRACE] sdk.framework: Type implements TypeWithValidate: tf_req_id=da19eeb0-01eb-8410-ccc8-652e5ea50094 tf_provider_addr=registry.terraform.io/hashicorp/keep tf_rpc=ApplyResourceChange tf_resource_type=keep_mapping_rule
2025-06-26T20:42:54.093-0700 [TRACE] sdk.framework: Calling provider defined Type Validate: tf_rpc=ApplyResourceChange tf_resource_type=keep_mapping_rule tf_req_id=da19eeb0-01eb-8410-ccc8-652e5ea50094 tf_provider_addr=registry.terraform.io/hashicorp/keep
2025-06-26T20:42:54.093-0700 [TRACE] sdk.framework: Called provider defined Type Validate: tf_req_id=da19eeb0-01eb-8410-ccc8-652e5ea50094 tf_provider_addr=registry.terraform.io/hashicorp/keep tf_rpc=ApplyResourceChange tf_resource_type=keep_mapping_rule
2025-06-26T20:42:54.093-0700 [DEBUG] sdk.framework: Value switched to prior value due to semantic equality logic: tf_rpc=ApplyResourceChange tf_resource_type=keep_mapping_rule tf_req_id=da19eeb0-01eb-8410-ccc8-652e5ea50094 tf_provider_addr=registry.terraform.io/hashicorp/keep tf_attribute_path=priority
2025-06-26T20:42:54.093-0700 [TRACE] sdk.framework: attribute is a non-schema attribute, not nullifying: tf_req_id=da19eeb0-01eb-8410-ccc8-652e5ea50094 tf_provider_addr=registry.terraform.io/hashicorp/keep tf_rpc=ApplyResourceChange tf_resource_type=keep_mapping_rule tf_attribute_path="AttributeName(\"matchers\").ElementKeyString(\"team\")"
2025-06-26T20:42:54.093-0700 [TRACE] sdk.framework: attribute is a non-schema attribute, not nullifying: tf_rpc=ApplyResourceChange tf_resource_type=keep_mapping_rule tf_attribute_path="AttributeName(\"matchers\").ElementKeyString(\"env\")" tf_req_id=da19eeb0-01eb-8410-ccc8-652e5ea50094 tf_provider_addr=registry.terraform.io/hashicorp/keep
2025-06-26T20:42:54.093-0700 [TRACE] sdk.proto: Received downstream response: tf_req_duration_ms=21 diagnostic_error_count=0 tf_req_id=da19eeb0-01eb-8410-ccc8-652e5ea50094 tf_provider_addr=registry.terraform.io/hashicorp/keep tf_proto_version=6.9 tf_rpc=ApplyResourceChange tf_resource_type=keep_mapping_rule diagnostic_warning_count=0
2025-06-26T20:42:54.093-0700 [TRACE] sdk.proto: Served request: tf_resource_type=keep_mapping_rule tf_req_id=da19eeb0-01eb-8410-ccc8-652e5ea50094 tf_provider_addr=registry.terraform.io/hashicorp/keep tf_proto_version=6.9 tf_rpc=ApplyResourceChange
2025-06-26T20:42:54.102-0700 [TRACE] sdk.helper_resource: Called Terraform CLI apply command: test_step_number=1 test_name=TestAccMappingRuleResource test_terraform_path=/opt/homebrew/bin/terraform test_working_directory=/var/folders/yn/gzqxcdd94r9b63yr0c7_bs_40000gn/T/plugintest966882693
2025-06-26T20:42:54.102-0700 [WARN]  sdk.helper_resource: Error running Terraform CLI command: test_terraform_path=/opt/homebrew/bin/terraform test_working_directory=/var/folders/yn/gzqxcdd94r9b63yr0c7_bs_40000gn/T/plugintest966882693 test_step_number=1
  error=
  | exit status 1
  | 
  | Error: Provider produced inconsistent result after apply
  | 
  | When applying changes to keep_mapping_rule.test, provider
  | "provider[\"registry.terraform.io/hashicorp/keep\"]" produced an unexpected
  | new value: .csv_data: was
  | cty.StringVal("env,team,owner,severity\nproduction,sre,alice,critical\nstaging,dev,bob,warning\n"),
  | but now null.
  | 
  | This is a bug in the provider, which should be reported in the provider's own
  | issue tracker.
   test_name=TestAccMappingRuleResource
2025-06-26T20:42:54.102-0700 [TRACE] sdk.helper_resource: Called wrapped Terraform CLI command: test_working_directory=/var/folders/yn/gzqxcdd94r9b63yr0c7_bs_40000gn/T/plugintest966882693 test_step_number=1 test_name=TestAccMappingRuleResource test_terraform_path=/opt/homebrew/bin/terraform
2025-06-26T20:42:54.102-0700 [DEBUG] sdk.helper_resource: Stopping providers: test_working_directory=/var/folders/yn/gzqxcdd94r9b63yr0c7_bs_40000gn/T/plugintest966882693 test_step_number=1 test_name=TestAccMappingRuleResource test_terraform_path=/opt/homebrew/bin/terraform
2025-06-26T20:42:54.102-0700 [TRACE] sdk.helper_resource: Waiting for providers to stop: test_name=TestAccMappingRuleResource test_terraform_path=/opt/homebrew/bin/terraform test_working_directory=/var/folders/yn/gzqxcdd94r9b63yr0c7_bs_40000gn/T/plugintest966882693 test_step_number=1
2025-06-26T20:42:54.102-0700 [TRACE] sdk.helper_resource: Providers have successfully stopped: test_step_number=1 test_name=TestAccMappingRuleResource test_terraform_path=/opt/homebrew/bin/terraform test_working_directory=/var/folders/yn/gzqxcdd94r9b63yr0c7_bs_40000gn/T/plugintest966882693
2025-06-26T20:42:54.102-0700 [ERROR] sdk.helper_resource: Unexpected error: test_terraform_path=/opt/homebrew/bin/terraform test_working_directory=/var/folders/yn/gzqxcdd94r9b63yr0c7_bs_40000gn/T/plugintest966882693 test_step_number=1 test_name=TestAccMappingRuleResource
  error=
  | Error running apply: exit status 1
  | 
  | Error: Provider produced inconsistent result after apply
  | 
  | When applying changes to keep_mapping_rule.test, provider
  | "provider[\"registry.terraform.io/hashicorp/keep\"]" produced an unexpected
  | new value: .csv_data: was
  | cty.StringVal("env,team,owner,severity\nproduction,sre,alice,critical\nstaging,dev,bob,warning\n"),
  | but now null.
  | 
  | This is a bug in the provider, which should be reported in the provider's own
  | issue tracker.
  
    resource_mapping_rule_test.go:97: Step 1/4 error: Error running apply: exit status 1
        
        Error: Provider produced inconsistent result after apply
        
        When applying changes to keep_mapping_rule.test, provider
        "provider[\"registry.terraform.io/hashicorp/keep\"]" produced an unexpected
        new value: .csv_data: was
        cty.StringVal("env,team,owner,severity\nproduction,sre,alice,critical\nstaging,dev,bob,warning\n"),
        but now null.
        
        This is a bug in the provider, which should be reported in the provider's own
        issue tracker.
2025-06-26T20:42:54.102-0700 [DEBUG] sdk.helper_resource: Creating tfprotov6 provider instance: test_name=TestAccMappingRuleResource test_terraform_path=/opt/homebrew/bin/terraform test_working_directory=/var/folders/yn/gzqxcdd94r9b63yr0c7_bs_40000gn/T/plugintest966882693 test_step_number=1 tf_provider_addr=registry.terraform.io/hashicorp/keep
2025-06-26T20:42:54.102-0700 [DEBUG] sdk.helper_resource: Created tfprotov6 provider instance: test_working_directory=/var/folders/yn/gzqxcdd94r9b63yr0c7_bs_40000gn/T/plugintest966882693 test_step_number=1 test_name=TestAccMappingRuleResource tf_provider_addr=registry.terraform.io/hashicorp/keep test_terraform_path=/opt/homebrew/bin/terraform
2025-06-26T20:42:54.102-0700 [DEBUG] sdk.helper_resource: Starting tfprotov6 provider instance server: tf_provider_addr=registry.terraform.io/hashicorp/keep test_name=TestAccMappingRuleResource test_terraform_path=/opt/homebrew/bin/terraform test_working_directory=/var/folders/yn/gzqxcdd94r9b63yr0c7_bs_40000gn/T/plugintest966882693 test_step_number=1
2025-06-26T20:42:54.102-0700 [DEBUG] sdk.helper_resource: Started tfprotov6 provider instance server: test_name=TestAccMappingRuleResource test_terraform_path=/opt/homebrew/bin/terraform test_working_directory=/var/folders/yn/gzqxcdd94r9b63yr0c7_bs_40000gn/T/plugintest966882693 tf_provider_addr=registry.terraform.io/hashicorp/keep test_step_number=1
2025-06-26T20:42:54.102-0700 [TRACE] sdk.helper_resource: Setting Terraform CLI reattach configuration: test_name=TestAccMappingRuleResource test_terraform_path=/opt/homebrew/bin/terraform test_working_directory=/var/folders/yn/gzqxcdd94r9b63yr0c7_bs_40000gn/T/plugintest966882693 test_step_number=1 tf_reattach_config="map[registry.terraform.io/-/keep:{grpc 6 2128 true {unix /var/folders/yn/gzqxcdd94r9b63yr0c7_bs_40000gn/T/plugin1950782851}} registry.terraform.io/hashicorp/keep:{grpc 6 2128 true {unix /var/folders/yn/gzqxcdd94r9b63yr0c7_bs_40000gn/T/plugin1950782851}}]"
2025-06-26T20:42:54.102-0700 [TRACE] sdk.helper_resource: Calling wrapped Terraform CLI command: test_working_directory=/var/folders/yn/gzqxcdd94r9b63yr0c7_bs_40000gn/T/plugintest966882693 test_step_number=1 test_name=TestAccMappingRuleResource test_terraform_path=/opt/homebrew/bin/terraform
2025-06-26T20:42:54.102-0700 [TRACE] sdk.helper_resource: Calling Terraform CLI show command for JSON state: test_step_number=1 test_name=TestAccMappingRuleResource test_terraform_path=/opt/homebrew/bin/terraform test_working_directory=/var/folders/yn/gzqxcdd94r9b63yr0c7_bs_40000gn/T/plugintest966882693
2025-06-26T20:42:54.121-0700 [TRACE] sdk.proto: Received request: tf_req_id=eae44d01-0a26-54be-aa50-83d2cd88ef65 tf_provider_addr=registry.terraform.io/hashicorp/keep tf_proto_version=6.9 tf_rpc=GetProviderSchema
2025-06-26T20:42:54.121-0700 [TRACE] sdk.proto: Sending request downstream: tf_req_id=eae44d01-0a26-54be-aa50-83d2cd88ef65 tf_provider_addr=registry.terraform.io/hashicorp/keep tf_proto_version=6.9 tf_rpc=GetProviderSchema
2025-06-26T20:42:54.121-0700 [TRACE] sdk.framework: Checking ProviderSchema lock: tf_provider_addr=registry.terraform.io/hashicorp/keep tf_rpc=GetProviderSchema tf_req_id=eae44d01-0a26-54be-aa50-83d2cd88ef65
2025-06-26T20:42:54.121-0700 [TRACE] sdk.framework: Calling provider defined Provider Schema: tf_req_id=eae44d01-0a26-54be-aa50-83d2cd88ef65 tf_provider_addr=registry.terraform.io/hashicorp/keep tf_rpc=GetProviderSchema
2025-06-26T20:42:54.121-0700 [TRACE] sdk.framework: Called provider defined Provider Schema: tf_provider_addr=registry.terraform.io/hashicorp/keep tf_rpc=GetProviderSchema tf_req_id=eae44d01-0a26-54be-aa50-83d2cd88ef65
2025-06-26T20:42:54.121-0700 [TRACE] sdk.framework: Checking ResourceTypes lock: tf_rpc=GetProviderSchema tf_req_id=eae44d01-0a26-54be-aa50-83d2cd88ef65 tf_provider_addr=registry.terraform.io/hashicorp/keep
2025-06-26T20:42:54.121-0700 [TRACE] sdk.framework: Checking ProviderTypeName lock: tf_rpc=GetProviderSchema tf_req_id=eae44d01-0a26-54be-aa50-83d2cd88ef65 tf_provider_addr=registry.terraform.io/hashicorp/keep
2025-06-26T20:42:54.121-0700 [TRACE] sdk.framework: Calling provider defined Provider Metadata: tf_rpc=GetProviderSchema tf_req_id=eae44d01-0a26-54be-aa50-83d2cd88ef65 tf_provider_addr=registry.terraform.io/hashicorp/keep
2025-06-26T20:42:54.121-0700 [TRACE] sdk.framework: Called provider defined Provider Metadata: tf_provider_addr=registry.terraform.io/hashicorp/keep tf_rpc=GetProviderSchema tf_req_id=eae44d01-0a26-54be-aa50-83d2cd88ef65
2025-06-26T20:42:54.121-0700 [TRACE] sdk.framework: Calling provider defined Provider Resources: tf_req_id=eae44d01-0a26-54be-aa50-83d2cd88ef65 tf_provider_addr=registry.terraform.io/hashicorp/keep tf_rpc=GetProviderSchema
2025-06-26T20:42:54.121-0700 [TRACE] sdk.framework: Called provider defined Provider Resources: tf_provider_addr=registry.terraform.io/hashicorp/keep tf_rpc=GetProviderSchema tf_req_id=eae44d01-0a26-54be-aa50-83d2cd88ef65
2025-06-26T20:42:54.121-0700 [TRACE] sdk.framework: Found resource type: tf_provider_addr=registry.terraform.io/hashicorp/keep tf_rpc=GetProviderSchema tf_req_id=eae44d01-0a26-54be-aa50-83d2cd88ef65 tf_resource_type=keep_provider
2025-06-26T20:42:54.121-0700 [TRACE] sdk.framework: Found resource type: tf_provider_addr=registry.terraform.io/hashicorp/keep tf_rpc=GetProviderSchema tf_req_id=eae44d01-0a26-54be-aa50-83d2cd88ef65 tf_resource_type=keep_extraction_rule
2025-06-26T20:42:54.121-0700 [TRACE] sdk.framework: Found resource type: tf_req_id=eae44d01-0a26-54be-aa50-83d2cd88ef65 tf_resource_type=keep_alert tf_provider_addr=registry.terraform.io/hashicorp/keep tf_rpc=GetProviderSchema
2025-06-26T20:42:54.121-0700 [TRACE] sdk.framework: Found resource type: tf_req_id=eae44d01-0a26-54be-aa50-83d2cd88ef65 tf_provider_addr=registry.terraform.io/hashicorp/keep tf_rpc=GetProviderSchema tf_resource_type=keep_mapping_rule
2025-06-26T20:42:54.121-0700 [TRACE] sdk.framework: Calling provider defined Resource Schema method: tf_resource_type=keep_extraction_rule tf_rpc=GetProviderSchema tf_req_id=eae44d01-0a26-54be-aa50-83d2cd88ef65 tf_provider_addr=registry.terraform.io/hashicorp/keep
2025-06-26T20:42:54.121-0700 [TRACE] sdk.framework: Called provider defined Resource Schema method: tf_provider_addr=registry.terraform.io/hashicorp/keep tf_rpc=GetProviderSchema tf_req_id=eae44d01-0a26-54be-aa50-83d2cd88ef65 tf_resource_type=keep_extraction_rule
2025-06-26T20:42:54.121-0700 [TRACE] sdk.framework: Calling provider defined Resource Schema method: tf_provider_addr=registry.terraform.io/hashicorp/keep tf_rpc=GetProviderSchema tf_req_id=eae44d01-0a26-54be-aa50-83d2cd88ef65 tf_resource_type=keep_alert
2025-06-26T20:42:54.121-0700 [TRACE] sdk.framework: Called provider defined Resource Schema method: tf_rpc=GetProviderSchema tf_req_id=eae44d01-0a26-54be-aa50-83d2cd88ef65 tf_provider_addr=registry.terraform.io/hashicorp/keep tf_resource_type=keep_alert
2025-06-26T20:42:54.121-0700 [TRACE] sdk.framework: Calling provider defined Resource Schema method: tf_provider_addr=registry.terraform.io/hashicorp/keep tf_rpc=GetProviderSchema tf_req_id=eae44d01-0a26-54be-aa50-83d2cd88ef65 tf_resource_type=keep_mapping_rule
2025-06-26T20:42:54.121-0700 [TRACE] sdk.framework: Called provider defined Resource Schema method: tf_provider_addr=registry.terraform.io/hashicorp/keep tf_rpc=GetProviderSchema tf_req_id=eae44d01-0a26-54be-aa50-83d2cd88ef65 tf_resource_type=keep_mapping_rule
2025-06-26T20:42:54.121-0700 [TRACE] sdk.framework: Calling provider defined Resource Schema method: tf_provider_addr=registry.terraform.io/hashicorp/keep tf_rpc=GetProviderSchema tf_req_id=eae44d01-0a26-54be-aa50-83d2cd88ef65 tf_resource_type=keep_provider
2025-06-26T20:42:54.121-0700 [TRACE] sdk.framework: Called provider defined Resource Schema method: tf_provider_addr=registry.terraform.io/hashicorp/keep tf_rpc=GetProviderSchema tf_req_id=eae44d01-0a26-54be-aa50-83d2cd88ef65 tf_resource_type=keep_provider
2025-06-26T20:42:54.121-0700 [TRACE] sdk.framework: Checking DataSourceTypes lock: tf_provider_addr=registry.terraform.io/hashicorp/keep tf_rpc=GetProviderSchema tf_req_id=eae44d01-0a26-54be-aa50-83d2cd88ef65
2025-06-26T20:42:54.121-0700 [TRACE] sdk.framework: Checking ProviderTypeName lock: tf_rpc=GetProviderSchema tf_req_id=eae44d01-0a26-54be-aa50-83d2cd88ef65 tf_provider_addr=registry.terraform.io/hashicorp/keep
2025-06-26T20:42:54.121-0700 [TRACE] sdk.framework: Calling provider defined Provider DataSources: tf_rpc=GetProviderSchema tf_req_id=eae44d01-0a26-54be-aa50-83d2cd88ef65 tf_provider_addr=registry.terraform.io/hashicorp/keep
2025-06-26T20:42:54.121-0700 [TRACE] sdk.framework: Called provider defined Provider DataSources: tf_req_id=eae44d01-0a26-54be-aa50-83d2cd88ef65 tf_provider_addr=registry.terraform.io/hashicorp/keep tf_rpc=GetProviderSchema
2025-06-26T20:42:54.121-0700 [TRACE] sdk.framework: Checking FunctionTypes lock: tf_provider_addr=registry.terraform.io/hashicorp/keep tf_rpc=GetProviderSchema tf_req_id=eae44d01-0a26-54be-aa50-83d2cd88ef65
2025-06-26T20:42:54.121-0700 [TRACE] sdk.framework: Checking EphemeralResourceFuncs lock: tf_provider_addr=registry.terraform.io/hashicorp/keep tf_rpc=GetProviderSchema tf_req_id=eae44d01-0a26-54be-aa50-83d2cd88ef65
2025-06-26T20:42:54.121-0700 [TRACE] sdk.framework: Checking ProviderTypeName lock: tf_provider_addr=registry.terraform.io/hashicorp/keep tf_rpc=GetProviderSchema tf_req_id=eae44d01-0a26-54be-aa50-83d2cd88ef65
2025-06-26T20:42:54.121-0700 [TRACE] sdk.proto: Received downstream response: tf_req_id=eae44d01-0a26-54be-aa50-83d2cd88ef65 tf_provider_addr=registry.terraform.io/hashicorp/keep tf_proto_version=6.9 tf_rpc=GetProviderSchema diagnostic_error_count=0 diagnostic_warning_count=0 tf_req_duration_ms=0
2025-06-26T20:42:54.121-0700 [TRACE] sdk.proto: Announced server capabilities: tf_server_capability_plan_destroy=true tf_server_capability_get_provider_schema_optional=true tf_req_id=eae44d01-0a26-54be-aa50-83d2cd88ef65 tf_provider_addr=registry.terraform.io/hashicorp/keep tf_proto_version=6.9 tf_rpc=GetProviderSchema tf_server_capability_move_resource_state=true
2025-06-26T20:42:54.121-0700 [TRACE] sdk.proto: Served request: tf_proto_version=6.9 tf_rpc=GetProviderSchema tf_req_id=eae44d01-0a26-54be-aa50-83d2cd88ef65 tf_provider_addr=registry.terraform.io/hashicorp/keep
2025-06-26T20:42:54.122-0700 [TRACE] sdk.helper_resource: Called Terraform CLI show command for JSON state: test_name=TestAccMappingRuleResource test_terraform_path=/opt/homebrew/bin/terraform test_working_directory=/var/folders/yn/gzqxcdd94r9b63yr0c7_bs_40000gn/T/plugintest966882693 test_step_number=1
2025-06-26T20:42:54.122-0700 [TRACE] sdk.helper_resource: Called wrapped Terraform CLI command: test_working_directory=/var/folders/yn/gzqxcdd94r9b63yr0c7_bs_40000gn/T/plugintest966882693 test_step_number=1 test_name=TestAccMappingRuleResource test_terraform_path=/opt/homebrew/bin/terraform
2025-06-26T20:42:54.122-0700 [DEBUG] sdk.helper_resource: Stopping providers: test_name=TestAccMappingRuleResource test_terraform_path=/opt/homebrew/bin/terraform test_working_directory=/var/folders/yn/gzqxcdd94r9b63yr0c7_bs_40000gn/T/plugintest966882693 test_step_number=1
2025-06-26T20:42:54.122-0700 [TRACE] sdk.helper_resource: Waiting for providers to stop: test_step_number=1 test_name=TestAccMappingRuleResource test_terraform_path=/opt/homebrew/bin/terraform test_working_directory=/var/folders/yn/gzqxcdd94r9b63yr0c7_bs_40000gn/T/plugintest966882693
2025-06-26T20:42:54.122-0700 [TRACE] sdk.helper_resource: Providers have successfully stopped: test_terraform_path=/opt/homebrew/bin/terraform test_working_directory=/var/folders/yn/gzqxcdd94r9b63yr0c7_bs_40000gn/T/plugintest966882693 test_step_number=1 test_name=TestAccMappingRuleResource
2025-06-26T20:42:54.122-0700 [DEBUG] sdk.helper_resource: Creating tfprotov6 provider instance: test_name=TestAccMappingRuleResource test_terraform_path=/opt/homebrew/bin/terraform test_working_directory=/var/folders/yn/gzqxcdd94r9b63yr0c7_bs_40000gn/T/plugintest966882693 test_step_number=1 tf_provider_addr=registry.terraform.io/hashicorp/keep
2025-06-26T20:42:54.122-0700 [DEBUG] sdk.helper_resource: Created tfprotov6 provider instance: test_step_number=1 tf_provider_addr=registry.terraform.io/hashicorp/keep test_name=TestAccMappingRuleResource test_terraform_path=/opt/homebrew/bin/terraform test_working_directory=/var/folders/yn/gzqxcdd94r9b63yr0c7_bs_40000gn/T/plugintest966882693
2025-06-26T20:42:54.122-0700 [DEBUG] sdk.helper_resource: Starting tfprotov6 provider instance server: test_terraform_path=/opt/homebrew/bin/terraform test_working_directory=/var/folders/yn/gzqxcdd94r9b63yr0c7_bs_40000gn/T/plugintest966882693 test_step_number=1 tf_provider_addr=registry.terraform.io/hashicorp/keep test_name=TestAccMappingRuleResource
2025-06-26T20:42:54.123-0700 [DEBUG] sdk.helper_resource: Started tfprotov6 provider instance server: test_name=TestAccMappingRuleResource test_terraform_path=/opt/homebrew/bin/terraform test_working_directory=/var/folders/yn/gzqxcdd94r9b63yr0c7_bs_40000gn/T/plugintest966882693 test_step_number=1 tf_provider_addr=registry.terraform.io/hashicorp/keep
2025-06-26T20:42:54.123-0700 [TRACE] sdk.helper_resource: Setting Terraform CLI reattach configuration: test_name=TestAccMappingRuleResource test_terraform_path=/opt/homebrew/bin/terraform test_working_directory=/var/folders/yn/gzqxcdd94r9b63yr0c7_bs_40000gn/T/plugintest966882693 test_step_number=1 tf_reattach_config="map[registry.terraform.io/-/keep:{grpc 6 2128 true {unix /var/folders/yn/gzqxcdd94r9b63yr0c7_bs_40000gn/T/plugin1092217005}} registry.terraform.io/hashicorp/keep:{grpc 6 2128 true {unix /var/folders/yn/gzqxcdd94r9b63yr0c7_bs_40000gn/T/plugin1092217005}}]"
2025-06-26T20:42:54.123-0700 [TRACE] sdk.helper_resource: Calling wrapped Terraform CLI command: test_terraform_path=/opt/homebrew/bin/terraform test_working_directory=/var/folders/yn/gzqxcdd94r9b63yr0c7_bs_40000gn/T/plugintest966882693 test_step_number=1 test_name=TestAccMappingRuleResource
2025-06-26T20:42:54.123-0700 [TRACE] sdk.helper_resource: Calling Terraform CLI destroy command: test_name=TestAccMappingRuleResource test_terraform_path=/opt/homebrew/bin/terraform test_working_directory=/var/folders/yn/gzqxcdd94r9b63yr0c7_bs_40000gn/T/plugintest966882693 test_step_number=1
2025-06-26T20:42:54.142-0700 [TRACE] sdk.proto: Received request: tf_proto_version=6.9 tf_rpc=GetProviderSchema tf_provider_addr=registry.terraform.io/hashicorp/keep tf_req_id=4d26ae3c-d300-ddd8-9735-b7e3b4ef2882
2025-06-26T20:42:54.142-0700 [TRACE] sdk.proto: Sending request downstream: tf_proto_version=6.9 tf_rpc=GetProviderSchema tf_provider_addr=registry.terraform.io/hashicorp/keep tf_req_id=4d26ae3c-d300-ddd8-9735-b7e3b4ef2882
2025-06-26T20:42:54.142-0700 [TRACE] sdk.framework: Checking ProviderSchema lock: tf_req_id=4d26ae3c-d300-ddd8-9735-b7e3b4ef2882 tf_rpc=GetProviderSchema tf_provider_addr=registry.terraform.io/hashicorp/keep
2025-06-26T20:42:54.142-0700 [TRACE] sdk.framework: Calling provider defined Provider Schema: tf_provider_addr=registry.terraform.io/hashicorp/keep tf_req_id=4d26ae3c-d300-ddd8-9735-b7e3b4ef2882 tf_rpc=GetProviderSchema
2025-06-26T20:42:54.142-0700 [TRACE] sdk.framework: Called provider defined Provider Schema: tf_req_id=4d26ae3c-d300-ddd8-9735-b7e3b4ef2882 tf_rpc=GetProviderSchema tf_provider_addr=registry.terraform.io/hashicorp/keep
2025-06-26T20:42:54.142-0700 [TRACE] sdk.framework: Checking ResourceTypes lock: tf_rpc=GetProviderSchema tf_provider_addr=registry.terraform.io/hashicorp/keep tf_req_id=4d26ae3c-d300-ddd8-9735-b7e3b4ef2882
2025-06-26T20:42:54.142-0700 [TRACE] sdk.framework: Checking ProviderTypeName lock: tf_provider_addr=registry.terraform.io/hashicorp/keep tf_req_id=4d26ae3c-d300-ddd8-9735-b7e3b4ef2882 tf_rpc=GetProviderSchema
2025-06-26T20:42:54.142-0700 [TRACE] sdk.framework: Calling provider defined Provider Metadata: tf_provider_addr=registry.terraform.io/hashicorp/keep tf_req_id=4d26ae3c-d300-ddd8-9735-b7e3b4ef2882 tf_rpc=GetProviderSchema
2025-06-26T20:42:54.142-0700 [TRACE] sdk.framework: Called provider defined Provider Metadata: tf_rpc=GetProviderSchema tf_provider_addr=registry.terraform.io/hashicorp/keep tf_req_id=4d26ae3c-d300-ddd8-9735-b7e3b4ef2882
2025-06-26T20:42:54.142-0700 [TRACE] sdk.framework: Calling provider defined Provider Resources: tf_provider_addr=registry.terraform.io/hashicorp/keep tf_req_id=4d26ae3c-d300-ddd8-9735-b7e3b4ef2882 tf_rpc=GetProviderSchema
2025-06-26T20:42:54.142-0700 [TRACE] sdk.framework: Called provider defined Provider Resources: tf_rpc=GetProviderSchema tf_provider_addr=registry.terraform.io/hashicorp/keep tf_req_id=4d26ae3c-d300-ddd8-9735-b7e3b4ef2882
2025-06-26T20:42:54.142-0700 [TRACE] sdk.framework: Found resource type: tf_provider_addr=registry.terraform.io/hashicorp/keep tf_req_id=4d26ae3c-d300-ddd8-9735-b7e3b4ef2882 tf_rpc=GetProviderSchema tf_resource_type=keep_provider
2025-06-26T20:42:54.142-0700 [TRACE] sdk.framework: Found resource type: tf_resource_type=keep_extraction_rule tf_rpc=GetProviderSchema tf_provider_addr=registry.terraform.io/hashicorp/keep tf_req_id=4d26ae3c-d300-ddd8-9735-b7e3b4ef2882
2025-06-26T20:42:54.142-0700 [TRACE] sdk.framework: Found resource type: tf_resource_type=keep_alert tf_provider_addr=registry.terraform.io/hashicorp/keep tf_req_id=4d26ae3c-d300-ddd8-9735-b7e3b4ef2882 tf_rpc=GetProviderSchema
2025-06-26T20:42:54.142-0700 [TRACE] sdk.framework: Found resource type: tf_provider_addr=registry.terraform.io/hashicorp/keep tf_req_id=4d26ae3c-d300-ddd8-9735-b7e3b4ef2882 tf_rpc=GetProviderSchema tf_resource_type=keep_mapping_rule
2025-06-26T20:42:54.142-0700 [TRACE] sdk.framework: Calling provider defined Resource Schema method: tf_provider_addr=registry.terraform.io/hashicorp/keep tf_req_id=4d26ae3c-d300-ddd8-9735-b7e3b4ef2882 tf_rpc=GetProviderSchema tf_resource_type=keep_provider
2025-06-26T20:42:54.142-0700 [TRACE] sdk.framework: Called provider defined Resource Schema method: tf_provider_addr=registry.terraform.io/hashicorp/keep tf_req_id=4d26ae3c-d300-ddd8-9735-b7e3b4ef2882 tf_rpc=GetProviderSchema tf_resource_type=keep_provider
2025-06-26T20:42:54.142-0700 [TRACE] sdk.framework: Calling provider defined Resource Schema method: tf_provider_addr=registry.terraform.io/hashicorp/keep tf_req_id=4d26ae3c-d300-ddd8-9735-b7e3b4ef2882 tf_rpc=GetProviderSchema tf_resource_type=keep_extraction_rule
2025-06-26T20:42:54.142-0700 [TRACE] sdk.framework: Called provider defined Resource Schema method: tf_req_id=4d26ae3c-d300-ddd8-9735-b7e3b4ef2882 tf_resource_type=keep_extraction_rule tf_rpc=GetProviderSchema tf_provider_addr=registry.terraform.io/hashicorp/keep
2025-06-26T20:42:54.142-0700 [TRACE] sdk.framework: Calling provider defined Resource Schema method: tf_req_id=4d26ae3c-d300-ddd8-9735-b7e3b4ef2882 tf_rpc=GetProviderSchema tf_resource_type=keep_alert tf_provider_addr=registry.terraform.io/hashicorp/keep
2025-06-26T20:42:54.142-0700 [TRACE] sdk.framework: Called provider defined Resource Schema method: tf_rpc=GetProviderSchema tf_resource_type=keep_alert tf_provider_addr=registry.terraform.io/hashicorp/keep tf_req_id=4d26ae3c-d300-ddd8-9735-b7e3b4ef2882
2025-06-26T20:42:54.142-0700 [TRACE] sdk.framework: Calling provider defined Resource Schema method: tf_rpc=GetProviderSchema tf_provider_addr=registry.terraform.io/hashicorp/keep tf_req_id=4d26ae3c-d300-ddd8-9735-b7e3b4ef2882 tf_resource_type=keep_mapping_rule
2025-06-26T20:42:54.142-0700 [TRACE] sdk.framework: Called provider defined Resource Schema method: tf_provider_addr=registry.terraform.io/hashicorp/keep tf_req_id=4d26ae3c-d300-ddd8-9735-b7e3b4ef2882 tf_rpc=GetProviderSchema tf_resource_type=keep_mapping_rule
2025-06-26T20:42:54.142-0700 [TRACE] sdk.framework: Checking DataSourceTypes lock: tf_rpc=GetProviderSchema tf_provider_addr=registry.terraform.io/hashicorp/keep tf_req_id=4d26ae3c-d300-ddd8-9735-b7e3b4ef2882
2025-06-26T20:42:54.142-0700 [TRACE] sdk.framework: Checking ProviderTypeName lock: tf_provider_addr=registry.terraform.io/hashicorp/keep tf_req_id=4d26ae3c-d300-ddd8-9735-b7e3b4ef2882 tf_rpc=GetProviderSchema
2025-06-26T20:42:54.142-0700 [TRACE] sdk.framework: Calling provider defined Provider DataSources: tf_provider_addr=registry.terraform.io/hashicorp/keep tf_req_id=4d26ae3c-d300-ddd8-9735-b7e3b4ef2882 tf_rpc=GetProviderSchema
2025-06-26T20:42:54.142-0700 [TRACE] sdk.framework: Called provider defined Provider DataSources: tf_req_id=4d26ae3c-d300-ddd8-9735-b7e3b4ef2882 tf_rpc=GetProviderSchema tf_provider_addr=registry.terraform.io/hashicorp/keep
2025-06-26T20:42:54.142-0700 [TRACE] sdk.framework: Checking FunctionTypes lock: tf_rpc=GetProviderSchema tf_provider_addr=registry.terraform.io/hashicorp/keep tf_req_id=4d26ae3c-d300-ddd8-9735-b7e3b4ef2882
2025-06-26T20:42:54.142-0700 [TRACE] sdk.framework: Checking EphemeralResourceFuncs lock: tf_req_id=4d26ae3c-d300-ddd8-9735-b7e3b4ef2882 tf_rpc=GetProviderSchema tf_provider_addr=registry.terraform.io/hashicorp/keep
2025-06-26T20:42:54.142-0700 [TRACE] sdk.framework: Checking ProviderTypeName lock: tf_provider_addr=registry.terraform.io/hashicorp/keep tf_req_id=4d26ae3c-d300-ddd8-9735-b7e3b4ef2882 tf_rpc=GetProviderSchema
2025-06-26T20:42:54.142-0700 [TRACE] sdk.proto: Received downstream response: tf_provider_addr=registry.terraform.io/hashicorp/keep tf_req_id=4d26ae3c-d300-ddd8-9735-b7e3b4ef2882 tf_proto_version=6.9 tf_rpc=GetProviderSchema diagnostic_error_count=0 diagnostic_warning_count=0 tf_req_duration_ms=0
2025-06-26T20:42:54.142-0700 [TRACE] sdk.proto: Announced server capabilities: tf_req_id=4d26ae3c-d300-ddd8-9735-b7e3b4ef2882 tf_proto_version=6.9 tf_rpc=GetProviderSchema tf_provider_addr=registry.terraform.io/hashicorp/keep tf_server_capability_get_provider_schema_optional=true tf_server_capability_move_resource_state=true tf_server_capability_plan_destroy=true
2025-06-26T20:42:54.142-0700 [TRACE] sdk.proto: Served request: tf_proto_version=6.9 tf_rpc=GetProviderSchema tf_provider_addr=registry.terraform.io/hashicorp/keep tf_req_id=4d26ae3c-d300-ddd8-9735-b7e3b4ef2882
2025-06-26T20:42:54.143-0700 [TRACE] sdk.proto: Received request: tf_provider_addr=registry.terraform.io/hashicorp/keep tf_proto_version=6.9 tf_req_id=0a4360e8-fbb4-2aee-b3f8-48f03c9c55cb tf_rpc=ValidateProviderConfig
2025-06-26T20:42:54.143-0700 [TRACE] sdk.proto: Sending request downstream: tf_provider_addr=registry.terraform.io/hashicorp/keep tf_proto_version=6.9 tf_req_id=0a4360e8-fbb4-2aee-b3f8-48f03c9c55cb tf_rpc=ValidateProviderConfig
2025-06-26T20:42:54.143-0700 [TRACE] sdk.framework: Checking ProviderSchema lock: tf_provider_addr=registry.terraform.io/hashicorp/keep tf_rpc=ValidateProviderConfig tf_req_id=0a4360e8-fbb4-2aee-b3f8-48f03c9c55cb
2025-06-26T20:42:54.143-0700 [TRACE] sdk.proto: Received downstream response: tf_provider_addr=registry.terraform.io/hashicorp/keep tf_proto_version=6.9 tf_req_id=0a4360e8-fbb4-2aee-b3f8-48f03c9c55cb tf_rpc=ValidateProviderConfig diagnostic_error_count=0 diagnostic_warning_count=0 tf_req_duration_ms=0
2025-06-26T20:42:54.143-0700 [TRACE] sdk.proto: Served request: tf_provider_addr=registry.terraform.io/hashicorp/keep tf_proto_version=6.9 tf_req_id=0a4360e8-fbb4-2aee-b3f8-48f03c9c55cb tf_rpc=ValidateProviderConfig
2025-06-26T20:42:54.143-0700 [TRACE] sdk.proto: Received request: tf_proto_version=6.9 tf_req_id=a262a3ff-8a00-e892-348c-d229b35683c8 tf_rpc=ValidateResourceConfig tf_provider_addr=registry.terraform.io/hashicorp/keep tf_resource_type=keep_mapping_rule
2025-06-26T20:42:54.143-0700 [TRACE] sdk.proto: Announced client capabilities: tf_rpc=ValidateResourceConfig tf_provider_addr=registry.terraform.io/hashicorp/keep tf_resource_type=keep_mapping_rule tf_proto_version=6.9 tf_req_id=a262a3ff-8a00-e892-348c-d229b35683c8 tf_client_capability_write_only_attributes_allowed=true
2025-06-26T20:42:54.143-0700 [TRACE] sdk.proto: Sending request downstream: tf_req_id=a262a3ff-8a00-e892-348c-d229b35683c8 tf_rpc=ValidateResourceConfig tf_provider_addr=registry.terraform.io/hashicorp/keep tf_resource_type=keep_mapping_rule tf_proto_version=6.9
2025-06-26T20:42:54.143-0700 [TRACE] sdk.framework: Checking ResourceTypes lock: tf_rpc=ValidateResourceConfig tf_resource_type=keep_mapping_rule tf_req_id=a262a3ff-8a00-e892-348c-d229b35683c8 tf_provider_addr=registry.terraform.io/hashicorp/keep
2025-06-26T20:42:54.143-0700 [TRACE] sdk.framework: Checking ResourceTypes lock: tf_resource_type=keep_mapping_rule tf_req_id=a262a3ff-8a00-e892-348c-d229b35683c8 tf_provider_addr=registry.terraform.io/hashicorp/keep tf_rpc=ValidateResourceConfig
2025-06-26T20:42:54.143-0700 [TRACE] sdk.framework: Calling provider defined Resource Schema method: tf_resource_type=keep_mapping_rule tf_req_id=a262a3ff-8a00-e892-348c-d229b35683c8 tf_provider_addr=registry.terraform.io/hashicorp/keep tf_rpc=ValidateResourceConfig
2025-06-26T20:42:54.143-0700 [TRACE] sdk.framework: Called provider defined Resource Schema method: tf_rpc=ValidateResourceConfig tf_resource_type=keep_mapping_rule tf_req_id=a262a3ff-8a00-e892-348c-d229b35683c8 tf_provider_addr=registry.terraform.io/hashicorp/keep
2025-06-26T20:42:54.143-0700 [TRACE] sdk.framework: Resource implements ResourceWithConfigure: tf_rpc=ValidateResourceConfig tf_resource_type=keep_mapping_rule tf_req_id=a262a3ff-8a00-e892-348c-d229b35683c8 tf_provider_addr=registry.terraform.io/hashicorp/keep
2025-06-26T20:42:54.143-0700 [TRACE] sdk.framework: Calling provider defined Resource Configure: tf_req_id=a262a3ff-8a00-e892-348c-d229b35683c8 tf_provider_addr=registry.terraform.io/hashicorp/keep tf_rpc=ValidateResourceConfig tf_resource_type=keep_mapping_rule
2025-06-26T20:42:54.143-0700 [TRACE] sdk.framework: Called provider defined Resource Configure: tf_rpc=ValidateResourceConfig tf_resource_type=keep_mapping_rule tf_req_id=a262a3ff-8a00-e892-348c-d229b35683c8 tf_provider_addr=registry.terraform.io/hashicorp/keep
2025-06-26T20:42:54.143-0700 [TRACE] sdk.framework: Type implements TypeWithValidate: tf_req_id=a262a3ff-8a00-e892-348c-d229b35683c8 tf_provider_addr=registry.terraform.io/hashicorp/keep tf_rpc=ValidateResourceConfig tf_attribute_path=priority tf_resource_type=keep_mapping_rule
2025-06-26T20:42:54.143-0700 [TRACE] sdk.framework: Calling provider defined Type Validate: tf_attribute_path=priority tf_resource_type=keep_mapping_rule tf_req_id=a262a3ff-8a00-e892-348c-d229b35683c8 tf_provider_addr=registry.terraform.io/hashicorp/keep tf_rpc=ValidateResourceConfig
2025-06-26T20:42:54.143-0700 [TRACE] sdk.framework: Called provider defined Type Validate: tf_provider_addr=registry.terraform.io/hashicorp/keep tf_rpc=ValidateResourceConfig tf_attribute_path=priority tf_resource_type=keep_mapping_rule tf_req_id=a262a3ff-8a00-e892-348c-d229b35683c8
2025-06-26T20:42:54.143-0700 [TRACE] sdk.framework: Type implements TypeWithValidate: tf_rpc=ValidateResourceConfig tf_attribute_path=matchers tf_resource_type=keep_mapping_rule tf_req_id=a262a3ff-8a00-e892-348c-d229b35683c8 tf_provider_addr=registry.terraform.io/hashicorp/keep
2025-06-26T20:42:54.143-0700 [TRACE] sdk.framework: Calling provider defined Type Validate: tf_attribute_path=matchers tf_resource_type=keep_mapping_rule tf_req_id=a262a3ff-8a00-e892-348c-d229b35683c8 tf_provider_addr=registry.terraform.io/hashicorp/keep tf_rpc=ValidateResourceConfig
2025-06-26T20:42:54.143-0700 [TRACE] sdk.framework: Called provider defined Type Validate: tf_rpc=ValidateResourceConfig tf_attribute_path=matchers tf_resource_type=keep_mapping_rule tf_req_id=a262a3ff-8a00-e892-348c-d229b35683c8 tf_provider_addr=registry.terraform.io/hashicorp/keep
2025-06-26T20:42:54.144-0700 [TRACE] sdk.proto: Received downstream response: tf_resource_type=keep_mapping_rule tf_req_duration_ms=0 diagnostic_error_count=0 diagnostic_warning_count=0 tf_proto_version=6.9 tf_req_id=a262a3ff-8a00-e892-348c-d229b35683c8 tf_rpc=ValidateResourceConfig tf_provider_addr=registry.terraform.io/hashicorp/keep
2025-06-26T20:42:54.144-0700 [TRACE] sdk.proto: Served request: tf_resource_type=keep_mapping_rule tf_proto_version=6.9 tf_req_id=a262a3ff-8a00-e892-348c-d229b35683c8 tf_rpc=ValidateResourceConfig tf_provider_addr=registry.terraform.io/hashicorp/keep
2025-06-26T20:42:54.144-0700 [TRACE] sdk.proto: Received request: tf_req_id=024ae05a-1504-8317-0c86-72cc92fc93bc tf_provider_addr=registry.terraform.io/hashicorp/keep tf_proto_version=6.9 tf_rpc=ValidateProviderConfig
2025-06-26T20:42:54.144-0700 [TRACE] sdk.proto: Sending request downstream: tf_req_id=024ae05a-1504-8317-0c86-72cc92fc93bc tf_provider_addr=registry.terraform.io/hashicorp/keep tf_proto_version=6.9 tf_rpc=ValidateProviderConfig
2025-06-26T20:42:54.144-0700 [TRACE] sdk.framework: Checking ProviderSchema lock: tf_req_id=024ae05a-1504-8317-0c86-72cc92fc93bc tf_provider_addr=registry.terraform.io/hashicorp/keep tf_rpc=ValidateProviderConfig
2025-06-26T20:42:54.144-0700 [TRACE] sdk.proto: Received downstream response: tf_rpc=ValidateProviderConfig diagnostic_warning_count=0 tf_req_duration_ms=0 diagnostic_error_count=0 tf_req_id=024ae05a-1504-8317-0c86-72cc92fc93bc tf_provider_addr=registry.terraform.io/hashicorp/keep tf_proto_version=6.9
2025-06-26T20:42:54.144-0700 [TRACE] sdk.proto: Served request: tf_req_id=024ae05a-1504-8317-0c86-72cc92fc93bc tf_provider_addr=registry.terraform.io/hashicorp/keep tf_proto_version=6.9 tf_rpc=ValidateProviderConfig
2025-06-26T20:42:54.144-0700 [TRACE] sdk.proto: Received request: tf_req_id=634811fa-2fb1-615e-3cc6-1506b89df62a tf_provider_addr=registry.terraform.io/hashicorp/keep tf_proto_version=6.9 tf_rpc=ConfigureProvider
2025-06-26T20:42:54.144-0700 [TRACE] sdk.proto: Announced client capabilities: tf_proto_version=6.9 tf_rpc=ConfigureProvider tf_client_capability_deferral_allowed=false tf_req_id=634811fa-2fb1-615e-3cc6-1506b89df62a tf_provider_addr=registry.terraform.io/hashicorp/keep
2025-06-26T20:42:54.144-0700 [TRACE] sdk.proto: Sending request downstream: tf_rpc=ConfigureProvider tf_req_id=634811fa-2fb1-615e-3cc6-1506b89df62a tf_provider_addr=registry.terraform.io/hashicorp/keep tf_proto_version=6.9
2025-06-26T20:42:54.144-0700 [TRACE] sdk.framework: Checking ProviderSchema lock: tf_provider_addr=registry.terraform.io/hashicorp/keep tf_rpc=ConfigureProvider tf_req_id=634811fa-2fb1-615e-3cc6-1506b89df62a
2025-06-26T20:42:54.144-0700 [TRACE] sdk.framework: Calling provider defined Provider Configure: tf_provider_addr=registry.terraform.io/hashicorp/keep tf_rpc=ConfigureProvider tf_req_id=634811fa-2fb1-615e-3cc6-1506b89df62a
2025-06-26T20:42:54.144-0700 [DEBUG] keep: Configuring KeepHQ client: tf_rpc=ConfigureProvider provider=keep tf_provider_addr=registry.terraform.io/hashicorp/keep tf_req_id=634811fa-2fb1-615e-3cc6-1506b89df62a
2025-06-26T20:42:54.144-0700 [DEBUG] keep: Provider configuration: api_url=http://localhost:8080 tf_provider_addr=registry.terraform.io/hashicorp/keep tf_req_id=634811fa-2fb1-615e-3cc6-1506b89df62a tf_rpc=ConfigureProvider provider=keep api_key_set=true
2025-06-26T20:42:54.144-0700 [TRACE] sdk.framework: Called provider defined Provider Configure: tf_rpc=ConfigureProvider tf_req_id=634811fa-2fb1-615e-3cc6-1506b89df62a tf_provider_addr=registry.terraform.io/hashicorp/keep
2025-06-26T20:42:54.144-0700 [TRACE] sdk.proto: Received downstream response: diagnostic_warning_count=0 tf_req_duration_ms=0 tf_proto_version=6.9 tf_rpc=ConfigureProvider tf_req_id=634811fa-2fb1-615e-3cc6-1506b89df62a tf_provider_addr=registry.terraform.io/hashicorp/keep diagnostic_error_count=0
2025-06-26T20:42:54.144-0700 [TRACE] sdk.proto: Served request: tf_proto_version=6.9 tf_rpc=ConfigureProvider tf_req_id=634811fa-2fb1-615e-3cc6-1506b89df62a tf_provider_addr=registry.terraform.io/hashicorp/keep
2025-06-26T20:42:54.144-0700 [TRACE] sdk.proto: Received request: tf_resource_type=keep_mapping_rule tf_proto_version=6.9 tf_req_id=05c65bf0-b09e-50c1-1cf3-88c35119e1c8 tf_rpc=UpgradeResourceState tf_provider_addr=registry.terraform.io/hashicorp/keep
2025-06-26T20:42:54.144-0700 [TRACE] sdk.proto: Sending request downstream: tf_req_id=05c65bf0-b09e-50c1-1cf3-88c35119e1c8 tf_rpc=UpgradeResourceState tf_provider_addr=registry.terraform.io/hashicorp/keep tf_resource_type=keep_mapping_rule tf_proto_version=6.9
2025-06-26T20:42:54.144-0700 [TRACE] sdk.framework: Checking ResourceTypes lock: tf_req_id=05c65bf0-b09e-50c1-1cf3-88c35119e1c8 tf_provider_addr=registry.terraform.io/hashicorp/keep tf_rpc=UpgradeResourceState tf_resource_type=keep_mapping_rule
2025-06-26T20:42:54.144-0700 [TRACE] sdk.framework: UpgradeResourceState request version matches current Schema version, using framework defined passthrough implementation: tf_resource_type=keep_mapping_rule tf_req_id=05c65bf0-b09e-50c1-1cf3-88c35119e1c8 tf_provider_addr=registry.terraform.io/hashicorp/keep tf_rpc=UpgradeResourceState
2025-06-26T20:42:54.145-0700 [TRACE] sdk.proto: Received downstream response: tf_req_id=05c65bf0-b09e-50c1-1cf3-88c35119e1c8 tf_rpc=UpgradeResourceState tf_provider_addr=registry.terraform.io/hashicorp/keep diagnostic_warning_count=0 tf_req_duration_ms=0 diagnostic_error_count=0 tf_resource_type=keep_mapping_rule tf_proto_version=6.9
2025-06-26T20:42:54.145-0700 [TRACE] sdk.proto: Served request: tf_resource_type=keep_mapping_rule tf_proto_version=6.9 tf_req_id=05c65bf0-b09e-50c1-1cf3-88c35119e1c8 tf_rpc=UpgradeResourceState tf_provider_addr=registry.terraform.io/hashicorp/keep
2025-06-26T20:42:54.145-0700 [TRACE] sdk.proto: Received request: tf_resource_type=keep_mapping_rule tf_req_id=0eec3f81-43e7-56ee-0001-ec79fbd5a60d tf_provider_addr=registry.terraform.io/hashicorp/keep tf_proto_version=6.9 tf_rpc=PlanResourceChange
2025-06-26T20:42:54.145-0700 [TRACE] sdk.proto: Announced client capabilities: tf_client_capability_deferral_allowed=false tf_proto_version=6.9 tf_rpc=PlanResourceChange tf_resource_type=keep_mapping_rule tf_req_id=0eec3f81-43e7-56ee-0001-ec79fbd5a60d tf_provider_addr=registry.terraform.io/hashicorp/keep
2025-06-26T20:42:54.145-0700 [TRACE] sdk.proto: Sending request downstream: tf_resource_type=keep_mapping_rule tf_req_id=0eec3f81-43e7-56ee-0001-ec79fbd5a60d tf_provider_addr=registry.terraform.io/hashicorp/keep tf_proto_version=6.9 tf_rpc=PlanResourceChange
2025-06-26T20:42:54.145-0700 [TRACE] sdk.framework: Checking ResourceTypes lock: tf_resource_type=keep_mapping_rule tf_req_id=0eec3f81-43e7-56ee-0001-ec79fbd5a60d tf_provider_addr=registry.terraform.io/hashicorp/keep tf_rpc=PlanResourceChange
2025-06-26T20:42:54.145-0700 [TRACE] sdk.framework: Checking ResourceTypes lock: tf_provider_addr=registry.terraform.io/hashicorp/keep tf_rpc=PlanResourceChange tf_resource_type=keep_mapping_rule tf_req_id=0eec3f81-43e7-56ee-0001-ec79fbd5a60d
2025-06-26T20:42:54.145-0700 [TRACE] sdk.framework: Checking ResourceBehaviors lock: tf_rpc=PlanResourceChange tf_resource_type=keep_mapping_rule tf_req_id=0eec3f81-43e7-56ee-0001-ec79fbd5a60d tf_provider_addr=registry.terraform.io/hashicorp/keep
2025-06-26T20:42:54.145-0700 [TRACE] sdk.framework: Checking ProviderTypeName lock: tf_req_id=0eec3f81-43e7-56ee-0001-ec79fbd5a60d tf_provider_addr=registry.terraform.io/hashicorp/keep tf_rpc=PlanResourceChange tf_resource_type=keep_mapping_rule
2025-06-26T20:42:54.145-0700 [TRACE] sdk.framework: Checking ResourceTypes lock: tf_provider_addr=registry.terraform.io/hashicorp/keep tf_rpc=PlanResourceChange tf_resource_type=keep_mapping_rule tf_req_id=0eec3f81-43e7-56ee-0001-ec79fbd5a60d
2025-06-26T20:42:54.145-0700 [TRACE] sdk.framework: Found resource type: tf_req_id=0eec3f81-43e7-56ee-0001-ec79fbd5a60d tf_provider_addr=registry.terraform.io/hashicorp/keep tf_rpc=PlanResourceChange tf_resource_type=keep_provider
2025-06-26T20:42:54.145-0700 [TRACE] sdk.framework: Found resource type: tf_req_id=0eec3f81-43e7-56ee-0001-ec79fbd5a60d tf_provider_addr=registry.terraform.io/hashicorp/keep tf_rpc=PlanResourceChange tf_resource_type=keep_extraction_rule
2025-06-26T20:42:54.145-0700 [TRACE] sdk.framework: Found resource type: tf_rpc=PlanResourceChange tf_resource_type=keep_alert tf_req_id=0eec3f81-43e7-56ee-0001-ec79fbd5a60d tf_provider_addr=registry.terraform.io/hashicorp/keep
2025-06-26T20:42:54.145-0700 [TRACE] sdk.framework: Found resource type: tf_provider_addr=registry.terraform.io/hashicorp/keep tf_rpc=PlanResourceChange tf_resource_type=keep_mapping_rule tf_req_id=0eec3f81-43e7-56ee-0001-ec79fbd5a60d
2025-06-26T20:42:54.145-0700 [TRACE] sdk.framework: Resource implements ResourceWithConfigure: tf_req_id=0eec3f81-43e7-56ee-0001-ec79fbd5a60d tf_provider_addr=registry.terraform.io/hashicorp/keep tf_rpc=PlanResourceChange tf_resource_type=keep_mapping_rule
2025-06-26T20:42:54.145-0700 [TRACE] sdk.framework: Calling provider defined Resource Configure: tf_req_id=0eec3f81-43e7-56ee-0001-ec79fbd5a60d tf_provider_addr=registry.terraform.io/hashicorp/keep tf_rpc=PlanResourceChange tf_resource_type=keep_mapping_rule
2025-06-26T20:42:54.145-0700 [TRACE] sdk.framework: Called provider defined Resource Configure: tf_resource_type=keep_mapping_rule tf_req_id=0eec3f81-43e7-56ee-0001-ec79fbd5a60d tf_provider_addr=registry.terraform.io/hashicorp/keep tf_rpc=PlanResourceChange
2025-06-26T20:42:54.145-0700 [TRACE] sdk.proto: Received downstream response: tf_req_id=0eec3f81-43e7-56ee-0001-ec79fbd5a60d tf_provider_addr=registry.terraform.io/hashicorp/keep tf_proto_version=6.9 tf_rpc=PlanResourceChange tf_resource_type=keep_mapping_rule diagnostic_error_count=0 diagnostic_warning_count=0 tf_req_duration_ms=0
2025-06-26T20:42:54.145-0700 [TRACE] sdk.proto: Served request: tf_provider_addr=registry.terraform.io/hashicorp/keep tf_proto_version=6.9 tf_rpc=PlanResourceChange tf_resource_type=keep_mapping_rule tf_req_id=0eec3f81-43e7-56ee-0001-ec79fbd5a60d
2025-06-26T20:42:54.147-0700 [TRACE] sdk.proto: Received request: tf_req_id=2f18f01a-242f-77fd-2354-3ce1b6c05f7f tf_provider_addr=registry.terraform.io/hashicorp/keep tf_proto_version=6.9 tf_rpc=ValidateProviderConfig
2025-06-26T20:42:54.147-0700 [TRACE] sdk.proto: Sending request downstream: tf_provider_addr=registry.terraform.io/hashicorp/keep tf_proto_version=6.9 tf_rpc=ValidateProviderConfig tf_req_id=2f18f01a-242f-77fd-2354-3ce1b6c05f7f
2025-06-26T20:42:54.147-0700 [TRACE] sdk.framework: Checking ProviderSchema lock: tf_req_id=2f18f01a-242f-77fd-2354-3ce1b6c05f7f tf_rpc=ValidateProviderConfig tf_provider_addr=registry.terraform.io/hashicorp/keep
2025-06-26T20:42:54.147-0700 [TRACE] sdk.proto: Received downstream response: tf_provider_addr=registry.terraform.io/hashicorp/keep tf_proto_version=6.9 tf_rpc=ValidateProviderConfig diagnostic_error_count=0 diagnostic_warning_count=0 tf_req_duration_ms=0 tf_req_id=2f18f01a-242f-77fd-2354-3ce1b6c05f7f
2025-06-26T20:42:54.147-0700 [TRACE] sdk.proto: Served request: tf_provider_addr=registry.terraform.io/hashicorp/keep tf_proto_version=6.9 tf_rpc=ValidateProviderConfig tf_req_id=2f18f01a-242f-77fd-2354-3ce1b6c05f7f
2025-06-26T20:42:54.147-0700 [TRACE] sdk.proto: Received request: tf_req_id=63c39fb9-20de-b0fe-3b0e-0b843195823a tf_provider_addr=registry.terraform.io/hashicorp/keep tf_proto_version=6.9 tf_rpc=ConfigureProvider
2025-06-26T20:42:54.147-0700 [TRACE] sdk.proto: Announced client capabilities: tf_provider_addr=registry.terraform.io/hashicorp/keep tf_proto_version=6.9 tf_rpc=ConfigureProvider tf_client_capability_deferral_allowed=true tf_req_id=63c39fb9-20de-b0fe-3b0e-0b843195823a
2025-06-26T20:42:54.147-0700 [TRACE] sdk.proto: Sending request downstream: tf_provider_addr=registry.terraform.io/hashicorp/keep tf_proto_version=6.9 tf_rpc=ConfigureProvider tf_req_id=63c39fb9-20de-b0fe-3b0e-0b843195823a
2025-06-26T20:42:54.147-0700 [TRACE] sdk.framework: Checking ProviderSchema lock: tf_req_id=63c39fb9-20de-b0fe-3b0e-0b843195823a tf_provider_addr=registry.terraform.io/hashicorp/keep tf_rpc=ConfigureProvider
2025-06-26T20:42:54.147-0700 [TRACE] sdk.framework: Calling provider defined Provider Configure: tf_provider_addr=registry.terraform.io/hashicorp/keep tf_rpc=ConfigureProvider tf_req_id=63c39fb9-20de-b0fe-3b0e-0b843195823a
2025-06-26T20:42:54.147-0700 [DEBUG] keep: Configuring KeepHQ client: provider=keep tf_req_id=63c39fb9-20de-b0fe-3b0e-0b843195823a tf_provider_addr=registry.terraform.io/hashicorp/keep tf_rpc=ConfigureProvider
2025-06-26T20:42:54.147-0700 [DEBUG] keep: Provider configuration: api_key_set=true api_url=http://localhost:8080 provider=keep tf_req_id=63c39fb9-20de-b0fe-3b0e-0b843195823a tf_provider_addr=registry.terraform.io/hashicorp/keep tf_rpc=ConfigureProvider
2025-06-26T20:42:54.147-0700 [TRACE] sdk.framework: Called provider defined Provider Configure: tf_rpc=ConfigureProvider tf_req_id=63c39fb9-20de-b0fe-3b0e-0b843195823a tf_provider_addr=registry.terraform.io/hashicorp/keep
2025-06-26T20:42:54.147-0700 [TRACE] sdk.proto: Received downstream response: diagnostic_warning_count=0 tf_req_duration_ms=0 tf_proto_version=6.9 tf_rpc=ConfigureProvider tf_req_id=63c39fb9-20de-b0fe-3b0e-0b843195823a tf_provider_addr=registry.terraform.io/hashicorp/keep diagnostic_error_count=0
2025-06-26T20:42:54.147-0700 [TRACE] sdk.proto: Served request: tf_rpc=ConfigureProvider tf_req_id=63c39fb9-20de-b0fe-3b0e-0b843195823a tf_provider_addr=registry.terraform.io/hashicorp/keep tf_proto_version=6.9
2025-06-26T20:42:54.147-0700 [TRACE] sdk.proto: Received request: tf_resource_type=keep_mapping_rule tf_req_id=603bd27f-c36f-ce18-0c62-ff7c2238268f tf_provider_addr=registry.terraform.io/hashicorp/keep tf_rpc=UpgradeResourceState tf_proto_version=6.9
2025-06-26T20:42:54.147-0700 [TRACE] sdk.proto: Sending request downstream: tf_req_id=603bd27f-c36f-ce18-0c62-ff7c2238268f tf_provider_addr=registry.terraform.io/hashicorp/keep tf_rpc=UpgradeResourceState tf_proto_version=6.9 tf_resource_type=keep_mapping_rule
2025-06-26T20:42:54.147-0700 [TRACE] sdk.framework: Checking ResourceTypes lock: tf_resource_type=keep_mapping_rule tf_rpc=UpgradeResourceState tf_req_id=603bd27f-c36f-ce18-0c62-ff7c2238268f tf_provider_addr=registry.terraform.io/hashicorp/keep
2025-06-26T20:42:54.147-0700 [TRACE] sdk.framework: UpgradeResourceState request version matches current Schema version, using framework defined passthrough implementation: tf_provider_addr=registry.terraform.io/hashicorp/keep tf_resource_type=keep_mapping_rule tf_rpc=UpgradeResourceState tf_req_id=603bd27f-c36f-ce18-0c62-ff7c2238268f
2025-06-26T20:42:54.147-0700 [TRACE] sdk.proto: Received downstream response: tf_proto_version=6.9 tf_resource_type=keep_mapping_rule tf_req_id=603bd27f-c36f-ce18-0c62-ff7c2238268f diagnostic_error_count=0 diagnostic_warning_count=0 tf_req_duration_ms=0 tf_provider_addr=registry.terraform.io/hashicorp/keep tf_rpc=UpgradeResourceState
2025-06-26T20:42:54.147-0700 [TRACE] sdk.proto: Served request: tf_rpc=UpgradeResourceState tf_proto_version=6.9 tf_resource_type=keep_mapping_rule tf_req_id=603bd27f-c36f-ce18-0c62-ff7c2238268f tf_provider_addr=registry.terraform.io/hashicorp/keep
2025-06-26T20:42:54.147-0700 [TRACE] sdk.proto: Received request: tf_req_id=6d9a6c8e-f55f-6212-495c-d18069ebb9fa tf_resource_type=keep_mapping_rule tf_provider_addr=registry.terraform.io/hashicorp/keep tf_proto_version=6.9 tf_rpc=ApplyResourceChange
2025-06-26T20:42:54.147-0700 [TRACE] sdk.proto: Sending request downstream: tf_provider_addr=registry.terraform.io/hashicorp/keep tf_proto_version=6.9 tf_rpc=ApplyResourceChange tf_req_id=6d9a6c8e-f55f-6212-495c-d18069ebb9fa tf_resource_type=keep_mapping_rule
2025-06-26T20:42:54.147-0700 [TRACE] sdk.framework: Checking ResourceTypes lock: tf_rpc=ApplyResourceChange tf_resource_type=keep_mapping_rule tf_req_id=6d9a6c8e-f55f-6212-495c-d18069ebb9fa tf_provider_addr=registry.terraform.io/hashicorp/keep
2025-06-26T20:42:54.147-0700 [TRACE] sdk.framework: Checking ResourceBehaviors lock: tf_resource_type=keep_mapping_rule tf_req_id=6d9a6c8e-f55f-6212-495c-d18069ebb9fa tf_provider_addr=registry.terraform.io/hashicorp/keep tf_rpc=ApplyResourceChange
2025-06-26T20:42:54.147-0700 [TRACE] sdk.framework: ApplyResourceChange received no PlannedState, running DeleteResource: tf_rpc=ApplyResourceChange tf_resource_type=keep_mapping_rule tf_req_id=6d9a6c8e-f55f-6212-495c-d18069ebb9fa tf_provider_addr=registry.terraform.io/hashicorp/keep
2025-06-26T20:42:54.147-0700 [TRACE] sdk.framework: Resource implements ResourceWithConfigure: tf_rpc=ApplyResourceChange tf_resource_type=keep_mapping_rule tf_req_id=6d9a6c8e-f55f-6212-495c-d18069ebb9fa tf_provider_addr=registry.terraform.io/hashicorp/keep
2025-06-26T20:42:54.147-0700 [TRACE] sdk.framework: Calling provider defined Resource Configure: tf_req_id=6d9a6c8e-f55f-6212-495c-d18069ebb9fa tf_provider_addr=registry.terraform.io/hashicorp/keep tf_rpc=ApplyResourceChange tf_resource_type=keep_mapping_rule
2025-06-26T20:42:54.147-0700 [TRACE] sdk.framework: Called provider defined Resource Configure: tf_req_id=6d9a6c8e-f55f-6212-495c-d18069ebb9fa tf_provider_addr=registry.terraform.io/hashicorp/keep tf_rpc=ApplyResourceChange tf_resource_type=keep_mapping_rule
2025-06-26T20:42:54.147-0700 [TRACE] sdk.framework: Calling provider defined Resource Delete: tf_rpc=ApplyResourceChange tf_resource_type=keep_mapping_rule tf_req_id=6d9a6c8e-f55f-6212-495c-d18069ebb9fa tf_provider_addr=registry.terraform.io/hashicorp/keep
2025-06-26T20:42:54.147-0700 [DEBUG] keep: Sending request: tf_req_id=6d9a6c8e-f55f-6212-495c-d18069ebb9fa tf_rpc=ApplyResourceChange path=/mapping/1 body="" method=DELETE url=http://localhost:8080/mapping/1 tf_provider_addr=registry.terraform.io/hashicorp/keep tf_resource_type=keep_mapping_rule headers="map[Accept:application/json Content-Type:application/json X-API-KEY:8e084661-cb0b-42a7-8c0d-f39e8f6a0008]"
2025-06-26T20:42:54.164-0700 [DEBUG] keep: Received response: statusCode=200 status="200 OK" tf_req_id=6d9a6c8e-f55f-6212-495c-d18069ebb9fa tf_provider_addr=registry.terraform.io/hashicorp/keep tf_rpc=ApplyResourceChange tf_resource_type=keep_mapping_rule
2025-06-26T20:42:54.164-0700 [TRACE] sdk.framework: Called provider defined Resource Delete: tf_provider_addr=registry.terraform.io/hashicorp/keep tf_rpc=ApplyResourceChange tf_resource_type=keep_mapping_rule tf_req_id=6d9a6c8e-f55f-6212-495c-d18069ebb9fa
2025-06-26T20:42:54.164-0700 [TRACE] sdk.framework: No provider defined Delete errors detected, ensuring State and Private are cleared: tf_req_id=6d9a6c8e-f55f-6212-495c-d18069ebb9fa tf_provider_addr=registry.terraform.io/hashicorp/keep tf_rpc=ApplyResourceChange tf_resource_type=keep_mapping_rule
2025-06-26T20:42:54.164-0700 [TRACE] sdk.proto: Received downstream response: tf_req_duration_ms=16 diagnostic_error_count=0 diagnostic_warning_count=0 tf_req_id=6d9a6c8e-f55f-6212-495c-d18069ebb9fa tf_resource_type=keep_mapping_rule tf_provider_addr=registry.terraform.io/hashicorp/keep tf_proto_version=6.9 tf_rpc=ApplyResourceChange
2025-06-26T20:42:54.164-0700 [TRACE] sdk.proto: Served request: tf_provider_addr=registry.terraform.io/hashicorp/keep tf_proto_version=6.9 tf_rpc=ApplyResourceChange tf_req_id=6d9a6c8e-f55f-6212-495c-d18069ebb9fa tf_resource_type=keep_mapping_rule
2025-06-26T20:42:54.173-0700 [TRACE] sdk.helper_resource: Called Terraform CLI destroy command: test_working_directory=/var/folders/yn/gzqxcdd94r9b63yr0c7_bs_40000gn/T/plugintest966882693 test_step_number=1 test_name=TestAccMappingRuleResource test_terraform_path=/opt/homebrew/bin/terraform
2025-06-26T20:42:54.173-0700 [TRACE] sdk.helper_resource: Called wrapped Terraform CLI command: test_name=TestAccMappingRuleResource test_terraform_path=/opt/homebrew/bin/terraform test_working_directory=/var/folders/yn/gzqxcdd94r9b63yr0c7_bs_40000gn/T/plugintest966882693 test_step_number=1
2025-06-26T20:42:54.173-0700 [DEBUG] sdk.helper_resource: Stopping providers: test_step_number=1 test_name=TestAccMappingRuleResource test_terraform_path=/opt/homebrew/bin/terraform test_working_directory=/var/folders/yn/gzqxcdd94r9b63yr0c7_bs_40000gn/T/plugintest966882693
2025-06-26T20:42:54.173-0700 [TRACE] sdk.helper_resource: Waiting for providers to stop: test_step_number=1 test_name=TestAccMappingRuleResource test_terraform_path=/opt/homebrew/bin/terraform test_working_directory=/var/folders/yn/gzqxcdd94r9b63yr0c7_bs_40000gn/T/plugintest966882693
2025-06-26T20:42:54.173-0700 [TRACE] sdk.helper_resource: Providers have successfully stopped: test_name=TestAccMappingRuleResource test_terraform_path=/opt/homebrew/bin/terraform test_working_directory=/var/folders/yn/gzqxcdd94r9b63yr0c7_bs_40000gn/T/plugintest966882693 test_step_number=1
2025-06-26T20:42:54.173-0700 [TRACE] sdk.helper_resource: Using TestCase CheckDestroy: test_working_directory=/var/folders/yn/gzqxcdd94r9b63yr0c7_bs_40000gn/T/plugintest966882693 test_step_number=1 test_name=TestAccMappingRuleResource test_terraform_path=/opt/homebrew/bin/terraform
2025-06-26T20:42:54.173-0700 [DEBUG] sdk.helper_resource: Calling TestCase CheckDestroy: test_step_number=1 test_name=TestAccMappingRuleResource test_terraform_path=/opt/homebrew/bin/terraform test_working_directory=/var/folders/yn/gzqxcdd94r9b63yr0c7_bs_40000gn/T/plugintest966882693
2025-06-26T20:42:54.184-0700 [DEBUG] sdk.helper_resource: Called TestCase CheckDestroy: test_terraform_path=/opt/homebrew/bin/terraform test_working_directory=/var/folders/yn/gzqxcdd94r9b63yr0c7_bs_40000gn/T/plugintest966882693 test_step_number=1 test_name=TestAccMappingRuleResource
--- FAIL: TestAccMappingRuleResource (0.28s)
FAIL
FAIL	github.com/keephq/terraform-provider-keep/internal/provider	0.540s
FAIL
